{"worlds": 8, "repeat": 0, "roots": 47, "host_s": 0.124015084, "frontier_us": 120138, "reference_us": 0, "error": null}
{"worlds": 8, "repeat": 1, "roots": 47, "host_s": 0.12533283299999998, "frontier_us": 121397, "reference_us": 0, "error": null}
{"worlds": 8, "repeat": 2, "roots": 47, "host_s": 0.125984875, "frontier_us": 122033, "reference_us": 0, "error": null}
{"worlds": 8, "repeat": 3, "roots": 47, "host_s": 0.12474004100000002, "frontier_us": 120661, "reference_us": 0, "error": null}
{"worlds": 40, "repeat": 0, "roots": 47, "host_s": 0.5553355000000002, "frontier_us": null, "reference_us": null, "error": "actor query cap"}
{"worlds": 40, "repeat": 1, "roots": 47, "host_s": 0.5559740830000002, "frontier_us": null, "reference_us": null, "error": "actor query cap"}
{"worlds": 40, "repeat": 2, "roots": 47, "host_s": 0.578893667, "frontier_us": null, "reference_us": null, "error": "actor query cap"}
{"worlds": 40, "repeat": 3, "roots": 47, "host_s": 0.5626377090000001, "frontier_us": null, "reference_us": null, "error": "actor query cap"}
{
  "planned": 128,
  "selected": 47,
  "partial_roots": 30,
  "panels": [
    {
      "worlds": 8,
      "roots": 47,
      "completed": 4,
      "refused": 0,
      "frontier_median_s": 0.121029,
      "reference_median_s": 0.0080565,
      "reference_over_frontier": 0.06656669062786605,
      "common_max_generation_s": 0.217716458,
      "end_to_end_common_ratio": 0.666497373375852,
      "outer_validation_median_s": 0.0001195,
      "warm_median_s": 9e-06,
      "serialization_median_s": 0.0006718539999999718,
      "parse_median_s": 9.043749999998463e-05,
      "host_median_s": 0.125036437,
      "peak_process_rss_bytes": 15368192,
      "stats": {
        "actor_demands_by_level": [
          10845
        ],
        "cache_entries": 10892,
        "cache_hits": 0,
        "cache_key_bytes": 1402448,
        "cache_lookup_us": 2533,
        "completed_actor_queries": 10845,
        "demand_grouping_us": 13836,
        "fold_us": 16303,
        "forward_us": 79640,
        "generated_actor_queries": 10845,
        "inner_worlds_by_level": [
          43380
        ],
        "native_choice_calls": 0,
        "native_choice_declared_budget_sum_by_level": [],
        "native_choice_us": 0,
        "native_core_nodes": 0,
        "native_core_pi_misses_by_level": [],
        "native_core_policy_cache_entries": 0,
        "native_core_reported_inner_worlds_by_level": [],
        "peak_counted_live_array_bytes": 2982060,
        "peak_layer_rows": 6288,
        "peak_retained_array_bytes": 2956908,
        "preparation_us": 1055,
        "public_coordinates": 1493261,
        "query_lookups": 10892,
        "raw_policy_consultations_by_level": [
          11174
        ],
        "refused_batches": 0,
        "row_edges": 1729000,
        "sample_us": 3000,
        "unique_actor_misses_by_level": [
          10845
        ]
      },
      "actual_world_generation_s": 0.059411749999999985,
      "reference_total_median_s": 0.00829,
      "reference_total_over_frontier": 0.06849598030224162,
      "frontier_standalone_median_s": 0.1258129575,
      "reference_standalone_median_s": 0.012552417999999954,
      "standalone_ratio": 0.09977047078000655,
      "end_to_end_actual_generation_ratio": 0.3885235883015226,
      "frontier_child_cpu_median_s": 0.12346449999999996,
      "reference_child_cpu_median_s": 0.010493500000000008
    },
    {
      "worlds": 40,
      "roots": 47,
      "completed": 0,
      "refused": 4
    }
  ],
  "all_complete_vectors_checked": true,
  "elapsed_s": 3.338968125,
  "scope": "Local native component throughput, pip trumps, finite frozen scenario bundles. Native production-core serial or existing four-thread root parallel or batch-recursive reference; not full phone wrapper, no strength/k complexity claim. reference_solve_us sums query solve intervals (not wall throughput for batch-reference); reference_total_us is actual reference wall interval including preparation. RSS is child high-water maximum so far; summed worker array peaks are an upper bound and exclude maps, prepared queries, caches and allocator overhead. Standalone timings alternate separate cold processes, include JSON/process/support validation and warm-lookup check on frontier; actual world-count generation separately charged over all proposed deals."
}
