{"path": "/Users/jason/code/texas-42-partnership-launch/experiments/partnership/campaigns/foundation-battery/03-refine", "seed": 720615, "paired": {"seed_delta": 0, "wins": 0, "losses": 0, "ties": 1, "a_contract_wins": 1, "b_contract_wins": 1}, "completed": 16}
{"path": "/Users/jason/code/texas-42-partnership-launch/experiments/partnership/campaigns/foundation-battery/07-worlds", "seed": 820615, "paired": {"seed_delta": -1, "wins": 0, "losses": 1, "ties": 0, "a_contract_wins": 0, "b_contract_wins": 2}, "completed": 16}
{"path": "/Users/jason/code/texas-42-partnership-launch/experiments/partnership/campaigns/foundation-battery/05-voids", "seed": 720615, "paired": {"seed_delta": 0, "wins": 0, "losses": 0, "ties": 1, "a_contract_wins": 1, "b_contract_wins": 1}, "completed": 16}
{"path": "/Users/jason/code/texas-42-partnership-launch/experiments/partnership/campaigns/foundation-battery/01-phone", "seed": 720615, "paired": {"seed_delta": 0, "wins": 0, "losses": 0, "ties": 1, "a_contract_wins": 1, "b_contract_wins": 1}, "completed": 16}
{"path": "/Users/jason/code/texas-42-partnership-launch/experiments/partnership/campaigns/foundation-battery/02-fixed", "seed": 720616, "paired": {"seed_delta": 0, "wins": 0, "losses": 0, "ties": 1, "a_contract_wins": 1, "b_contract_wins": 1}, "completed": 17}
{"path": "/Users/jason/code/texas-42-partnership-launch/experiments/partnership/campaigns/foundation-battery/08-partner-small-matched", "seed": 730600, "paired": {"seed_delta": 0, "wins": 0, "losses": 0, "ties": 1, "a_contract_wins": 1, "b_contract_wins": 1}, "completed": 1}
{"path": "/Users/jason/code/texas-42-partnership-launch/experiments/partnership/campaigns/foundation-battery/09-partner-small-anchor", "seed": 730600, "paired": {"seed_delta": 0, "wins": 0, "losses": 0, "ties": 1, "a_contract_wins": 1, "b_contract_wins": 1}, "completed": 1}
{"path": "/Users/jason/code/texas-42-partnership-launch/experiments/partnership/campaigns/foundation-battery/03-refine", "seed": 720616, "paired": {"seed_delta": 0, "wins": 0, "losses": 0, "ties": 1, "a_contract_wins": 1, "b_contract_wins": 1}, "completed": 17}
{"path": "/Users/jason/code/texas-42-partnership-launch/experiments/partnership/campaigns/foundation-battery/07-worlds", "seed": 820616, "paired": {"seed_delta": 0, "wins": 0, "losses": 0, "ties": 1, "a_contract_wins": 1, "b_contract_wins": 1}, "completed": 17}
{"path": "/Users/jason/code/texas-42-partnership-launch/experiments/partnership/campaigns/foundation-battery/10-partner-small-voids", "seed": 730600, "paired": {"seed_delta": 0, "wins": 0, "losses": 0, "ties": 1, "a_contract_wins": 1, "b_contract_wins": 1}, "completed": 1}
{"path": "/Users/jason/code/texas-42-partnership-launch/experiments/partnership/campaigns/foundation-battery/02-fixed", "seed": 720617, "paired": {"seed_delta": 0, "wins": 0, "losses": 0, "ties": 1, "a_contract_wins": 1, "b_contract_wins": 1}, "completed": 18}
{"path": "/Users/jason/code/texas-42-partnership-launch/experiments/partnership/campaigns/foundation-battery/05-voids", "seed": 720616, "paired": {"seed_delta": 0, "wins": 0, "losses": 0, "ties": 1, "a_contract_wins": 1, "b_contract_wins": 1}, "completed": 17}
{"path": "/Users/jason/code/texas-42-partnership-launch/experiments/partnership/campaigns/foundation-battery/08-partner-small-matched", "seed": 730601, "paired": {"seed_delta": 0, "wins": 0, "losses": 0, "ties": 1, "a_contract_wins": 1, "b_contract_wins": 1}, "completed": 2}
{"path": "/Users/jason/code/texas-42-partnership-launch/experiments/partnership/campaigns/foundation-battery/09-partner-small-anchor", "seed": 730601, "paired": {"seed_delta": 0, "wins": 0, "losses": 0, "ties": 1, "a_contract_wins": 1, "b_contract_wins": 1}, "completed": 2}
{"path": "/Users/jason/code/texas-42-partnership-launch/experiments/partnership/campaigns/foundation-battery/01-phone", "seed": 720616, "paired": {"seed_delta": 0, "wins": 0, "losses": 0, "ties": 1, "a_contract_wins": 1, "b_contract_wins": 1}, "completed": 17}
{"path": "/Users/jason/code/texas-42-partnership-launch/experiments/partnership/campaigns/foundation-battery/10-partner-small-voids", "seed": 730601, "paired": {"seed_delta": -1, "wins": 0, "losses": 1, "ties": 0, "a_contract_wins": 0, "b_contract_wins": 2}, "completed": 2}
{"path": "/Users/jason/code/texas-42-partnership-launch/experiments/partnership/campaigns/foundation-battery/03-refine", "seed": 720617, "paired": {"seed_delta": 0, "wins": 0, "losses": 0, "ties": 1, "a_contract_wins": 1, "b_contract_wins": 1}, "completed": 18}
{"path": "/Users/jason/code/texas-42-partnership-launch/experiments/partnership/campaigns/foundation-battery/07-worlds", "seed": 820617, "paired": {"seed_delta": 0, "wins": 0, "losses": 0, "ties": 1, "a_contract_wins": 1, "b_contract_wins": 1}, "completed": 18}
{"path": "/Users/jason/code/texas-42-partnership-launch/experiments/partnership/campaigns/foundation-battery/02-fixed", "seed": 720618, "paired": {"seed_delta": 0, "wins": 0, "losses": 0, "ties": 1, "a_contract_wins": 1, "b_contract_wins": 1}, "completed": 19}
{"path": "/Users/jason/code/texas-42-partnership-launch/experiments/partnership/campaigns/foundation-battery/07-worlds", "seed": 820618, "paired": {"seed_delta": 0, "wins": 0, "losses": 0, "ties": 1, "a_contract_wins": 1, "b_contract_wins": 1}, "completed": 19}
{"path": "/Users/jason/code/texas-42-partnership-launch/experiments/partnership/campaigns/foundation-battery/05-voids", "seed": 720617, "paired": {"seed_delta": 0, "wins": 0, "losses": 0, "ties": 1, "a_contract_wins": 1, "b_contract_wins": 1}, "completed": 18}
{"path": "/Users/jason/code/texas-42-partnership-launch/experiments/partnership/campaigns/foundation-battery/01-phone", "seed": 720617, "paired": {"seed_delta": 0, "wins": 0, "losses": 0, "ties": 1, "a_contract_wins": 1, "b_contract_wins": 1}, "completed": 18}
{"path": "/Users/jason/code/texas-42-partnership-launch/experiments/partnership/campaigns/foundation-battery/03-refine", "seed": 720618, "paired": {"seed_delta": 0, "wins": 0, "losses": 0, "ties": 1, "a_contract_wins": 1, "b_contract_wins": 1}, "completed": 19}
{"path": "/Users/jason/code/texas-42-partnership-launch/experiments/partnership/campaigns/foundation-battery/02-fixed", "seed": 720619, "paired": {"seed_delta": 0, "wins": 0, "losses": 0, "ties": 1, "a_contract_wins": 1, "b_contract_wins": 1}, "completed": 20}
{"path": "/Users/jason/code/texas-42-partnership-launch/experiments/partnership/campaigns/foundation-battery/05-voids", "seed": 720618, "paired": {"seed_delta": 0, "wins": 0, "losses": 0, "ties": 1, "a_contract_wins": 1, "b_contract_wins": 1}, "completed": 19}
{"path": "/Users/jason/code/texas-42-partnership-launch/experiments/partnership/campaigns/foundation-battery/02-fixed", "seed": 720620, "paired": {"seed_delta": 0, "wins": 0, "losses": 0, "ties": 1, "a_contract_wins": 1, "b_contract_wins": 1}, "completed": 21}
{"path": "/Users/jason/code/texas-42-partnership-launch/experiments/partnership/campaigns/foundation-battery/03-refine", "seed": 720619, "paired": {"seed_delta": 0, "wins": 0, "losses": 0, "ties": 1, "a_contract_wins": 1, "b_contract_wins": 1}, "completed": 20}
{"path": "/Users/jason/code/texas-42-partnership-launch/experiments/partnership/campaigns/foundation-battery/07-worlds", "seed": 820619, "paired": {"seed_delta": 0, "wins": 0, "losses": 0, "ties": 1, "a_contract_wins": 1, "b_contract_wins": 1}, "completed": 20}
{"path": "/Users/jason/code/texas-42-partnership-launch/experiments/partnership/campaigns/foundation-battery/03-refine", "seed": 720620, "paired": {"seed_delta": 0, "wins": 0, "losses": 0, "ties": 1, "a_contract_wins": 1, "b_contract_wins": 1}, "completed": 21}
{"path": "/Users/jason/code/texas-42-partnership-launch/experiments/partnership/campaigns/foundation-battery/07-worlds", "seed": 820620, "paired": {"seed_delta": 0, "wins": 0, "losses": 0, "ties": 1, "a_contract_wins": 1, "b_contract_wins": 1}, "completed": 21}
{"path": "/Users/jason/code/texas-42-partnership-launch/experiments/partnership/campaigns/foundation-battery/05-voids", "seed": 720619, "paired": {"seed_delta": 0, "wins": 0, "losses": 0, "ties": 1, "a_contract_wins": 1, "b_contract_wins": 1}, "completed": 20}
{"path": "/Users/jason/code/texas-42-partnership-launch/experiments/partnership/campaigns/foundation-battery/02-fixed", "seed": 720621, "paired": {"seed_delta": 0, "wins": 0, "losses": 0, "ties": 1, "a_contract_wins": 1, "b_contract_wins": 1}, "completed": 22}
{"path": "/Users/jason/code/texas-42-partnership-launch/experiments/partnership/campaigns/foundation-battery/05-voids", "seed": 720620, "paired": {"seed_delta": 0, "wins": 0, "losses": 0, "ties": 1, "a_contract_wins": 1, "b_contract_wins": 1}, "completed": 21}
{"path": "/Users/jason/code/texas-42-partnership-launch/experiments/partnership/campaigns/foundation-battery/01-phone", "seed": 720618, "paired": {"seed_delta": 0, "wins": 0, "losses": 0, "ties": 1, "a_contract_wins": 1, "b_contract_wins": 1}, "completed": 19}
{"path": "/Users/jason/code/texas-42-partnership-launch/experiments/partnership/campaigns/foundation-battery/01-phone", "seed": 720619, "paired": {"seed_delta": 0, "wins": 0, "losses": 0, "ties": 1, "a_contract_wins": 1, "b_contract_wins": 1}, "completed": 20}
{"path": "/Users/jason/code/texas-42-partnership-launch/experiments/partnership/campaigns/foundation-battery/01-phone", "seed": 720620, "paired": {"seed_delta": 0, "wins": 0, "losses": 0, "ties": 1, "a_contract_wins": 1, "b_contract_wins": 1}, "completed": 21}
{"path": "/Users/jason/code/texas-42-partnership-launch/experiments/partnership/campaigns/foundation-battery/03-refine", "seed": 720621, "paired": {"seed_delta": 0, "wins": 0, "losses": 0, "ties": 1, "a_contract_wins": 1, "b_contract_wins": 1}, "completed": 22}
{"path": "/Users/jason/code/texas-42-partnership-launch/experiments/partnership/campaigns/foundation-battery/02-fixed", "seed": 720622, "paired": {"seed_delta": 0, "wins": 0, "losses": 0, "ties": 1, "a_contract_wins": 1, "b_contract_wins": 1}, "completed": 23}
{"path": "/Users/jason/code/texas-42-partnership-launch/experiments/partnership/campaigns/foundation-battery/07-worlds", "seed": 820621, "paired": {"seed_delta": 0, "wins": 0, "losses": 0, "ties": 1, "a_contract_wins": 1, "b_contract_wins": 1}, "completed": 22}
{"path": "/Users/jason/code/texas-42-partnership-launch/experiments/partnership/campaigns/foundation-battery/05-voids", "seed": 720621, "paired": {"seed_delta": 0, "wins": 0, "losses": 0, "ties": 1, "a_contract_wins": 1, "b_contract_wins": 1}, "completed": 22}
{"path": "/Users/jason/code/texas-42-partnership-launch/experiments/partnership/campaigns/foundation-battery/01-phone", "seed": 720621, "paired": {"seed_delta": 0, "wins": 0, "losses": 0, "ties": 1, "a_contract_wins": 1, "b_contract_wins": 1}, "completed": 22}
{"path": "/Users/jason/code/texas-42-partnership-launch/experiments/partnership/campaigns/foundation-battery/07-worlds", "seed": 820622, "paired": {"seed_delta": 0, "wins": 0, "losses": 0, "ties": 1, "a_contract_wins": 1, "b_contract_wins": 1}, "completed": 23}
{"path": "/Users/jason/code/texas-42-partnership-launch/experiments/partnership/campaigns/foundation-battery/02-fixed", "seed": 720623, "paired": {"seed_delta": 0, "wins": 0, "losses": 0, "ties": 1, "a_contract_wins": 1, "b_contract_wins": 1}, "completed": 24}
{"path": "/Users/jason/code/texas-42-partnership-launch/experiments/partnership/campaigns/foundation-battery/03-refine", "seed": 720622, "paired": {"seed_delta": 0, "wins": 0, "losses": 0, "ties": 1, "a_contract_wins": 1, "b_contract_wins": 1}, "completed": 23}
{"path": "/Users/jason/code/texas-42-partnership-launch/experiments/partnership/campaigns/foundation-battery/03-refine", "seed": 720623, "paired": {"seed_delta": 0, "wins": 0, "losses": 0, "ties": 1, "a_contract_wins": 1, "b_contract_wins": 1}, "completed": 24}
{"path": "/Users/jason/code/texas-42-partnership-launch/experiments/partnership/campaigns/foundation-battery/02-fixed", "seed": 720624, "paired": {"seed_delta": 0, "wins": 0, "losses": 0, "ties": 1, "a_contract_wins": 1, "b_contract_wins": 1}, "completed": 25}
{"path": "/Users/jason/code/texas-42-partnership-launch/experiments/partnership/campaigns/foundation-battery/01-phone", "seed": 720622, "paired": {"seed_delta": 1, "wins": 1, "losses": 0, "ties": 0, "a_contract_wins": 2, "b_contract_wins": 0}, "completed": 23}
{"path": "/Users/jason/code/texas-42-partnership-launch/experiments/partnership/campaigns/foundation-battery/07-worlds", "seed": 820623, "paired": {"seed_delta": 0, "wins": 0, "losses": 0, "ties": 1, "a_contract_wins": 1, "b_contract_wins": 1}, "completed": 24}
{"path": "/Users/jason/code/texas-42-partnership-launch/experiments/partnership/campaigns/foundation-battery/05-voids", "seed": 720622, "paired": {"seed_delta": -1, "wins": 0, "losses": 1, "ties": 0, "a_contract_wins": 0, "b_contract_wins": 2}, "completed": 23}
{"path": "/Users/jason/code/texas-42-partnership-launch/experiments/partnership/campaigns/foundation-battery/01-phone", "seed": 720623, "paired": {"seed_delta": 0, "wins": 0, "losses": 0, "ties": 1, "a_contract_wins": 1, "b_contract_wins": 1}, "completed": 24}
{"path": "/Users/jason/code/texas-42-partnership-launch/experiments/partnership/campaigns/foundation-battery/05-voids", "seed": 720623, "paired": {"seed_delta": 0, "wins": 0, "losses": 0, "ties": 1, "a_contract_wins": 1, "b_contract_wins": 1}, "completed": 24}
{"path": "/Users/jason/code/texas-42-partnership-launch/experiments/partnership/campaigns/foundation-battery/03-refine", "seed": 720624, "paired": {"seed_delta": 0, "wins": 0, "losses": 0, "ties": 1, "a_contract_wins": 1, "b_contract_wins": 1}, "completed": 25}
{"path": "/Users/jason/code/texas-42-partnership-launch/experiments/partnership/campaigns/foundation-battery/07-worlds", "seed": 820624, "paired": {"seed_delta": 0, "wins": 0, "losses": 0, "ties": 1, "a_contract_wins": 1, "b_contract_wins": 1}, "completed": 25}
{"path": "/Users/jason/code/texas-42-partnership-launch/experiments/partnership/campaigns/foundation-battery/01-phone", "seed": 720624, "paired": {"seed_delta": 0, "wins": 0, "losses": 0, "ties": 1, "a_contract_wins": 1, "b_contract_wins": 1}, "completed": 25}
{"path": "/Users/jason/code/texas-42-partnership-launch/experiments/partnership/campaigns/foundation-battery/05-voids", "seed": 720624, "paired": {"seed_delta": 1, "wins": 1, "losses": 0, "ties": 0, "a_contract_wins": 2, "b_contract_wins": 0}, "completed": 25}
{"path": "/Users/jason/code/texas-42-partnership-launch/experiments/partnership/campaigns/foundation-battery/02-fixed", "seed": 720625, "paired": {"seed_delta": 0, "wins": 0, "losses": 0, "ties": 1, "a_contract_wins": 1, "b_contract_wins": 1}, "completed": 26}
{"path": "/Users/jason/code/texas-42-partnership-launch/experiments/partnership/campaigns/foundation-battery/02-fixed", "seed": 720626, "paired": {"seed_delta": 0, "wins": 0, "losses": 0, "ties": 1, "a_contract_wins": 1, "b_contract_wins": 1}, "completed": 27}
{"path": "/Users/jason/code/texas-42-partnership-launch/experiments/partnership/campaigns/foundation-battery/07-worlds", "seed": 820625, "paired": {"seed_delta": 0, "wins": 0, "losses": 0, "ties": 1, "a_contract_wins": 1, "b_contract_wins": 1}, "completed": 26}
{"path": "/Users/jason/code/texas-42-partnership-launch/experiments/partnership/campaigns/foundation-battery/03-refine", "seed": 720625, "paired": {"seed_delta": 0, "wins": 0, "losses": 0, "ties": 1, "a_contract_wins": 1, "b_contract_wins": 1}, "completed": 26}
{"path": "/Users/jason/code/texas-42-partnership-launch/experiments/partnership/campaigns/foundation-battery/03-refine", "seed": 720626, "paired": {"seed_delta": 0, "wins": 0, "losses": 0, "ties": 1, "a_contract_wins": 1, "b_contract_wins": 1}, "completed": 27}
{"path": "/Users/jason/code/texas-42-partnership-launch/experiments/partnership/campaigns/foundation-battery/05-voids", "seed": 720625, "paired": {"seed_delta": 0, "wins": 0, "losses": 0, "ties": 1, "a_contract_wins": 1, "b_contract_wins": 1}, "completed": 26}
{"path": "/Users/jason/code/texas-42-partnership-launch/experiments/partnership/campaigns/foundation-battery/07-worlds", "seed": 820626, "paired": {"seed_delta": 0, "wins": 0, "losses": 0, "ties": 1, "a_contract_wins": 1, "b_contract_wins": 1}, "completed": 27}
{"path": "/Users/jason/code/texas-42-partnership-launch/experiments/partnership/campaigns/foundation-battery/02-fixed", "seed": 720627, "paired": {"seed_delta": 0, "wins": 0, "losses": 0, "ties": 1, "a_contract_wins": 1, "b_contract_wins": 1}, "completed": 28}
{"path": "/Users/jason/code/texas-42-partnership-launch/experiments/partnership/campaigns/foundation-battery/05-voids", "seed": 720626, "paired": {"seed_delta": 0, "wins": 0, "losses": 0, "ties": 1, "a_contract_wins": 1, "b_contract_wins": 1}, "completed": 27}
{"path": "/Users/jason/code/texas-42-partnership-launch/experiments/partnership/campaigns/foundation-battery/02-fixed", "seed": 720628, "paired": {"seed_delta": 0, "wins": 0, "losses": 0, "ties": 1, "a_contract_wins": 1, "b_contract_wins": 1}, "completed": 29}
{"path": "/Users/jason/code/texas-42-partnership-launch/experiments/partnership/campaigns/foundation-battery/01-phone", "seed": 720625, "paired": {"seed_delta": 0, "wins": 0, "losses": 0, "ties": 1, "a_contract_wins": 1, "b_contract_wins": 1}, "completed": 26}
{"path": "/Users/jason/code/texas-42-partnership-launch/experiments/partnership/campaigns/foundation-battery/01-phone", "seed": 720626, "paired": {"seed_delta": 0, "wins": 0, "losses": 0, "ties": 1, "a_contract_wins": 1, "b_contract_wins": 1}, "completed": 27}
{"path": "/Users/jason/code/texas-42-partnership-launch/experiments/partnership/campaigns/foundation-battery/07-worlds", "seed": 820627, "paired": {"seed_delta": 0, "wins": 0, "losses": 0, "ties": 1, "a_contract_wins": 1, "b_contract_wins": 1}, "completed": 28}
{"path": "/Users/jason/code/texas-42-partnership-launch/experiments/partnership/campaigns/foundation-battery/03-refine", "seed": 720627, "paired": {"seed_delta": -1, "wins": 0, "losses": 1, "ties": 0, "a_contract_wins": 0, "b_contract_wins": 2}, "completed": 28}
{"path": "/Users/jason/code/texas-42-partnership-launch/experiments/partnership/campaigns/foundation-battery/03-refine", "seed": 720628, "paired": {"seed_delta": 0, "wins": 0, "losses": 0, "ties": 1, "a_contract_wins": 1, "b_contract_wins": 1}, "completed": 29}
{"path": "/Users/jason/code/texas-42-partnership-launch/experiments/partnership/campaigns/foundation-battery/02-fixed", "seed": 720629, "paired": {"seed_delta": 0, "wins": 0, "losses": 0, "ties": 1, "a_contract_wins": 1, "b_contract_wins": 1}, "completed": 30}
{"path": "/Users/jason/code/texas-42-partnership-launch/experiments/partnership/campaigns/foundation-battery/01-phone", "seed": 720627, "paired": {"seed_delta": 0, "wins": 0, "losses": 0, "ties": 1, "a_contract_wins": 1, "b_contract_wins": 1}, "completed": 28}
{"path": "/Users/jason/code/texas-42-partnership-launch/experiments/partnership/campaigns/foundation-battery/05-voids", "seed": 720627, "paired": {"seed_delta": 1, "wins": 1, "losses": 0, "ties": 0, "a_contract_wins": 2, "b_contract_wins": 0}, "completed": 28}
{"path": "/Users/jason/code/texas-42-partnership-launch/experiments/partnership/campaigns/foundation-battery/07-worlds", "seed": 820628, "paired": {"seed_delta": 0, "wins": 0, "losses": 0, "ties": 1, "a_contract_wins": 1, "b_contract_wins": 1}, "completed": 29}
{"path": "/Users/jason/code/texas-42-partnership-launch/experiments/partnership/campaigns/foundation-battery/01-phone", "seed": 720628, "paired": {"seed_delta": 0, "wins": 0, "losses": 0, "ties": 1, "a_contract_wins": 1, "b_contract_wins": 1}, "completed": 29}
{"path": "/Users/jason/code/texas-42-partnership-launch/experiments/partnership/campaigns/foundation-battery/02-fixed", "seed": 720630, "paired": {"seed_delta": -1, "wins": 0, "losses": 1, "ties": 0, "a_contract_wins": 0, "b_contract_wins": 2}, "completed": 31}
{"path": "/Users/jason/code/texas-42-partnership-launch/experiments/partnership/campaigns/foundation-battery/05-voids", "seed": 720628, "paired": {"seed_delta": 1, "wins": 1, "losses": 0, "ties": 0, "a_contract_wins": 2, "b_contract_wins": 0}, "completed": 29}
{"path": "/Users/jason/code/texas-42-partnership-launch/experiments/partnership/campaigns/foundation-battery/03-refine", "seed": 720629, "paired": {"seed_delta": 0, "wins": 0, "losses": 0, "ties": 1, "a_contract_wins": 1, "b_contract_wins": 1}, "completed": 30}
{"path": "/Users/jason/code/texas-42-partnership-launch/experiments/partnership/campaigns/foundation-battery/07-worlds", "seed": 820629, "paired": {"seed_delta": 0, "wins": 0, "losses": 0, "ties": 1, "a_contract_wins": 1, "b_contract_wins": 1}, "completed": 30}
{"path": "/Users/jason/code/texas-42-partnership-launch/experiments/partnership/campaigns/foundation-battery/03-refine", "seed": 720630, "paired": {"seed_delta": 1, "wins": 1, "losses": 0, "ties": 0, "a_contract_wins": 2, "b_contract_wins": 0}, "completed": 31}
{"path": "/Users/jason/code/texas-42-partnership-launch/experiments/partnership/campaigns/foundation-battery/05-voids", "seed": 720629, "paired": {"seed_delta": 0, "wins": 0, "losses": 0, "ties": 1, "a_contract_wins": 1, "b_contract_wins": 1}, "completed": 30}
{"path": "/Users/jason/code/texas-42-partnership-launch/experiments/partnership/campaigns/foundation-battery/01-phone", "seed": 720629, "paired": {"seed_delta": 0, "wins": 0, "losses": 0, "ties": 1, "a_contract_wins": 1, "b_contract_wins": 1}, "completed": 30}
{"path": "/Users/jason/code/texas-42-partnership-launch/experiments/partnership/campaigns/foundation-battery/02-fixed", "seed": 720631, "paired": {"seed_delta": 0, "wins": 0, "losses": 0, "ties": 1, "a_contract_wins": 1, "b_contract_wins": 1}, "completed": 32}
{"path": "/Users/jason/code/texas-42-partnership-launch/experiments/partnership/campaigns/foundation-battery/01-phone", "seed": 720630, "paired": {"seed_delta": 0, "wins": 0, "losses": 0, "ties": 1, "a_contract_wins": 1, "b_contract_wins": 1}, "completed": 31}
{"path": "/Users/jason/code/texas-42-partnership-launch/experiments/partnership/campaigns/foundation-battery/07-worlds", "seed": 820630, "paired": {"seed_delta": 1, "wins": 1, "losses": 0, "ties": 0, "a_contract_wins": 2, "b_contract_wins": 0}, "completed": 31}
{"path": "/Users/jason/code/texas-42-partnership-launch/experiments/partnership/campaigns/foundation-battery/05-voids", "seed": 720630, "paired": {"seed_delta": 0, "wins": 0, "losses": 0, "ties": 1, "a_contract_wins": 1, "b_contract_wins": 1}, "completed": 31}
{"path": "/Users/jason/code/texas-42-partnership-launch/experiments/partnership/campaigns/foundation-battery/03-refine", "seed": 720631, "paired": {"seed_delta": 0, "wins": 0, "losses": 0, "ties": 1, "a_contract_wins": 1, "b_contract_wins": 1}, "completed": 32}
{"path": "/Users/jason/code/texas-42-partnership-launch/experiments/partnership/campaigns/foundation-battery/07-worlds", "seed": 820631, "paired": {"seed_delta": 0, "wins": 0, "losses": 0, "ties": 1, "a_contract_wins": 1, "b_contract_wins": 1}, "completed": 32}
{"path": "/Users/jason/code/texas-42-partnership-launch/experiments/partnership/campaigns/foundation-battery/02-fixed", "seed": 720632, "paired": {"seed_delta": 0, "wins": 0, "losses": 0, "ties": 1, "a_contract_wins": 1, "b_contract_wins": 1}, "completed": 33}
{"path": "/Users/jason/code/texas-42-partnership-launch/experiments/partnership/campaigns/foundation-battery/01-phone", "seed": 720631, "paired": {"seed_delta": 0, "wins": 0, "losses": 0, "ties": 1, "a_contract_wins": 1, "b_contract_wins": 1}, "completed": 32}
{"path": "/Users/jason/code/texas-42-partnership-launch/experiments/partnership/campaigns/foundation-battery/05-voids", "seed": 720631, "paired": {"seed_delta": 0, "wins": 0, "losses": 0, "ties": 1, "a_contract_wins": 1, "b_contract_wins": 1}, "completed": 32}
{"path": "/Users/jason/code/texas-42-partnership-launch/experiments/partnership/campaigns/foundation-battery/02-fixed", "seed": 720633, "paired": {"seed_delta": 0, "wins": 0, "losses": 0, "ties": 1, "a_contract_wins": 1, "b_contract_wins": 1}, "completed": 34}
{"path": "/Users/jason/code/texas-42-partnership-launch/experiments/partnership/campaigns/foundation-battery/03-refine", "seed": 720632, "paired": {"seed_delta": 0, "wins": 0, "losses": 0, "ties": 1, "a_contract_wins": 1, "b_contract_wins": 1}, "completed": 33}
{"path": "/Users/jason/code/texas-42-partnership-launch/experiments/partnership/campaigns/foundation-battery/07-worlds", "seed": 820632, "paired": {"seed_delta": 0, "wins": 0, "losses": 0, "ties": 1, "a_contract_wins": 1, "b_contract_wins": 1}, "completed": 33}
{"path": "/Users/jason/code/texas-42-partnership-launch/experiments/partnership/campaigns/foundation-battery/01-phone", "seed": 720632, "paired": {"seed_delta": 0, "wins": 0, "losses": 0, "ties": 1, "a_contract_wins": 1, "b_contract_wins": 1}, "completed": 33}
{"path": "/Users/jason/code/texas-42-partnership-launch/experiments/partnership/campaigns/foundation-battery/03-refine", "seed": 720633, "paired": {"seed_delta": 0, "wins": 0, "losses": 0, "ties": 1, "a_contract_wins": 1, "b_contract_wins": 1}, "completed": 34}
{"path": "/Users/jason/code/texas-42-partnership-launch/experiments/partnership/campaigns/foundation-battery/07-worlds", "seed": 820633, "paired": {"seed_delta": -1, "wins": 0, "losses": 1, "ties": 0, "a_contract_wins": 0, "b_contract_wins": 2}, "completed": 34}
{"id": "pool-c1187dc1-6432-4c7f-a496-19f5d0b79545", "started_utc": "2026-09-06T23:51:27.343084+00:00", "status": "slice-complete", "workers": 10, "seconds": 270, "retries": 2, "paths": ["/Users/jason/code/texas-42-partnership-launch/experiments/partnership/campaigns/foundation-battery/01-phone", "/Users/jason/code/texas-42-partnership-launch/experiments/partnership/campaigns/foundation-battery/02-fixed", "/Users/jason/code/texas-42-partnership-launch/experiments/partnership/campaigns/foundation-battery/03-refine", "/Users/jason/code/texas-42-partnership-launch/experiments/partnership/campaigns/foundation-battery/04-partner", "/Users/jason/code/texas-42-partnership-launch/experiments/partnership/campaigns/foundation-battery/05-voids", "/Users/jason/code/texas-42-partnership-launch/experiments/partnership/campaigns/foundation-battery/06-partner-voids", "/Users/jason/code/texas-42-partnership-launch/experiments/partnership/campaigns/foundation-battery/07-worlds", "/Users/jason/code/texas-42-partnership-launch/experiments/partnership/campaigns/foundation-battery/08-partner-small-matched", "/Users/jason/code/texas-42-partnership-launch/experiments/partnership/campaigns/foundation-battery/09-partner-small-anchor", "/Users/jason/code/texas-42-partnership-launch/experiments/partnership/campaigns/foundation-battery/10-partner-small-voids"], "scheduler_sha256": "7d34094f3971b00119ff8aaedbd0950e832eb3692bc8989656affff06ada4857", "committed": {"/Users/jason/code/texas-42-partnership-launch/experiments/partnership/campaigns/foundation-battery/01-phone": [720615, 720616, 720617, 720618, 720619, 720620, 720621, 720622, 720623, 720624, 720625, 720626, 720627, 720628, 720629, 720630, 720631, 720632], "/Users/jason/code/texas-42-partnership-launch/experiments/partnership/campaigns/foundation-battery/02-fixed": [720616, 720617, 720618, 720619, 720620, 720621, 720622, 720623, 720624, 720625, 720626, 720627, 720628, 720629, 720630, 720631, 720632, 720633], "/Users/jason/code/texas-42-partnership-launch/experiments/partnership/campaigns/foundation-battery/03-refine": [720615, 720616, 720617, 720618, 720619, 720620, 720621, 720622, 720623, 720624, 720625, 720626, 720627, 720628, 720629, 720630, 720631, 720632, 720633], "/Users/jason/code/texas-42-partnership-launch/experiments/partnership/campaigns/foundation-battery/04-partner": [], "/Users/jason/code/texas-42-partnership-launch/experiments/partnership/campaigns/foundation-battery/05-voids": [720615, 720616, 720617, 720618, 720619, 720620, 720621, 720622, 720623, 720624, 720625, 720626, 720627, 720628, 720629, 720630, 720631], "/Users/jason/code/texas-42-partnership-launch/experiments/partnership/campaigns/foundation-battery/06-partner-voids": [], "/Users/jason/code/texas-42-partnership-launch/experiments/partnership/campaigns/foundation-battery/07-worlds": [820615, 820616, 820617, 820618, 820619, 820620, 820621, 820622, 820623, 820624, 820625, 820626, 820627, 820628, 820629, 820630, 820631, 820632, 820633], "/Users/jason/code/texas-42-partnership-launch/experiments/partnership/campaigns/foundation-battery/08-partner-small-matched": [730600, 730601], "/Users/jason/code/texas-42-partnership-launch/experiments/partnership/campaigns/foundation-battery/09-partner-small-anchor": [730600, 730601], "/Users/jason/code/texas-42-partnership-launch/experiments/partnership/campaigns/foundation-battery/10-partner-small-voids": [730600, 730601]}, "attempts": 206, "peak_active_games": 10, "elapsed_seconds": 273.36230591599997, "finished_utc": "2026-09-06T23:56:00.711394+00:00"}
