{
  "planned": 144,
  "eligible": 84,
  "completed": 84,
  "certified": 1,
  "statuses": {
    "completed": 84,
    "excluded_before_probe": 60
  },
  "same_choice": 59,
  "all_action_bounds_checked": true,
  "elapsed_seconds": 0.812920583,
  "total_cheap_us": 166269,
  "total_certificate_us": 156114,
  "total_target_us": 286855,
  "certified_cheap_plus_certificate_us": 126,
  "certified_target_us": 65,
  "faster_certified": 0,
  "caveat": "Native kernel timing, random-legal conditional positions; not phone head-to-head strength or phone-device speed. Fresh target comparison. No shared-target-cache fallback optimization."
}
