{"worlds": 8, "repeat": 0, "roots": 47, "host_s": 0.0060839159999999115, "frontier_us": 1724, "reference_us": 0, "error": null}
{"worlds": 8, "repeat": 1, "roots": 47, "host_s": 0.0051997500000000585, "frontier_us": 1621, "reference_us": 0, "error": null}
{"worlds": 40, "repeat": 0, "roots": 47, "host_s": 0.013521250000000151, "frontier_us": 6152, "reference_us": 0, "error": null}
{"worlds": 40, "repeat": 1, "roots": 47, "host_s": 0.013137583000000008, "frontier_us": 6351, "reference_us": 0, "error": null}
{"worlds": 128, "repeat": 0, "roots": 47, "host_s": 0.03263779099999997, "frontier_us": 16686, "reference_us": 0, "error": null}
{"worlds": 128, "repeat": 1, "roots": 47, "host_s": 0.031362917000000046, "frontier_us": 15813, "reference_us": 0, "error": null}
{
  "planned": 128,
  "selected": 47,
  "partial_roots": 30,
  "panels": [
    {
      "worlds": 8,
      "roots": 47,
      "completed": 2,
      "refused": 0,
      "frontier_median_s": 0.0016725,
      "reference_median_s": 0.06737899999999997,
      "reference_over_frontier": 40.286397608370685,
      "common_max_generation_s": 0.627780708,
      "end_to_end_common_ratio": 1.10438663138881,
      "outer_validation_median_s": 0.000131,
      "warm_median_s": 3.65e-05,
      "serialization_median_s": 0.0006232915000000117,
      "parse_median_s": 0.00013535399999997644,
      "host_median_s": 0.005641832999999985,
      "peak_process_rss_bytes": 5324800,
      "stats": {
        "actor_demands_by_level": [],
        "cache_entries": 47,
        "cache_hits": 0,
        "cache_key_bytes": 67920,
        "cache_lookup_us": 175,
        "completed_actor_queries": 0,
        "demand_grouping_us": 199,
        "fold_us": 1013,
        "forward_us": 3426,
        "generated_actor_queries": 0,
        "inner_worlds_by_level": [],
        "native_choice_calls": 0,
        "native_choice_declared_budget_sum_by_level": [],
        "native_choice_us": 0,
        "native_core_nodes": 0,
        "native_core_pi_misses_by_level": [],
        "native_core_policy_cache_entries": 0,
        "native_core_reported_inner_worlds_by_level": [],
        "peak_counted_live_array_bytes": 557212,
        "peak_layer_rows": 1172,
        "peak_retained_array_bytes": 557212,
        "preparation_us": 76,
        "public_coordinates": 39382,
        "query_lookups": 47,
        "raw_policy_consultations_by_level": [],
        "refused_batches": 0,
        "row_edges": 43269,
        "sample_us": 0,
        "unique_actor_misses_by_level": []
      },
      "actual_world_generation_s": 0.05942758399999992
    },
    {
      "worlds": 40,
      "roots": 47,
      "completed": 2,
      "refused": 0,
      "frontier_median_s": 0.0062515,
      "reference_median_s": 0.3290471669999999,
      "reference_over_frontier": 52.634914340558254,
      "common_max_generation_s": 0.627780708,
      "end_to_end_common_ratio": 1.5091155668861542,
      "outer_validation_median_s": 0.0003305,
      "warm_median_s": 4.5e-05,
      "serialization_median_s": 0.002225437500000038,
      "parse_median_s": 0.0001225205000000562,
      "host_median_s": 0.01332941650000008,
      "peak_process_rss_bytes": 10125312,
      "stats": {
        "actor_demands_by_level": [],
        "cache_entries": 47,
        "cache_hits": 0,
        "cache_key_bytes": 306512,
        "cache_lookup_us": 414,
        "completed_actor_queries": 0,
        "demand_grouping_us": 1445,
        "fold_us": 3161,
        "forward_us": 16187,
        "generated_actor_queries": 0,
        "inner_worlds_by_level": [],
        "native_choice_calls": 0,
        "native_choice_declared_budget_sum_by_level": [],
        "native_choice_us": 0,
        "native_core_nodes": 0,
        "native_core_pi_misses_by_level": [],
        "native_core_policy_cache_entries": 0,
        "native_core_reported_inner_worlds_by_level": [],
        "peak_counted_live_array_bytes": 2657837,
        "peak_layer_rows": 5632,
        "peak_retained_array_bytes": 2657837,
        "preparation_us": 83,
        "public_coordinates": 184024,
        "query_lookups": 47,
        "raw_policy_consultations_by_level": [],
        "refused_batches": 0,
        "row_edges": 214753,
        "sample_us": 0,
        "unique_actor_misses_by_level": []
      },
      "actual_world_generation_s": 0.21837704199999997
    },
    {
      "worlds": 128,
      "roots": 47,
      "completed": 2,
      "refused": 0,
      "frontier_median_s": 0.0162495,
      "reference_median_s": 0.993998333,
      "reference_over_frontier": 61.171010369549826,
      "common_max_generation_s": 0.627780708,
      "end_to_end_common_ratio": 2.5181723168488395,
      "outer_validation_median_s": 0.0008645,
      "warm_median_s": 8.4e-05,
      "serialization_median_s": 0.006284979000000135,
      "parse_median_s": 0.0001334795000000888,
      "host_median_s": 0.03200035400000001,
      "peak_process_rss_bytes": 19087360,
      "stats": {
        "actor_demands_by_level": [],
        "cache_entries": 47,
        "cache_hits": 0,
        "cache_key_bytes": 962640,
        "cache_lookup_us": 976,
        "completed_actor_queries": 0,
        "demand_grouping_us": 4606,
        "fold_us": 7492,
        "forward_us": 36472,
        "generated_actor_queries": 0,
        "inner_worlds_by_level": [],
        "native_choice_calls": 0,
        "native_choice_declared_budget_sum_by_level": [],
        "native_choice_us": 0,
        "native_core_nodes": 0,
        "native_core_pi_misses_by_level": [],
        "native_core_policy_cache_entries": 0,
        "native_core_reported_inner_worlds_by_level": [],
        "peak_counted_live_array_bytes": 8161019,
        "peak_layer_rows": 17488,
        "peak_retained_array_bytes": 8161019,
        "preparation_us": 108,
        "public_coordinates": 546796,
        "query_lookups": 47,
        "raw_policy_consultations_by_level": [],
        "refused_batches": 0,
        "row_edges": 679122,
        "sample_us": 0,
        "unique_actor_misses_by_level": []
      },
      "actual_world_generation_s": 0.6477831249999999
    }
  ],
  "all_complete_vectors_checked": true,
  "elapsed_s": 2.453286833,
  "scope": "Local native component throughput, pip trumps, finite frozen scenario bundles. Native production-core serial or existing four-thread root parallel or batch-recursive reference; not full phone wrapper, no strength/k complexity claim. reference_solve_us sums query solve intervals (not wall throughput for batch-reference); reference_total_us is actual reference wall interval including preparation. RSS is child high-water maximum so far; summed worker array peaks are an upper bound and exclude maps, prepared queries, caches and allocator overhead. Standalone timings alternate separate cold processes, include JSON/process/support validation and warm-lookup check on frontier; actual world-count generation separately charged over all proposed deals."
}
