{"path": "/Users/jason/code/texas-42-partnership-launch/experiments/partnership/campaigns/default-partner-battery/01-level", "seed": 750600, "paired": {"seed_delta": 0, "wins": 0, "losses": 0, "ties": 1, "a_contract_wins": 1, "b_contract_wins": 1}, "completed": 1}
{"path": "/Users/jason/code/texas-42-partnership-launch/experiments/partnership/campaigns/default-partner-battery/01-level", "seed": 750601, "paired": {"seed_delta": 1, "wins": 1, "losses": 0, "ties": 0, "a_contract_wins": 2, "b_contract_wins": 0}, "completed": 2}
{"path": "/Users/jason/code/texas-42-partnership-launch/experiments/partnership/campaigns/default-partner-battery/01-level", "seed": 750602, "paired": {"seed_delta": 1, "wins": 1, "losses": 0, "ties": 0, "a_contract_wins": 2, "b_contract_wins": 0}, "completed": 3}
{"path": "/Users/jason/code/texas-42-partnership-launch/experiments/partnership/campaigns/default-partner-battery/02-voids", "seed": 750600, "paired": {"seed_delta": 0, "wins": 0, "losses": 0, "ties": 1, "a_contract_wins": 1, "b_contract_wins": 1}, "completed": 1}
{"path": "/Users/jason/code/texas-42-partnership-launch/experiments/partnership/campaigns/default-partner-battery/02-voids", "seed": 750601, "paired": {"seed_delta": 0, "wins": 0, "losses": 0, "ties": 1, "a_contract_wins": 1, "b_contract_wins": 1}, "completed": 2}
{"path": "/Users/jason/code/texas-42-partnership-launch/experiments/partnership/campaigns/default-partner-battery/02-voids", "seed": 750602, "paired": {"seed_delta": 0, "wins": 0, "losses": 0, "ties": 1, "a_contract_wins": 1, "b_contract_wins": 1}, "completed": 3}
{"path": "/Users/jason/code/texas-42-partnership-launch/experiments/partnership/campaigns/default-partner-battery/01-level", "seed": 750603, "paired": {"seed_delta": 0, "wins": 0, "losses": 0, "ties": 1, "a_contract_wins": 1, "b_contract_wins": 1}, "completed": 4}
{"path": "/Users/jason/code/texas-42-partnership-launch/experiments/partnership/campaigns/default-partner-battery/01-level", "seed": 750604, "paired": {"seed_delta": 0, "wins": 0, "losses": 0, "ties": 1, "a_contract_wins": 1, "b_contract_wins": 1}, "completed": 5}
{"path": "/Users/jason/code/texas-42-partnership-launch/experiments/partnership/campaigns/default-partner-battery/01-level", "seed": 750605, "paired": {"seed_delta": 0, "wins": 0, "losses": 0, "ties": 1, "a_contract_wins": 1, "b_contract_wins": 1}, "completed": 6}
{"path": "/Users/jason/code/texas-42-partnership-launch/experiments/partnership/campaigns/default-partner-battery/01-level", "seed": 750606, "paired": {"seed_delta": -1, "wins": 0, "losses": 1, "ties": 0, "a_contract_wins": 0, "b_contract_wins": 2}, "completed": 7}
{"path": "/Users/jason/code/texas-42-partnership-launch/experiments/partnership/campaigns/default-partner-battery/02-voids", "seed": 750603, "paired": {"seed_delta": 0, "wins": 0, "losses": 0, "ties": 1, "a_contract_wins": 1, "b_contract_wins": 1}, "completed": 4}
{"path": "/Users/jason/code/texas-42-partnership-launch/experiments/partnership/campaigns/default-partner-battery/02-voids", "seed": 750604, "paired": {"seed_delta": 0, "wins": 0, "losses": 0, "ties": 1, "a_contract_wins": 1, "b_contract_wins": 1}, "completed": 5}
{"path": "/Users/jason/code/texas-42-partnership-launch/experiments/partnership/campaigns/default-partner-battery/01-level", "seed": 750607, "paired": {"seed_delta": 0, "wins": 0, "losses": 0, "ties": 1, "a_contract_wins": 1, "b_contract_wins": 1}, "completed": 8}
{"path": "/Users/jason/code/texas-42-partnership-launch/experiments/partnership/campaigns/default-partner-battery/02-voids", "seed": 750605, "paired": {"seed_delta": 0, "wins": 0, "losses": 0, "ties": 1, "a_contract_wins": 1, "b_contract_wins": 1}, "completed": 6}
{"path": "/Users/jason/code/texas-42-partnership-launch/experiments/partnership/campaigns/default-partner-battery/02-voids", "seed": 750606, "paired": {"seed_delta": 1, "wins": 1, "losses": 0, "ties": 0, "a_contract_wins": 2, "b_contract_wins": 0}, "completed": 7}
{"path": "/Users/jason/code/texas-42-partnership-launch/experiments/partnership/campaigns/default-partner-battery/02-voids", "seed": 750607, "paired": {"seed_delta": 0, "wins": 0, "losses": 0, "ties": 1, "a_contract_wins": 1, "b_contract_wins": 1}, "completed": 8}
{"path": "/Users/jason/code/texas-42-partnership-launch/experiments/partnership/campaigns/default-partner-battery/01-level", "seed": 750608, "paired": {"seed_delta": 0, "wins": 0, "losses": 0, "ties": 1, "a_contract_wins": 1, "b_contract_wins": 1}, "completed": 9}
{"path": "/Users/jason/code/texas-42-partnership-launch/experiments/partnership/campaigns/default-partner-battery/01-level", "seed": 750609, "paired": {"seed_delta": 0, "wins": 0, "losses": 0, "ties": 1, "a_contract_wins": 1, "b_contract_wins": 1}, "completed": 10}
{"path": "/Users/jason/code/texas-42-partnership-launch/experiments/partnership/campaigns/default-partner-battery/01-level", "seed": 750610, "paired": {"seed_delta": 1, "wins": 1, "losses": 0, "ties": 0, "a_contract_wins": 2, "b_contract_wins": 0}, "completed": 11}
{"path": "/Users/jason/code/texas-42-partnership-launch/experiments/partnership/campaigns/default-partner-battery/02-voids", "seed": 750608, "paired": {"seed_delta": 0, "wins": 0, "losses": 0, "ties": 1, "a_contract_wins": 1, "b_contract_wins": 1}, "completed": 9}
{"path": "/Users/jason/code/texas-42-partnership-launch/experiments/partnership/campaigns/default-partner-battery/02-voids", "seed": 750609, "paired": {"seed_delta": 0, "wins": 0, "losses": 0, "ties": 1, "a_contract_wins": 1, "b_contract_wins": 1}, "completed": 10}
{"path": "/Users/jason/code/texas-42-partnership-launch/experiments/partnership/campaigns/default-partner-battery/02-voids", "seed": 750610, "paired": {"seed_delta": -1, "wins": 0, "losses": 1, "ties": 0, "a_contract_wins": 0, "b_contract_wins": 2}, "completed": 11}
{"path": "/Users/jason/code/texas-42-partnership-launch/experiments/partnership/campaigns/default-partner-battery/01-level", "seed": 750611, "paired": {"seed_delta": -1, "wins": 0, "losses": 1, "ties": 0, "a_contract_wins": 0, "b_contract_wins": 2}, "completed": 12}
{"path": "/Users/jason/code/texas-42-partnership-launch/experiments/partnership/campaigns/default-partner-battery/02-voids", "seed": 750611, "paired": {"seed_delta": -1, "wins": 0, "losses": 1, "ties": 0, "a_contract_wins": 0, "b_contract_wins": 2}, "completed": 12}
{"path": "/Users/jason/code/texas-42-partnership-launch/experiments/partnership/campaigns/default-partner-battery/01-level", "seed": 750612, "paired": {"seed_delta": 0, "wins": 0, "losses": 0, "ties": 1, "a_contract_wins": 1, "b_contract_wins": 1}, "completed": 13}
{"path": "/Users/jason/code/texas-42-partnership-launch/experiments/partnership/campaigns/default-partner-battery/01-level", "seed": 750613, "paired": {"seed_delta": 0, "wins": 0, "losses": 0, "ties": 1, "a_contract_wins": 1, "b_contract_wins": 1}, "completed": 14}
{"path": "/Users/jason/code/texas-42-partnership-launch/experiments/partnership/campaigns/default-partner-battery/01-level", "seed": 750614, "paired": {"seed_delta": 0, "wins": 0, "losses": 0, "ties": 1, "a_contract_wins": 1, "b_contract_wins": 1}, "completed": 15}
{"path": "/Users/jason/code/texas-42-partnership-launch/experiments/partnership/campaigns/default-partner-battery/01-level", "seed": 750615, "paired": {"seed_delta": -1, "wins": 0, "losses": 1, "ties": 0, "a_contract_wins": 0, "b_contract_wins": 2}, "completed": 16}
{"path": "/Users/jason/code/texas-42-partnership-launch/experiments/partnership/campaigns/default-partner-battery/01-level", "seed": 750616, "paired": {"seed_delta": 0, "wins": 0, "losses": 0, "ties": 1, "a_contract_wins": 1, "b_contract_wins": 1}, "completed": 17}
{"path": "/Users/jason/code/texas-42-partnership-launch/experiments/partnership/campaigns/default-partner-battery/02-voids", "seed": 750612, "paired": {"seed_delta": 0, "wins": 0, "losses": 0, "ties": 1, "a_contract_wins": 1, "b_contract_wins": 1}, "completed": 13}
{"path": "/Users/jason/code/texas-42-partnership-launch/experiments/partnership/campaigns/default-partner-battery/02-voids", "seed": 750613, "paired": {"seed_delta": -1, "wins": 0, "losses": 1, "ties": 0, "a_contract_wins": 0, "b_contract_wins": 2}, "completed": 14}
{"path": "/Users/jason/code/texas-42-partnership-launch/experiments/partnership/campaigns/default-partner-battery/02-voids", "seed": 750614, "paired": {"seed_delta": 0, "wins": 0, "losses": 0, "ties": 1, "a_contract_wins": 1, "b_contract_wins": 1}, "completed": 15}
{"path": "/Users/jason/code/texas-42-partnership-launch/experiments/partnership/campaigns/default-partner-battery/01-level", "seed": 750617, "paired": {"seed_delta": 0, "wins": 0, "losses": 0, "ties": 1, "a_contract_wins": 1, "b_contract_wins": 1}, "completed": 18}
{"path": "/Users/jason/code/texas-42-partnership-launch/experiments/partnership/campaigns/default-partner-battery/01-level", "seed": 750618, "paired": {"seed_delta": 1, "wins": 1, "losses": 0, "ties": 0, "a_contract_wins": 2, "b_contract_wins": 0}, "completed": 19}
{"path": "/Users/jason/code/texas-42-partnership-launch/experiments/partnership/campaigns/default-partner-battery/02-voids", "seed": 750615, "paired": {"seed_delta": -1, "wins": 0, "losses": 1, "ties": 0, "a_contract_wins": 0, "b_contract_wins": 2}, "completed": 16}
{"path": "/Users/jason/code/texas-42-partnership-launch/experiments/partnership/campaigns/default-partner-battery/02-voids", "seed": 750616, "paired": {"seed_delta": 0, "wins": 0, "losses": 0, "ties": 1, "a_contract_wins": 1, "b_contract_wins": 1}, "completed": 17}
{"path": "/Users/jason/code/texas-42-partnership-launch/experiments/partnership/campaigns/default-partner-battery/02-voids", "seed": 750617, "paired": {"seed_delta": 0, "wins": 0, "losses": 0, "ties": 1, "a_contract_wins": 1, "b_contract_wins": 1}, "completed": 18}
{"path": "/Users/jason/code/texas-42-partnership-launch/experiments/partnership/campaigns/default-partner-battery/01-level", "seed": 750619, "paired": {"seed_delta": 0, "wins": 0, "losses": 0, "ties": 1, "a_contract_wins": 1, "b_contract_wins": 1}, "completed": 20}
{"path": "/Users/jason/code/texas-42-partnership-launch/experiments/partnership/campaigns/default-partner-battery/02-voids", "seed": 750618, "paired": {"seed_delta": -1, "wins": 0, "losses": 1, "ties": 0, "a_contract_wins": 0, "b_contract_wins": 2}, "completed": 19}
{"path": "/Users/jason/code/texas-42-partnership-launch/experiments/partnership/campaigns/default-partner-battery/01-level", "seed": 750620, "paired": {"seed_delta": 0, "wins": 0, "losses": 0, "ties": 1, "a_contract_wins": 1, "b_contract_wins": 1}, "completed": 21}
{"path": "/Users/jason/code/texas-42-partnership-launch/experiments/partnership/campaigns/default-partner-battery/01-level", "seed": 750621, "paired": {"seed_delta": -1, "wins": 0, "losses": 1, "ties": 0, "a_contract_wins": 0, "b_contract_wins": 2}, "completed": 22}
{"path": "/Users/jason/code/texas-42-partnership-launch/experiments/partnership/campaigns/default-partner-battery/02-voids", "seed": 750619, "paired": {"seed_delta": 0, "wins": 0, "losses": 0, "ties": 1, "a_contract_wins": 1, "b_contract_wins": 1}, "completed": 20}
{"path": "/Users/jason/code/texas-42-partnership-launch/experiments/partnership/campaigns/default-partner-battery/02-voids", "seed": 750620, "paired": {"seed_delta": 0, "wins": 0, "losses": 0, "ties": 1, "a_contract_wins": 1, "b_contract_wins": 1}, "completed": 21}
{"path": "/Users/jason/code/texas-42-partnership-launch/experiments/partnership/campaigns/default-partner-battery/02-voids", "seed": 750621, "paired": {"seed_delta": 0, "wins": 0, "losses": 0, "ties": 1, "a_contract_wins": 1, "b_contract_wins": 1}, "completed": 22}
{"path": "/Users/jason/code/texas-42-partnership-launch/experiments/partnership/campaigns/default-partner-battery/01-level", "seed": 750622, "paired": {"seed_delta": 0, "wins": 0, "losses": 0, "ties": 1, "a_contract_wins": 1, "b_contract_wins": 1}, "completed": 23}
{"path": "/Users/jason/code/texas-42-partnership-launch/experiments/partnership/campaigns/default-partner-battery/01-level", "seed": 750623, "paired": {"seed_delta": 0, "wins": 0, "losses": 0, "ties": 1, "a_contract_wins": 1, "b_contract_wins": 1}, "completed": 24}
{"path": "/Users/jason/code/texas-42-partnership-launch/experiments/partnership/campaigns/default-partner-battery/01-level", "seed": 750624, "paired": {"seed_delta": 0, "wins": 0, "losses": 0, "ties": 1, "a_contract_wins": 1, "b_contract_wins": 1}, "completed": 25}
{"id": "pool-ddf42291-b3e7-4ca4-8199-8ac73a6c531d", "started_utc": "2026-09-07T00:45:35.696846+00:00", "status": "slice-complete", "workers": 10, "seconds": 270, "retries": 2, "paths": ["/Users/jason/code/texas-42-partnership-launch/experiments/partnership/campaigns/default-partner-battery/01-level", "/Users/jason/code/texas-42-partnership-launch/experiments/partnership/campaigns/default-partner-battery/02-voids"], "scheduler_sha256": "7d34094f3971b00119ff8aaedbd0950e832eb3692bc8989656affff06ada4857", "committed": {"/Users/jason/code/texas-42-partnership-launch/experiments/partnership/campaigns/default-partner-battery/01-level": [750600, 750601, 750602, 750603, 750604, 750605, 750606, 750607, 750608, 750609, 750610, 750611, 750612, 750613, 750614, 750615, 750616, 750617, 750618, 750619, 750620, 750621, 750622, 750623, 750624], "/Users/jason/code/texas-42-partnership-launch/experiments/partnership/campaigns/default-partner-battery/02-voids": [750600, 750601, 750602, 750603, 750604, 750605, 750606, 750607, 750608, 750609, 750610, 750611, 750612, 750613, 750614, 750615, 750616, 750617, 750618, 750619, 750620, 750621]}, "attempts": 104, "peak_active_games": 10, "elapsed_seconds": 274.14043525, "finished_utc": "2026-09-07T00:50:09.838660+00:00"}
