{"path": "/Users/jason/code/texas-42-partnership-launch/experiments/partnership/campaigns/foundation-battery/02-fixed", "seed": 720600, "paired": {"seed_delta": 0, "wins": 0, "losses": 0, "ties": 1, "a_contract_wins": 1, "b_contract_wins": 1}, "completed": 1}
{"path": "/Users/jason/code/texas-42-partnership-launch/experiments/partnership/campaigns/foundation-battery/03-refine", "seed": 720600, "paired": {"seed_delta": 0, "wins": 0, "losses": 0, "ties": 1, "a_contract_wins": 1, "b_contract_wins": 1}, "completed": 1}
{"path": "/Users/jason/code/texas-42-partnership-launch/experiments/partnership/campaigns/foundation-battery/01-phone", "seed": 720600, "paired": {"seed_delta": 0, "wins": 0, "losses": 0, "ties": 1, "a_contract_wins": 1, "b_contract_wins": 1}, "completed": 1}
{"path": "/Users/jason/code/texas-42-partnership-launch/experiments/partnership/campaigns/foundation-battery/05-voids", "seed": 720600, "paired": {"seed_delta": -1, "wins": 0, "losses": 1, "ties": 0, "a_contract_wins": 0, "b_contract_wins": 2}, "completed": 1}
{"path": "/Users/jason/code/texas-42-partnership-launch/experiments/partnership/campaigns/foundation-battery/07-worlds", "seed": 820600, "paired": {"seed_delta": 0, "wins": 0, "losses": 0, "ties": 1, "a_contract_wins": 1, "b_contract_wins": 1}, "completed": 1}
{"path": "/Users/jason/code/texas-42-partnership-launch/experiments/partnership/campaigns/foundation-battery/02-fixed", "seed": 720601, "paired": {"seed_delta": 0, "wins": 0, "losses": 0, "ties": 1, "a_contract_wins": 1, "b_contract_wins": 1}, "completed": 2}
{"path": "/Users/jason/code/texas-42-partnership-launch/experiments/partnership/campaigns/foundation-battery/03-refine", "seed": 720601, "paired": {"seed_delta": 0, "wins": 0, "losses": 0, "ties": 1, "a_contract_wins": 1, "b_contract_wins": 1}, "completed": 2}
{"path": "/Users/jason/code/texas-42-partnership-launch/experiments/partnership/campaigns/foundation-battery/01-phone", "seed": 720601, "paired": {"seed_delta": -1, "wins": 0, "losses": 1, "ties": 0, "a_contract_wins": 0, "b_contract_wins": 2}, "completed": 2}
{"path": "/Users/jason/code/texas-42-partnership-launch/experiments/partnership/campaigns/foundation-battery/05-voids", "seed": 720601, "paired": {"seed_delta": 1, "wins": 1, "losses": 0, "ties": 0, "a_contract_wins": 2, "b_contract_wins": 0}, "completed": 2}
{"path": "/Users/jason/code/texas-42-partnership-launch/experiments/partnership/campaigns/foundation-battery/04-partner", "seed": 720600, "paired": {"seed_delta": 1, "wins": 1, "losses": 0, "ties": 0, "a_contract_wins": 2, "b_contract_wins": 0}, "completed": 1}
{"path": "/Users/jason/code/texas-42-partnership-launch/experiments/partnership/campaigns/foundation-battery/07-worlds", "seed": 820601, "paired": {"seed_delta": 0, "wins": 0, "losses": 0, "ties": 1, "a_contract_wins": 1, "b_contract_wins": 1}, "completed": 2}
{"path": "/Users/jason/code/texas-42-partnership-launch/experiments/partnership/campaigns/foundation-battery/06-partner-voids", "seed": 720600, "paired": {"seed_delta": 0, "wins": 0, "losses": 0, "ties": 1, "a_contract_wins": 1, "b_contract_wins": 1}, "completed": 1}
{"path": "/Users/jason/code/texas-42-partnership-launch/experiments/partnership/campaigns/foundation-battery/02-fixed", "seed": 720602, "paired": {"seed_delta": 1, "wins": 1, "losses": 0, "ties": 0, "a_contract_wins": 2, "b_contract_wins": 0}, "completed": 3}
{"path": "/Users/jason/code/texas-42-partnership-launch/experiments/partnership/campaigns/foundation-battery/03-refine", "seed": 720602, "paired": {"seed_delta": 0, "wins": 0, "losses": 0, "ties": 1, "a_contract_wins": 1, "b_contract_wins": 1}, "completed": 3}
{"path": "/Users/jason/code/texas-42-partnership-launch/experiments/partnership/campaigns/foundation-battery/01-phone", "seed": 720602, "paired": {"seed_delta": 0, "wins": 0, "losses": 0, "ties": 1, "a_contract_wins": 1, "b_contract_wins": 1}, "completed": 3}
{"path": "/Users/jason/code/texas-42-partnership-launch/experiments/partnership/campaigns/foundation-battery/07-worlds", "seed": 820602, "paired": {"seed_delta": 0, "wins": 0, "losses": 0, "ties": 1, "a_contract_wins": 1, "b_contract_wins": 1}, "completed": 3}
{"path": "/Users/jason/code/texas-42-partnership-launch/experiments/partnership/campaigns/foundation-battery/05-voids", "seed": 720602, "paired": {"seed_delta": 0, "wins": 0, "losses": 0, "ties": 1, "a_contract_wins": 1, "b_contract_wins": 1}, "completed": 3}
{"path": "/Users/jason/code/texas-42-partnership-launch/experiments/partnership/campaigns/foundation-battery/04-partner", "seed": 720601, "paired": {"seed_delta": 0, "wins": 0, "losses": 0, "ties": 1, "a_contract_wins": 1, "b_contract_wins": 1}, "completed": 2}
{"path": "/Users/jason/code/texas-42-partnership-launch/experiments/partnership/campaigns/foundation-battery/06-partner-voids", "seed": 720601, "paired": {"seed_delta": 1, "wins": 1, "losses": 0, "ties": 0, "a_contract_wins": 2, "b_contract_wins": 0}, "completed": 2}
{"path": "/Users/jason/code/texas-42-partnership-launch/experiments/partnership/campaigns/foundation-battery/01-phone", "seed": 720603, "paired": {"seed_delta": 0, "wins": 0, "losses": 0, "ties": 1, "a_contract_wins": 1, "b_contract_wins": 1}, "completed": 4}
{"path": "/Users/jason/code/texas-42-partnership-launch/experiments/partnership/campaigns/foundation-battery/03-refine", "seed": 720603, "paired": {"seed_delta": 0, "wins": 0, "losses": 0, "ties": 1, "a_contract_wins": 1, "b_contract_wins": 1}, "completed": 4}
{"path": "/Users/jason/code/texas-42-partnership-launch/experiments/partnership/campaigns/foundation-battery/02-fixed", "seed": 720603, "paired": {"seed_delta": 0, "wins": 0, "losses": 0, "ties": 1, "a_contract_wins": 1, "b_contract_wins": 1}, "completed": 4}
{"path": "/Users/jason/code/texas-42-partnership-launch/experiments/partnership/campaigns/foundation-battery/07-worlds", "seed": 820603, "paired": {"seed_delta": 0, "wins": 0, "losses": 0, "ties": 1, "a_contract_wins": 1, "b_contract_wins": 1}, "completed": 4}
{"path": "/Users/jason/code/texas-42-partnership-launch/experiments/partnership/campaigns/foundation-battery/02-fixed", "seed": 720604, "paired": {"seed_delta": -1, "wins": 0, "losses": 1, "ties": 0, "a_contract_wins": 0, "b_contract_wins": 2}, "completed": 5}
{"path": "/Users/jason/code/texas-42-partnership-launch/experiments/partnership/campaigns/foundation-battery/03-refine", "seed": 720604, "paired": {"seed_delta": 1, "wins": 1, "losses": 0, "ties": 0, "a_contract_wins": 2, "b_contract_wins": 0}, "completed": 5}
{"path": "/Users/jason/code/texas-42-partnership-launch/experiments/partnership/campaigns/foundation-battery/05-voids", "seed": 720603, "paired": {"seed_delta": 0, "wins": 0, "losses": 0, "ties": 1, "a_contract_wins": 1, "b_contract_wins": 1}, "completed": 4}
{"path": "/Users/jason/code/texas-42-partnership-launch/experiments/partnership/campaigns/foundation-battery/05-voids", "seed": 720604, "paired": {"seed_delta": 0, "wins": 0, "losses": 0, "ties": 1, "a_contract_wins": 1, "b_contract_wins": 1}, "completed": 5}
{"path": "/Users/jason/code/texas-42-partnership-launch/experiments/partnership/campaigns/foundation-battery/07-worlds", "seed": 820604, "paired": {"seed_delta": -1, "wins": 0, "losses": 1, "ties": 0, "a_contract_wins": 0, "b_contract_wins": 2}, "completed": 5}
{"path": "/Users/jason/code/texas-42-partnership-launch/experiments/partnership/campaigns/foundation-battery/01-phone", "seed": 720604, "paired": {"seed_delta": 0, "wins": 0, "losses": 0, "ties": 1, "a_contract_wins": 1, "b_contract_wins": 1}, "completed": 5}
{"path": "/Users/jason/code/texas-42-partnership-launch/experiments/partnership/campaigns/foundation-battery/02-fixed", "seed": 720605, "paired": {"seed_delta": 0, "wins": 0, "losses": 0, "ties": 1, "a_contract_wins": 1, "b_contract_wins": 1}, "completed": 6}
{"path": "/Users/jason/code/texas-42-partnership-launch/experiments/partnership/campaigns/foundation-battery/07-worlds", "seed": 820605, "paired": {"seed_delta": 1, "wins": 1, "losses": 0, "ties": 0, "a_contract_wins": 2, "b_contract_wins": 0}, "completed": 6}
{"path": "/Users/jason/code/texas-42-partnership-launch/experiments/partnership/campaigns/foundation-battery/03-refine", "seed": 720605, "paired": {"seed_delta": 0, "wins": 0, "losses": 0, "ties": 1, "a_contract_wins": 1, "b_contract_wins": 1}, "completed": 6}
{"path": "/Users/jason/code/texas-42-partnership-launch/experiments/partnership/campaigns/foundation-battery/05-voids", "seed": 720605, "paired": {"seed_delta": 0, "wins": 0, "losses": 0, "ties": 1, "a_contract_wins": 1, "b_contract_wins": 1}, "completed": 6}
{"path": "/Users/jason/code/texas-42-partnership-launch/experiments/partnership/campaigns/foundation-battery/01-phone", "seed": 720605, "paired": {"seed_delta": 1, "wins": 1, "losses": 0, "ties": 0, "a_contract_wins": 2, "b_contract_wins": 0}, "completed": 6}
{"path": "/Users/jason/code/texas-42-partnership-launch/experiments/partnership/campaigns/foundation-battery/02-fixed", "seed": 720606, "paired": {"seed_delta": 1, "wins": 1, "losses": 0, "ties": 0, "a_contract_wins": 2, "b_contract_wins": 0}, "completed": 7}
{"path": "/Users/jason/code/texas-42-partnership-launch/experiments/partnership/campaigns/foundation-battery/07-worlds", "seed": 820606, "paired": {"seed_delta": 0, "wins": 0, "losses": 0, "ties": 1, "a_contract_wins": 1, "b_contract_wins": 1}, "completed": 7}
{"path": "/Users/jason/code/texas-42-partnership-launch/experiments/partnership/campaigns/foundation-battery/03-refine", "seed": 720606, "paired": {"seed_delta": 0, "wins": 0, "losses": 0, "ties": 1, "a_contract_wins": 1, "b_contract_wins": 1}, "completed": 7}
{"path": "/Users/jason/code/texas-42-partnership-launch/experiments/partnership/campaigns/foundation-battery/05-voids", "seed": 720606, "paired": {"seed_delta": 0, "wins": 0, "losses": 0, "ties": 1, "a_contract_wins": 1, "b_contract_wins": 1}, "completed": 7}
{"path": "/Users/jason/code/texas-42-partnership-launch/experiments/partnership/campaigns/foundation-battery/01-phone", "seed": 720606, "paired": {"seed_delta": 0, "wins": 0, "losses": 0, "ties": 1, "a_contract_wins": 1, "b_contract_wins": 1}, "completed": 7}
{"path": "/Users/jason/code/texas-42-partnership-launch/experiments/partnership/campaigns/foundation-battery/02-fixed", "seed": 720607, "paired": {"seed_delta": 0, "wins": 0, "losses": 0, "ties": 1, "a_contract_wins": 1, "b_contract_wins": 1}, "completed": 8}
{"path": "/Users/jason/code/texas-42-partnership-launch/experiments/partnership/campaigns/foundation-battery/07-worlds", "seed": 820607, "paired": {"seed_delta": -1, "wins": 0, "losses": 1, "ties": 0, "a_contract_wins": 0, "b_contract_wins": 2}, "completed": 8}
{"path": "/Users/jason/code/texas-42-partnership-launch/experiments/partnership/campaigns/foundation-battery/03-refine", "seed": 720607, "paired": {"seed_delta": 0, "wins": 0, "losses": 0, "ties": 1, "a_contract_wins": 1, "b_contract_wins": 1}, "completed": 8}
{"path": "/Users/jason/code/texas-42-partnership-launch/experiments/partnership/campaigns/foundation-battery/01-phone", "seed": 720607, "paired": {"seed_delta": 1, "wins": 1, "losses": 0, "ties": 0, "a_contract_wins": 2, "b_contract_wins": 0}, "completed": 8}
{"path": "/Users/jason/code/texas-42-partnership-launch/experiments/partnership/campaigns/foundation-battery/05-voids", "seed": 720607, "paired": {"seed_delta": 0, "wins": 0, "losses": 0, "ties": 1, "a_contract_wins": 1, "b_contract_wins": 1}, "completed": 8}
{"path": "/Users/jason/code/texas-42-partnership-launch/experiments/partnership/campaigns/foundation-battery/02-fixed", "seed": 720608, "paired": {"seed_delta": 0, "wins": 0, "losses": 0, "ties": 1, "a_contract_wins": 1, "b_contract_wins": 1}, "completed": 9}
{"path": "/Users/jason/code/texas-42-partnership-launch/experiments/partnership/campaigns/foundation-battery/03-refine", "seed": 720608, "paired": {"seed_delta": 0, "wins": 0, "losses": 0, "ties": 1, "a_contract_wins": 1, "b_contract_wins": 1}, "completed": 9}
{"path": "/Users/jason/code/texas-42-partnership-launch/experiments/partnership/campaigns/foundation-battery/02-fixed", "seed": 720609, "paired": {"seed_delta": 0, "wins": 0, "losses": 0, "ties": 1, "a_contract_wins": 1, "b_contract_wins": 1}, "completed": 10}
{"path": "/Users/jason/code/texas-42-partnership-launch/experiments/partnership/campaigns/foundation-battery/07-worlds", "seed": 820608, "paired": {"seed_delta": 0, "wins": 0, "losses": 0, "ties": 1, "a_contract_wins": 1, "b_contract_wins": 1}, "completed": 9}
{"path": "/Users/jason/code/texas-42-partnership-launch/experiments/partnership/campaigns/foundation-battery/03-refine", "seed": 720609, "paired": {"seed_delta": 0, "wins": 0, "losses": 0, "ties": 1, "a_contract_wins": 1, "b_contract_wins": 1}, "completed": 10}
{"path": "/Users/jason/code/texas-42-partnership-launch/experiments/partnership/campaigns/foundation-battery/05-voids", "seed": 720608, "paired": {"seed_delta": 0, "wins": 0, "losses": 0, "ties": 1, "a_contract_wins": 1, "b_contract_wins": 1}, "completed": 9}
{"path": "/Users/jason/code/texas-42-partnership-launch/experiments/partnership/campaigns/foundation-battery/05-voids", "seed": 720609, "paired": {"seed_delta": 0, "wins": 0, "losses": 0, "ties": 1, "a_contract_wins": 1, "b_contract_wins": 1}, "completed": 10}
{"path": "/Users/jason/code/texas-42-partnership-launch/experiments/partnership/campaigns/foundation-battery/07-worlds", "seed": 820609, "paired": {"seed_delta": 0, "wins": 0, "losses": 0, "ties": 1, "a_contract_wins": 1, "b_contract_wins": 1}, "completed": 10}
{"path": "/Users/jason/code/texas-42-partnership-launch/experiments/partnership/campaigns/foundation-battery/01-phone", "seed": 720608, "paired": {"seed_delta": 0, "wins": 0, "losses": 0, "ties": 1, "a_contract_wins": 1, "b_contract_wins": 1}, "completed": 9}
{"path": "/Users/jason/code/texas-42-partnership-launch/experiments/partnership/campaigns/foundation-battery/01-phone", "seed": 720609, "paired": {"seed_delta": 0, "wins": 0, "losses": 0, "ties": 1, "a_contract_wins": 1, "b_contract_wins": 1}, "completed": 10}
{"path": "/Users/jason/code/texas-42-partnership-launch/experiments/partnership/campaigns/foundation-battery/03-refine", "seed": 720610, "paired": {"seed_delta": 0, "wins": 0, "losses": 0, "ties": 1, "a_contract_wins": 1, "b_contract_wins": 1}, "completed": 11}
{"path": "/Users/jason/code/texas-42-partnership-launch/experiments/partnership/campaigns/foundation-battery/02-fixed", "seed": 720610, "paired": {"seed_delta": 0, "wins": 0, "losses": 0, "ties": 1, "a_contract_wins": 1, "b_contract_wins": 1}, "completed": 11}
{"path": "/Users/jason/code/texas-42-partnership-launch/experiments/partnership/campaigns/foundation-battery/07-worlds", "seed": 820610, "paired": {"seed_delta": 0, "wins": 0, "losses": 0, "ties": 1, "a_contract_wins": 1, "b_contract_wins": 1}, "completed": 11}
{"path": "/Users/jason/code/texas-42-partnership-launch/experiments/partnership/campaigns/foundation-battery/05-voids", "seed": 720610, "paired": {"seed_delta": 0, "wins": 0, "losses": 0, "ties": 1, "a_contract_wins": 1, "b_contract_wins": 1}, "completed": 11}
{"path": "/Users/jason/code/texas-42-partnership-launch/experiments/partnership/campaigns/foundation-battery/01-phone", "seed": 720610, "paired": {"seed_delta": 0, "wins": 0, "losses": 0, "ties": 1, "a_contract_wins": 1, "b_contract_wins": 1}, "completed": 11}
{"path": "/Users/jason/code/texas-42-partnership-launch/experiments/partnership/campaigns/foundation-battery/03-refine", "seed": 720611, "paired": {"seed_delta": -1, "wins": 0, "losses": 1, "ties": 0, "a_contract_wins": 0, "b_contract_wins": 2}, "completed": 12}
{"path": "/Users/jason/code/texas-42-partnership-launch/experiments/partnership/campaigns/foundation-battery/02-fixed", "seed": 720611, "paired": {"seed_delta": 1, "wins": 1, "losses": 0, "ties": 0, "a_contract_wins": 2, "b_contract_wins": 0}, "completed": 12}
{"path": "/Users/jason/code/texas-42-partnership-launch/experiments/partnership/campaigns/foundation-battery/05-voids", "seed": 720611, "paired": {"seed_delta": 0, "wins": 0, "losses": 0, "ties": 1, "a_contract_wins": 1, "b_contract_wins": 1}, "completed": 12}
{"path": "/Users/jason/code/texas-42-partnership-launch/experiments/partnership/campaigns/foundation-battery/01-phone", "seed": 720611, "paired": {"seed_delta": 0, "wins": 0, "losses": 0, "ties": 1, "a_contract_wins": 1, "b_contract_wins": 1}, "completed": 12}
{"path": "/Users/jason/code/texas-42-partnership-launch/experiments/partnership/campaigns/foundation-battery/07-worlds", "seed": 820611, "paired": {"seed_delta": 0, "wins": 0, "losses": 0, "ties": 1, "a_contract_wins": 1, "b_contract_wins": 1}, "completed": 12}
{"path": "/Users/jason/code/texas-42-partnership-launch/experiments/partnership/campaigns/foundation-battery/02-fixed", "seed": 720612, "paired": {"seed_delta": 0, "wins": 0, "losses": 0, "ties": 1, "a_contract_wins": 1, "b_contract_wins": 1}, "completed": 13}
{"path": "/Users/jason/code/texas-42-partnership-launch/experiments/partnership/campaigns/foundation-battery/02-fixed", "seed": 720613, "paired": {"seed_delta": -1, "wins": 0, "losses": 1, "ties": 0, "a_contract_wins": 0, "b_contract_wins": 2}, "completed": 14}
{"path": "/Users/jason/code/texas-42-partnership-launch/experiments/partnership/campaigns/foundation-battery/01-phone", "seed": 720612, "paired": {"seed_delta": 0, "wins": 0, "losses": 0, "ties": 1, "a_contract_wins": 1, "b_contract_wins": 1}, "completed": 13}
{"path": "/Users/jason/code/texas-42-partnership-launch/experiments/partnership/campaigns/foundation-battery/05-voids", "seed": 720612, "paired": {"seed_delta": 1, "wins": 1, "losses": 0, "ties": 0, "a_contract_wins": 2, "b_contract_wins": 0}, "completed": 13}
{"path": "/Users/jason/code/texas-42-partnership-launch/experiments/partnership/campaigns/foundation-battery/07-worlds", "seed": 820612, "paired": {"seed_delta": 0, "wins": 0, "losses": 0, "ties": 1, "a_contract_wins": 1, "b_contract_wins": 1}, "completed": 13}
{"path": "/Users/jason/code/texas-42-partnership-launch/experiments/partnership/campaigns/foundation-battery/03-refine", "seed": 720612, "paired": {"seed_delta": 0, "wins": 0, "losses": 0, "ties": 1, "a_contract_wins": 1, "b_contract_wins": 1}, "completed": 13}
{"path": "/Users/jason/code/texas-42-partnership-launch/experiments/partnership/campaigns/foundation-battery/03-refine", "seed": 720613, "paired": {"seed_delta": 0, "wins": 0, "losses": 0, "ties": 1, "a_contract_wins": 1, "b_contract_wins": 1}, "completed": 14}
{"path": "/Users/jason/code/texas-42-partnership-launch/experiments/partnership/campaigns/foundation-battery/05-voids", "seed": 720613, "paired": {"seed_delta": 0, "wins": 0, "losses": 0, "ties": 1, "a_contract_wins": 1, "b_contract_wins": 1}, "completed": 14}
{"path": "/Users/jason/code/texas-42-partnership-launch/experiments/partnership/campaigns/foundation-battery/01-phone", "seed": 720613, "paired": {"seed_delta": 0, "wins": 0, "losses": 0, "ties": 1, "a_contract_wins": 1, "b_contract_wins": 1}, "completed": 14}
{"path": "/Users/jason/code/texas-42-partnership-launch/experiments/partnership/campaigns/foundation-battery/02-fixed", "seed": 720614, "paired": {"seed_delta": 0, "wins": 0, "losses": 0, "ties": 1, "a_contract_wins": 1, "b_contract_wins": 1}, "completed": 15}
{"path": "/Users/jason/code/texas-42-partnership-launch/experiments/partnership/campaigns/foundation-battery/07-worlds", "seed": 820613, "paired": {"seed_delta": 1, "wins": 1, "losses": 0, "ties": 0, "a_contract_wins": 2, "b_contract_wins": 0}, "completed": 14}
{"path": "/Users/jason/code/texas-42-partnership-launch/experiments/partnership/campaigns/foundation-battery/03-refine", "seed": 720614, "paired": {"seed_delta": 0, "wins": 0, "losses": 0, "ties": 1, "a_contract_wins": 1, "b_contract_wins": 1}, "completed": 15}
{"path": "/Users/jason/code/texas-42-partnership-launch/experiments/partnership/campaigns/foundation-battery/05-voids", "seed": 720614, "paired": {"seed_delta": 0, "wins": 0, "losses": 0, "ties": 1, "a_contract_wins": 1, "b_contract_wins": 1}, "completed": 15}
{"path": "/Users/jason/code/texas-42-partnership-launch/experiments/partnership/campaigns/foundation-battery/01-phone", "seed": 720614, "paired": {"seed_delta": 0, "wins": 0, "losses": 0, "ties": 1, "a_contract_wins": 1, "b_contract_wins": 1}, "completed": 15}
{"path": "/Users/jason/code/texas-42-partnership-launch/experiments/partnership/campaigns/foundation-battery/07-worlds", "seed": 820614, "paired": {"seed_delta": -1, "wins": 0, "losses": 1, "ties": 0, "a_contract_wins": 0, "b_contract_wins": 2}, "completed": 15}
{"path": "/Users/jason/code/texas-42-partnership-launch/experiments/partnership/campaigns/foundation-battery/02-fixed", "seed": 720615, "paired": {"seed_delta": 0, "wins": 0, "losses": 0, "ties": 1, "a_contract_wins": 1, "b_contract_wins": 1}, "completed": 16}
{"id": "pool-4f6221ac-0be5-4986-a12a-1ce17284bd55", "started_utc": "2026-09-06T23:44:47.144950+00:00", "status": "slice-complete", "workers": 10, "seconds": 270, "retries": 2, "paths": ["/Users/jason/code/texas-42-partnership-launch/experiments/partnership/campaigns/foundation-battery/01-phone", "/Users/jason/code/texas-42-partnership-launch/experiments/partnership/campaigns/foundation-battery/02-fixed", "/Users/jason/code/texas-42-partnership-launch/experiments/partnership/campaigns/foundation-battery/03-refine", "/Users/jason/code/texas-42-partnership-launch/experiments/partnership/campaigns/foundation-battery/04-partner", "/Users/jason/code/texas-42-partnership-launch/experiments/partnership/campaigns/foundation-battery/05-voids", "/Users/jason/code/texas-42-partnership-launch/experiments/partnership/campaigns/foundation-battery/06-partner-voids", "/Users/jason/code/texas-42-partnership-launch/experiments/partnership/campaigns/foundation-battery/07-worlds"], "scheduler_sha256": "7d34094f3971b00119ff8aaedbd0950e832eb3692bc8989656affff06ada4857", "committed": {"/Users/jason/code/texas-42-partnership-launch/experiments/partnership/campaigns/foundation-battery/01-phone": [720600, 720601, 720602, 720603, 720604, 720605, 720606, 720607, 720608, 720609, 720610, 720611, 720612, 720613, 720614], "/Users/jason/code/texas-42-partnership-launch/experiments/partnership/campaigns/foundation-battery/02-fixed": [720600, 720601, 720602, 720603, 720604, 720605, 720606, 720607, 720608, 720609, 720610, 720611, 720612, 720613, 720614, 720615], "/Users/jason/code/texas-42-partnership-launch/experiments/partnership/campaigns/foundation-battery/03-refine": [720600, 720601, 720602, 720603, 720604, 720605, 720606, 720607, 720608, 720609, 720610, 720611, 720612, 720613, 720614], "/Users/jason/code/texas-42-partnership-launch/experiments/partnership/campaigns/foundation-battery/04-partner": [720600, 720601], "/Users/jason/code/texas-42-partnership-launch/experiments/partnership/campaigns/foundation-battery/05-voids": [720600, 720601, 720602, 720603, 720604, 720605, 720606, 720607, 720608, 720609, 720610, 720611, 720612, 720613, 720614], "/Users/jason/code/texas-42-partnership-launch/experiments/partnership/campaigns/foundation-battery/06-partner-voids": [720600, 720601], "/Users/jason/code/texas-42-partnership-launch/experiments/partnership/campaigns/foundation-battery/07-worlds": [820600, 820601, 820602, 820603, 820604, 820605, 820606, 820607, 820608, 820609, 820610, 820611, 820612, 820613, 820614]}, "attempts": 178, "peak_active_games": 10, "elapsed_seconds": 273.711582584, "finished_utc": "2026-09-06T23:49:20.854124+00:00"}
