{"path": "/Users/jason/code/texas-42-partnership-launch/experiments/partnership/campaigns/worlds-520600-699", "seed": 520640, "paired": {"declaring_delta": 0, "defending_delta": 0, "wins": 0, "losses": 0, "ties": 2, "seed_delta": 0}, "completed": 41}
{"path": "/Users/jason/code/texas-42-partnership-launch/experiments/partnership/campaigns/worlds-520600-699", "seed": 520641, "paired": {"declaring_delta": 0, "defending_delta": 0, "wins": 0, "losses": 0, "ties": 2, "seed_delta": 0}, "completed": 42}
{"path": "/Users/jason/code/texas-42-partnership-launch/experiments/partnership/campaigns/worlds-520600-699", "seed": 520642, "paired": {"declaring_delta": 0, "defending_delta": 1, "wins": 1, "losses": 0, "ties": 1, "seed_delta": 1}, "completed": 43}
{"path": "/Users/jason/code/texas-42-partnership-launch/experiments/partnership/campaigns/worlds-520600-699", "seed": 520643, "paired": {"declaring_delta": 1, "defending_delta": -1, "wins": 1, "losses": 1, "ties": 0, "seed_delta": 0}, "completed": 44}
{"path": "/Users/jason/code/texas-42-partnership-launch/experiments/partnership/campaigns/worlds-520600-699", "seed": 520644, "paired": {"declaring_delta": 0, "defending_delta": 0, "wins": 0, "losses": 0, "ties": 2, "seed_delta": 0}, "completed": 45}
{"path": "/Users/jason/code/texas-42-partnership-launch/experiments/partnership/campaigns/worlds-520600-699", "seed": 520645, "paired": {"declaring_delta": 1, "defending_delta": -1, "wins": 1, "losses": 1, "ties": 0, "seed_delta": 0}, "completed": 46}
{"path": "/Users/jason/code/texas-42-partnership-launch/experiments/partnership/campaigns/worlds-520600-699", "seed": 520646, "paired": {"declaring_delta": 1, "defending_delta": 0, "wins": 1, "losses": 0, "ties": 1, "seed_delta": 1}, "completed": 47}
{"path": "/Users/jason/code/texas-42-partnership-launch/experiments/partnership/campaigns/worlds-520600-699", "seed": 520647, "paired": {"declaring_delta": 1, "defending_delta": 0, "wins": 1, "losses": 0, "ties": 1, "seed_delta": 1}, "completed": 48}
{"path": "/Users/jason/code/texas-42-partnership-launch/experiments/partnership/campaigns/worlds-520600-699", "seed": 520648, "paired": {"declaring_delta": 0, "defending_delta": 1, "wins": 1, "losses": 0, "ties": 1, "seed_delta": 1}, "completed": 49}
{"path": "/Users/jason/code/texas-42-partnership-launch/experiments/partnership/campaigns/worlds-520600-699", "seed": 520649, "paired": {"declaring_delta": 0, "defending_delta": 0, "wins": 0, "losses": 0, "ties": 2, "seed_delta": 0}, "completed": 50}
{"path": "/Users/jason/code/texas-42-partnership-launch/experiments/partnership/campaigns/worlds-520600-699", "seed": 520650, "paired": {"declaring_delta": 0, "defending_delta": 0, "wins": 0, "losses": 0, "ties": 2, "seed_delta": 0}, "completed": 51}
{"path": "/Users/jason/code/texas-42-partnership-launch/experiments/partnership/campaigns/worlds-520600-699", "seed": 520651, "paired": {"declaring_delta": 0, "defending_delta": 0, "wins": 0, "losses": 0, "ties": 2, "seed_delta": 0}, "completed": 52}
{"path": "/Users/jason/code/texas-42-partnership-launch/experiments/partnership/campaigns/worlds-520600-699", "seed": 520652, "paired": {"declaring_delta": 0, "defending_delta": 0, "wins": 0, "losses": 0, "ties": 2, "seed_delta": 0}, "completed": 53}
{"path": "/Users/jason/code/texas-42-partnership-launch/experiments/partnership/campaigns/worlds-520600-699", "seed": 520653, "paired": {"declaring_delta": 1, "defending_delta": -1, "wins": 1, "losses": 1, "ties": 0, "seed_delta": 0}, "completed": 54}
{"path": "/Users/jason/code/texas-42-partnership-launch/experiments/partnership/campaigns/worlds-520600-699", "seed": 520654, "paired": {"declaring_delta": 0, "defending_delta": 0, "wins": 0, "losses": 0, "ties": 2, "seed_delta": 0}, "completed": 55}
{"path": "/Users/jason/code/texas-42-partnership-launch/experiments/partnership/campaigns/worlds-520600-699", "seed": 520655, "paired": {"declaring_delta": 0, "defending_delta": 0, "wins": 0, "losses": 0, "ties": 2, "seed_delta": 0}, "completed": 56}
{"path": "/Users/jason/code/texas-42-partnership-launch/experiments/partnership/campaigns/worlds-520600-699", "seed": 520656, "paired": {"declaring_delta": 0, "defending_delta": 0, "wins": 0, "losses": 0, "ties": 2, "seed_delta": 0}, "completed": 57}
{"path": "/Users/jason/code/texas-42-partnership-launch/experiments/partnership/campaigns/worlds-520600-699", "seed": 520657, "paired": {"declaring_delta": 0, "defending_delta": 0, "wins": 0, "losses": 0, "ties": 2, "seed_delta": 0}, "completed": 58}
{"path": "/Users/jason/code/texas-42-partnership-launch/experiments/partnership/campaigns/worlds-520600-699", "seed": 520658, "paired": {"declaring_delta": 0, "defending_delta": 0, "wins": 0, "losses": 0, "ties": 2, "seed_delta": 0}, "completed": 59}
{"path": "/Users/jason/code/texas-42-partnership-launch/experiments/partnership/campaigns/worlds-520600-699", "seed": 520659, "paired": {"declaring_delta": 0, "defending_delta": 0, "wins": 0, "losses": 0, "ties": 2, "seed_delta": 0}, "completed": 60}
{"path": "/Users/jason/code/texas-42-partnership-launch/experiments/partnership/campaigns/worlds-520600-699", "seed": 520660, "paired": {"declaring_delta": 0, "defending_delta": 0, "wins": 0, "losses": 0, "ties": 2, "seed_delta": 0}, "completed": 61}
{"path": "/Users/jason/code/texas-42-partnership-launch/experiments/partnership/campaigns/worlds-520600-699", "seed": 520661, "paired": {"declaring_delta": 0, "defending_delta": 0, "wins": 0, "losses": 0, "ties": 2, "seed_delta": 0}, "completed": 62}
{"path": "/Users/jason/code/texas-42-partnership-launch/experiments/partnership/campaigns/worlds-520600-699", "seed": 520662, "paired": {"declaring_delta": 0, "defending_delta": 0, "wins": 0, "losses": 0, "ties": 2, "seed_delta": 0}, "completed": 63}
{"path": "/Users/jason/code/texas-42-partnership-launch/experiments/partnership/campaigns/worlds-520600-699", "seed": 520663, "paired": {"declaring_delta": 0, "defending_delta": 0, "wins": 0, "losses": 0, "ties": 2, "seed_delta": 0}, "completed": 64}
{"path": "/Users/jason/code/texas-42-partnership-launch/experiments/partnership/campaigns/worlds-520600-699", "seed": 520664, "paired": {"declaring_delta": 0, "defending_delta": 0, "wins": 0, "losses": 0, "ties": 2, "seed_delta": 0}, "completed": 65}
{"path": "/Users/jason/code/texas-42-partnership-launch/experiments/partnership/campaigns/worlds-520600-699", "seed": 520665, "paired": {"declaring_delta": 0, "defending_delta": 0, "wins": 0, "losses": 0, "ties": 2, "seed_delta": 0}, "completed": 66}
{"path": "/Users/jason/code/texas-42-partnership-launch/experiments/partnership/campaigns/worlds-520600-699", "seed": 520666, "paired": {"declaring_delta": 0, "defending_delta": 0, "wins": 0, "losses": 0, "ties": 2, "seed_delta": 0}, "completed": 67}
{"path": "/Users/jason/code/texas-42-partnership-launch/experiments/partnership/campaigns/worlds-520600-699", "seed": 520667, "paired": {"declaring_delta": 1, "defending_delta": -1, "wins": 1, "losses": 1, "ties": 0, "seed_delta": 0}, "completed": 68}
{"path": "/Users/jason/code/texas-42-partnership-launch/experiments/partnership/campaigns/worlds-520600-699", "seed": 520668, "paired": {"declaring_delta": 0, "defending_delta": 0, "wins": 0, "losses": 0, "ties": 2, "seed_delta": 0}, "completed": 69}
{"path": "/Users/jason/code/texas-42-partnership-launch/experiments/partnership/campaigns/worlds-520600-699", "seed": 520669, "paired": {"declaring_delta": 0, "defending_delta": 0, "wins": 0, "losses": 0, "ties": 2, "seed_delta": 0}, "completed": 70}
{"path": "/Users/jason/code/texas-42-partnership-launch/experiments/partnership/campaigns/worlds-520600-699", "seed": 520670, "paired": {"declaring_delta": -1, "defending_delta": 0, "wins": 0, "losses": 1, "ties": 1, "seed_delta": -1}, "completed": 71}
{"path": "/Users/jason/code/texas-42-partnership-launch/experiments/partnership/campaigns/worlds-520600-699", "seed": 520671, "paired": {"declaring_delta": -1, "defending_delta": 1, "wins": 1, "losses": 1, "ties": 0, "seed_delta": 0}, "completed": 72}
{"path": "/Users/jason/code/texas-42-partnership-launch/experiments/partnership/campaigns/worlds-520600-699", "seed": 520672, "paired": {"declaring_delta": 0, "defending_delta": 0, "wins": 0, "losses": 0, "ties": 2, "seed_delta": 0}, "completed": 73}
{"path": "/Users/jason/code/texas-42-partnership-launch/experiments/partnership/campaigns/worlds-520600-699", "seed": 520673, "paired": {"declaring_delta": 0, "defending_delta": 0, "wins": 0, "losses": 0, "ties": 2, "seed_delta": 0}, "completed": 74}
{"path": "/Users/jason/code/texas-42-partnership-launch/experiments/partnership/campaigns/worlds-520600-699", "seed": 520674, "paired": {"declaring_delta": 0, "defending_delta": -1, "wins": 0, "losses": 1, "ties": 1, "seed_delta": -1}, "completed": 75}
{"path": "/Users/jason/code/texas-42-partnership-launch/experiments/partnership/campaigns/worlds-520600-699", "seed": 520675, "paired": {"declaring_delta": 0, "defending_delta": -1, "wins": 0, "losses": 1, "ties": 1, "seed_delta": -1}, "completed": 76}
{"path": "/Users/jason/code/texas-42-partnership-launch/experiments/partnership/campaigns/worlds-520600-699", "seed": 520676, "paired": {"declaring_delta": 0, "defending_delta": 0, "wins": 0, "losses": 0, "ties": 2, "seed_delta": 0}, "completed": 77}
{"path": "/Users/jason/code/texas-42-partnership-launch/experiments/partnership/campaigns/worlds-520600-699", "seed": 520677, "paired": {"declaring_delta": 1, "defending_delta": 0, "wins": 1, "losses": 0, "ties": 1, "seed_delta": 1}, "completed": 78}
{"path": "/Users/jason/code/texas-42-partnership-launch/experiments/partnership/campaigns/worlds-520600-699", "seed": 520678, "paired": {"declaring_delta": 0, "defending_delta": 0, "wins": 0, "losses": 0, "ties": 2, "seed_delta": 0}, "completed": 79}
{"path": "/Users/jason/code/texas-42-partnership-launch/experiments/partnership/campaigns/worlds-520600-699", "seed": 520679, "paired": {"declaring_delta": 0, "defending_delta": 0, "wins": 0, "losses": 0, "ties": 2, "seed_delta": 0}, "completed": 80}
{"path": "/Users/jason/code/texas-42-partnership-launch/experiments/partnership/campaigns/worlds-520600-699", "seed": 520680, "paired": {"declaring_delta": -1, "defending_delta": 1, "wins": 1, "losses": 1, "ties": 0, "seed_delta": 0}, "completed": 81}
{"path": "/Users/jason/code/texas-42-partnership-launch/experiments/partnership/campaigns/worlds-520600-699", "seed": 520681, "paired": {"declaring_delta": -1, "defending_delta": 0, "wins": 0, "losses": 1, "ties": 1, "seed_delta": -1}, "completed": 82}
{"path": "/Users/jason/code/texas-42-partnership-launch/experiments/partnership/campaigns/worlds-520600-699", "seed": 520682, "paired": {"declaring_delta": 0, "defending_delta": 1, "wins": 1, "losses": 0, "ties": 1, "seed_delta": 1}, "completed": 83}
{"path": "/Users/jason/code/texas-42-partnership-launch/experiments/partnership/campaigns/worlds-520600-699", "seed": 520683, "paired": {"declaring_delta": 1, "defending_delta": 0, "wins": 1, "losses": 0, "ties": 1, "seed_delta": 1}, "completed": 84}
{"path": "/Users/jason/code/texas-42-partnership-launch/experiments/partnership/campaigns/worlds-520600-699", "seed": 520684, "paired": {"declaring_delta": 0, "defending_delta": 0, "wins": 0, "losses": 0, "ties": 2, "seed_delta": 0}, "completed": 85}
{"path": "/Users/jason/code/texas-42-partnership-launch/experiments/partnership/campaigns/worlds-520600-699", "seed": 520685, "paired": {"declaring_delta": -1, "defending_delta": 0, "wins": 0, "losses": 1, "ties": 1, "seed_delta": -1}, "completed": 86}
{"path": "/Users/jason/code/texas-42-partnership-launch/experiments/partnership/campaigns/worlds-520600-699", "seed": 520686, "paired": {"declaring_delta": 0, "defending_delta": 0, "wins": 0, "losses": 0, "ties": 2, "seed_delta": 0}, "completed": 87}
{"id": "pool-32758bef-50e7-4190-a8a2-214af64b7387", "started_utc": "2026-09-06T20:30:25.616206+00:00", "status": "slice-complete", "workers": 10, "seconds": 260, "retries": 2, "paths": ["/Users/jason/code/texas-42-partnership-launch/experiments/partnership/campaigns/worlds-520600-699"], "scheduler_sha256": "31326feef97929f7e1f66a39422dee0e840ba8cc06ba60ea557f5f7aacee10c0", "committed": {"/Users/jason/code/texas-42-partnership-launch/experiments/partnership/campaigns/worlds-520600-699": [520640, 520641, 520642, 520643, 520644, 520645, 520646, 520647, 520648, 520649, 520650, 520651, 520652, 520653, 520654, 520655, 520656, 520657, 520658, 520659, 520660, 520661, 520662, 520663, 520664, 520665, 520666, 520667, 520668, 520669, 520670, 520671, 520672, 520673, 520674, 520675, 520676, 520677, 520678, 520679, 520680, 520681, 520682, 520683, 520684, 520685, 520686]}, "attempts": 142, "peak_active_games": 10, "elapsed_seconds": 262.80462695800003, "finished_utc": "2026-09-06T20:34:48.421882+00:00"}
