{"path": "/Users/jason/code/texas-42-partnership-launch/experiments/partnership/campaigns/default-partner-battery/01-level", "seed": 750625, "paired": {"seed_delta": 0, "wins": 0, "losses": 0, "ties": 1, "a_contract_wins": 1, "b_contract_wins": 1}, "completed": 26}
{"path": "/Users/jason/code/texas-42-partnership-launch/experiments/partnership/campaigns/default-partner-battery/02-voids", "seed": 750622, "paired": {"seed_delta": 0, "wins": 0, "losses": 0, "ties": 1, "a_contract_wins": 1, "b_contract_wins": 1}, "completed": 23}
{"path": "/Users/jason/code/texas-42-partnership-launch/experiments/partnership/campaigns/default-partner-battery/02-voids", "seed": 750623, "paired": {"seed_delta": 1, "wins": 1, "losses": 0, "ties": 0, "a_contract_wins": 2, "b_contract_wins": 0}, "completed": 24}
{"path": "/Users/jason/code/texas-42-partnership-launch/experiments/partnership/campaigns/default-partner-battery/01-level", "seed": 750626, "paired": {"seed_delta": 0, "wins": 0, "losses": 0, "ties": 1, "a_contract_wins": 1, "b_contract_wins": 1}, "completed": 27}
{"path": "/Users/jason/code/texas-42-partnership-launch/experiments/partnership/campaigns/default-partner-battery/02-voids", "seed": 750624, "paired": {"seed_delta": 0, "wins": 0, "losses": 0, "ties": 1, "a_contract_wins": 1, "b_contract_wins": 1}, "completed": 25}
{"path": "/Users/jason/code/texas-42-partnership-launch/experiments/partnership/campaigns/default-partner-battery/02-voids", "seed": 750625, "paired": {"seed_delta": 0, "wins": 0, "losses": 0, "ties": 1, "a_contract_wins": 1, "b_contract_wins": 1}, "completed": 26}
{"path": "/Users/jason/code/texas-42-partnership-launch/experiments/partnership/campaigns/default-partner-battery/01-level", "seed": 750627, "paired": {"seed_delta": 1, "wins": 1, "losses": 0, "ties": 0, "a_contract_wins": 2, "b_contract_wins": 0}, "completed": 28}
{"path": "/Users/jason/code/texas-42-partnership-launch/experiments/partnership/campaigns/default-partner-battery/01-level", "seed": 750628, "paired": {"seed_delta": 0, "wins": 0, "losses": 0, "ties": 1, "a_contract_wins": 1, "b_contract_wins": 1}, "completed": 29}
{"path": "/Users/jason/code/texas-42-partnership-launch/experiments/partnership/campaigns/default-partner-battery/01-level", "seed": 750629, "paired": {"seed_delta": 0, "wins": 0, "losses": 0, "ties": 1, "a_contract_wins": 1, "b_contract_wins": 1}, "completed": 30}
{"path": "/Users/jason/code/texas-42-partnership-launch/experiments/partnership/campaigns/default-partner-battery/01-level", "seed": 750630, "paired": {"seed_delta": 0, "wins": 0, "losses": 0, "ties": 1, "a_contract_wins": 1, "b_contract_wins": 1}, "completed": 31}
{"path": "/Users/jason/code/texas-42-partnership-launch/experiments/partnership/campaigns/default-partner-battery/02-voids", "seed": 750626, "paired": {"seed_delta": -1, "wins": 0, "losses": 1, "ties": 0, "a_contract_wins": 0, "b_contract_wins": 2}, "completed": 27}
{"path": "/Users/jason/code/texas-42-partnership-launch/experiments/partnership/campaigns/default-partner-battery/01-level", "seed": 750631, "paired": {"seed_delta": -1, "wins": 0, "losses": 1, "ties": 0, "a_contract_wins": 0, "b_contract_wins": 2}, "completed": 32}
{"path": "/Users/jason/code/texas-42-partnership-launch/experiments/partnership/campaigns/default-partner-battery/01-level", "seed": 750632, "paired": {"seed_delta": 0, "wins": 0, "losses": 0, "ties": 1, "a_contract_wins": 1, "b_contract_wins": 1}, "completed": 33}
{"path": "/Users/jason/code/texas-42-partnership-launch/experiments/partnership/campaigns/default-partner-battery/02-voids", "seed": 750627, "paired": {"seed_delta": -1, "wins": 0, "losses": 1, "ties": 0, "a_contract_wins": 0, "b_contract_wins": 2}, "completed": 28}
{"path": "/Users/jason/code/texas-42-partnership-launch/experiments/partnership/campaigns/default-partner-battery/02-voids", "seed": 750628, "paired": {"seed_delta": 0, "wins": 0, "losses": 0, "ties": 1, "a_contract_wins": 1, "b_contract_wins": 1}, "completed": 29}
{"path": "/Users/jason/code/texas-42-partnership-launch/experiments/partnership/campaigns/default-partner-battery/02-voids", "seed": 750629, "paired": {"seed_delta": 0, "wins": 0, "losses": 0, "ties": 1, "a_contract_wins": 1, "b_contract_wins": 1}, "completed": 30}
{"path": "/Users/jason/code/texas-42-partnership-launch/experiments/partnership/campaigns/default-partner-battery/02-voids", "seed": 750630, "paired": {"seed_delta": 0, "wins": 0, "losses": 0, "ties": 1, "a_contract_wins": 1, "b_contract_wins": 1}, "completed": 31}
{"path": "/Users/jason/code/texas-42-partnership-launch/experiments/partnership/campaigns/default-partner-battery/01-level", "seed": 750633, "paired": {"seed_delta": 0, "wins": 0, "losses": 0, "ties": 1, "a_contract_wins": 1, "b_contract_wins": 1}, "completed": 34}
{"path": "/Users/jason/code/texas-42-partnership-launch/experiments/partnership/campaigns/default-partner-battery/01-level", "seed": 750634, "paired": {"seed_delta": 0, "wins": 0, "losses": 0, "ties": 1, "a_contract_wins": 1, "b_contract_wins": 1}, "completed": 35}
{"path": "/Users/jason/code/texas-42-partnership-launch/experiments/partnership/campaigns/default-partner-battery/01-level", "seed": 750635, "paired": {"seed_delta": -1, "wins": 0, "losses": 1, "ties": 0, "a_contract_wins": 0, "b_contract_wins": 2}, "completed": 36}
{"path": "/Users/jason/code/texas-42-partnership-launch/experiments/partnership/campaigns/default-partner-battery/01-level", "seed": 750636, "paired": {"seed_delta": 0, "wins": 0, "losses": 0, "ties": 1, "a_contract_wins": 1, "b_contract_wins": 1}, "completed": 37}
{"path": "/Users/jason/code/texas-42-partnership-launch/experiments/partnership/campaigns/default-partner-battery/02-voids", "seed": 750631, "paired": {"seed_delta": 0, "wins": 0, "losses": 0, "ties": 1, "a_contract_wins": 1, "b_contract_wins": 1}, "completed": 32}
{"path": "/Users/jason/code/texas-42-partnership-launch/experiments/partnership/campaigns/default-partner-battery/02-voids", "seed": 750632, "paired": {"seed_delta": 0, "wins": 0, "losses": 0, "ties": 1, "a_contract_wins": 1, "b_contract_wins": 1}, "completed": 33}
{"path": "/Users/jason/code/texas-42-partnership-launch/experiments/partnership/campaigns/default-partner-battery/01-level", "seed": 750637, "paired": {"seed_delta": 0, "wins": 0, "losses": 0, "ties": 1, "a_contract_wins": 1, "b_contract_wins": 1}, "completed": 38}
{"path": "/Users/jason/code/texas-42-partnership-launch/experiments/partnership/campaigns/default-partner-battery/01-level", "seed": 750638, "paired": {"seed_delta": 0, "wins": 0, "losses": 0, "ties": 1, "a_contract_wins": 1, "b_contract_wins": 1}, "completed": 39}
{"path": "/Users/jason/code/texas-42-partnership-launch/experiments/partnership/campaigns/default-partner-battery/01-level", "seed": 750639, "paired": {"seed_delta": 0, "wins": 0, "losses": 0, "ties": 1, "a_contract_wins": 1, "b_contract_wins": 1}, "completed": 40}
{"path": "/Users/jason/code/texas-42-partnership-launch/experiments/partnership/campaigns/default-partner-battery/02-voids", "seed": 750633, "paired": {"seed_delta": 0, "wins": 0, "losses": 0, "ties": 1, "a_contract_wins": 1, "b_contract_wins": 1}, "completed": 34}
{"path": "/Users/jason/code/texas-42-partnership-launch/experiments/partnership/campaigns/default-partner-battery/02-voids", "seed": 750634, "paired": {"seed_delta": 1, "wins": 1, "losses": 0, "ties": 0, "a_contract_wins": 2, "b_contract_wins": 0}, "completed": 35}
{"path": "/Users/jason/code/texas-42-partnership-launch/experiments/partnership/campaigns/default-partner-battery/02-voids", "seed": 750635, "paired": {"seed_delta": -1, "wins": 0, "losses": 1, "ties": 0, "a_contract_wins": 0, "b_contract_wins": 2}, "completed": 36}
{"path": "/Users/jason/code/texas-42-partnership-launch/experiments/partnership/campaigns/default-partner-battery/02-voids", "seed": 750636, "paired": {"seed_delta": 0, "wins": 0, "losses": 0, "ties": 1, "a_contract_wins": 1, "b_contract_wins": 1}, "completed": 37}
{"path": "/Users/jason/code/texas-42-partnership-launch/experiments/partnership/campaigns/default-partner-battery/01-level", "seed": 750640, "paired": {"seed_delta": 0, "wins": 0, "losses": 0, "ties": 1, "a_contract_wins": 1, "b_contract_wins": 1}, "completed": 41}
{"path": "/Users/jason/code/texas-42-partnership-launch/experiments/partnership/campaigns/default-partner-battery/01-level", "seed": 750641, "paired": {"seed_delta": -1, "wins": 0, "losses": 1, "ties": 0, "a_contract_wins": 0, "b_contract_wins": 2}, "completed": 42}
{"path": "/Users/jason/code/texas-42-partnership-launch/experiments/partnership/campaigns/default-partner-battery/02-voids", "seed": 750637, "paired": {"seed_delta": 1, "wins": 1, "losses": 0, "ties": 0, "a_contract_wins": 2, "b_contract_wins": 0}, "completed": 38}
{"path": "/Users/jason/code/texas-42-partnership-launch/experiments/partnership/campaigns/default-partner-battery/02-voids", "seed": 750638, "paired": {"seed_delta": 1, "wins": 1, "losses": 0, "ties": 0, "a_contract_wins": 2, "b_contract_wins": 0}, "completed": 39}
{"path": "/Users/jason/code/texas-42-partnership-launch/experiments/partnership/campaigns/default-partner-battery/01-level", "seed": 750642, "paired": {"seed_delta": 0, "wins": 0, "losses": 0, "ties": 1, "a_contract_wins": 1, "b_contract_wins": 1}, "completed": 43}
{"path": "/Users/jason/code/texas-42-partnership-launch/experiments/partnership/campaigns/default-partner-battery/02-voids", "seed": 750639, "paired": {"seed_delta": 0, "wins": 0, "losses": 0, "ties": 1, "a_contract_wins": 1, "b_contract_wins": 1}, "completed": 40}
{"path": "/Users/jason/code/texas-42-partnership-launch/experiments/partnership/campaigns/default-partner-battery/01-level", "seed": 750643, "paired": {"seed_delta": 0, "wins": 0, "losses": 0, "ties": 1, "a_contract_wins": 1, "b_contract_wins": 1}, "completed": 44}
{"path": "/Users/jason/code/texas-42-partnership-launch/experiments/partnership/campaigns/default-partner-battery/01-level", "seed": 750644, "paired": {"seed_delta": 0, "wins": 0, "losses": 0, "ties": 1, "a_contract_wins": 1, "b_contract_wins": 1}, "completed": 45}
{"path": "/Users/jason/code/texas-42-partnership-launch/experiments/partnership/campaigns/default-partner-battery/01-level", "seed": 750645, "paired": {"seed_delta": -1, "wins": 0, "losses": 1, "ties": 0, "a_contract_wins": 0, "b_contract_wins": 2}, "completed": 46}
{"path": "/Users/jason/code/texas-42-partnership-launch/experiments/partnership/campaigns/default-partner-battery/02-voids", "seed": 750640, "paired": {"seed_delta": 0, "wins": 0, "losses": 0, "ties": 1, "a_contract_wins": 1, "b_contract_wins": 1}, "completed": 41}
{"path": "/Users/jason/code/texas-42-partnership-launch/experiments/partnership/campaigns/default-partner-battery/01-level", "seed": 750646, "paired": {"seed_delta": -1, "wins": 0, "losses": 1, "ties": 0, "a_contract_wins": 0, "b_contract_wins": 2}, "completed": 47}
{"path": "/Users/jason/code/texas-42-partnership-launch/experiments/partnership/campaigns/default-partner-battery/01-level", "seed": 750647, "paired": {"seed_delta": 0, "wins": 0, "losses": 0, "ties": 1, "a_contract_wins": 1, "b_contract_wins": 1}, "completed": 48}
{"path": "/Users/jason/code/texas-42-partnership-launch/experiments/partnership/campaigns/default-partner-battery/02-voids", "seed": 750641, "paired": {"seed_delta": -1, "wins": 0, "losses": 1, "ties": 0, "a_contract_wins": 0, "b_contract_wins": 2}, "completed": 42}
{"path": "/Users/jason/code/texas-42-partnership-launch/experiments/partnership/campaigns/default-partner-battery/02-voids", "seed": 750642, "paired": {"seed_delta": 0, "wins": 0, "losses": 0, "ties": 1, "a_contract_wins": 1, "b_contract_wins": 1}, "completed": 43}
{"path": "/Users/jason/code/texas-42-partnership-launch/experiments/partnership/campaigns/default-partner-battery/01-level", "seed": 750648, "paired": {"seed_delta": 0, "wins": 0, "losses": 0, "ties": 1, "a_contract_wins": 1, "b_contract_wins": 1}, "completed": 49}
{"path": "/Users/jason/code/texas-42-partnership-launch/experiments/partnership/campaigns/default-partner-battery/02-voids", "seed": 750643, "paired": {"seed_delta": 0, "wins": 0, "losses": 0, "ties": 1, "a_contract_wins": 1, "b_contract_wins": 1}, "completed": 44}
{"path": "/Users/jason/code/texas-42-partnership-launch/experiments/partnership/campaigns/default-partner-battery/02-voids", "seed": 750644, "paired": {"seed_delta": 0, "wins": 0, "losses": 0, "ties": 1, "a_contract_wins": 1, "b_contract_wins": 1}, "completed": 45}
{"path": "/Users/jason/code/texas-42-partnership-launch/experiments/partnership/campaigns/default-partner-battery/01-level", "seed": 750649, "paired": {"seed_delta": 0, "wins": 0, "losses": 0, "ties": 1, "a_contract_wins": 1, "b_contract_wins": 1}, "completed": 50}
{"path": "/Users/jason/code/texas-42-partnership-launch/experiments/partnership/campaigns/default-partner-battery/02-voids", "seed": 750645, "paired": {"seed_delta": 1, "wins": 1, "losses": 0, "ties": 0, "a_contract_wins": 2, "b_contract_wins": 0}, "completed": 46}
{"path": "/Users/jason/code/texas-42-partnership-launch/experiments/partnership/campaigns/default-partner-battery/02-voids", "seed": 750646, "paired": {"seed_delta": 0, "wins": 0, "losses": 0, "ties": 1, "a_contract_wins": 1, "b_contract_wins": 1}, "completed": 47}
{"path": "/Users/jason/code/texas-42-partnership-launch/experiments/partnership/campaigns/default-partner-battery/01-level", "seed": 750650, "paired": {"seed_delta": 0, "wins": 0, "losses": 0, "ties": 1, "a_contract_wins": 1, "b_contract_wins": 1}, "completed": 51}
{"id": "pool-7282f7c0-e6ae-4cd8-acfa-47cab3db1d25", "started_utc": "2026-09-07T00:50:51.497515+00:00", "status": "slice-complete", "workers": 10, "seconds": 270, "retries": 2, "paths": ["/Users/jason/code/texas-42-partnership-launch/experiments/partnership/campaigns/default-partner-battery/01-level", "/Users/jason/code/texas-42-partnership-launch/experiments/partnership/campaigns/default-partner-battery/02-voids"], "scheduler_sha256": "7d34094f3971b00119ff8aaedbd0950e832eb3692bc8989656affff06ada4857", "committed": {"/Users/jason/code/texas-42-partnership-launch/experiments/partnership/campaigns/default-partner-battery/01-level": [750625, 750626, 750627, 750628, 750629, 750630, 750631, 750632, 750633, 750634, 750635, 750636, 750637, 750638, 750639, 750640, 750641, 750642, 750643, 750644, 750645, 750646, 750647, 750648, 750649, 750650], "/Users/jason/code/texas-42-partnership-launch/experiments/partnership/campaigns/default-partner-battery/02-voids": [750622, 750623, 750624, 750625, 750626, 750627, 750628, 750629, 750630, 750631, 750632, 750633, 750634, 750635, 750636, 750637, 750638, 750639, 750640, 750641, 750642, 750643, 750644, 750645, 750646]}, "attempts": 113, "peak_active_games": 10, "elapsed_seconds": 274.499216791, "finished_utc": "2026-09-07T00:55:25.998107+00:00"}
