{"path": "/Users/jason/code/texas-42-partnership-launch/experiments/partnership/campaigns/default-partner-battery/01-level", "seed": 750679, "paired": {"seed_delta": 1, "wins": 1, "losses": 0, "ties": 0, "a_contract_wins": 2, "b_contract_wins": 0}, "completed": 80}
{"path": "/Users/jason/code/texas-42-partnership-launch/experiments/partnership/campaigns/default-partner-battery/02-voids", "seed": 750671, "paired": {"seed_delta": 0, "wins": 0, "losses": 0, "ties": 1, "a_contract_wins": 1, "b_contract_wins": 1}, "completed": 72}
{"path": "/Users/jason/code/texas-42-partnership-launch/experiments/partnership/campaigns/default-partner-battery/02-voids", "seed": 750672, "paired": {"seed_delta": 1, "wins": 1, "losses": 0, "ties": 0, "a_contract_wins": 2, "b_contract_wins": 0}, "completed": 73}
{"path": "/Users/jason/code/texas-42-partnership-launch/experiments/partnership/campaigns/default-partner-battery/02-voids", "seed": 750673, "paired": {"seed_delta": -1, "wins": 0, "losses": 1, "ties": 0, "a_contract_wins": 0, "b_contract_wins": 2}, "completed": 74}
{"path": "/Users/jason/code/texas-42-partnership-launch/experiments/partnership/campaigns/default-partner-battery/02-voids", "seed": 750674, "paired": {"seed_delta": 1, "wins": 1, "losses": 0, "ties": 0, "a_contract_wins": 2, "b_contract_wins": 0}, "completed": 75}
{"path": "/Users/jason/code/texas-42-partnership-launch/experiments/partnership/campaigns/default-partner-battery/01-level", "seed": 750680, "paired": {"seed_delta": -1, "wins": 0, "losses": 1, "ties": 0, "a_contract_wins": 0, "b_contract_wins": 2}, "completed": 81}
{"path": "/Users/jason/code/texas-42-partnership-launch/experiments/partnership/campaigns/default-partner-battery/01-level", "seed": 750681, "paired": {"seed_delta": 0, "wins": 0, "losses": 0, "ties": 1, "a_contract_wins": 1, "b_contract_wins": 1}, "completed": 82}
{"path": "/Users/jason/code/texas-42-partnership-launch/experiments/partnership/campaigns/default-partner-battery/01-level", "seed": 750682, "paired": {"seed_delta": 0, "wins": 0, "losses": 0, "ties": 1, "a_contract_wins": 1, "b_contract_wins": 1}, "completed": 83}
{"path": "/Users/jason/code/texas-42-partnership-launch/experiments/partnership/campaigns/default-partner-battery/01-level", "seed": 750683, "paired": {"seed_delta": 0, "wins": 0, "losses": 0, "ties": 1, "a_contract_wins": 1, "b_contract_wins": 1}, "completed": 84}
{"path": "/Users/jason/code/texas-42-partnership-launch/experiments/partnership/campaigns/default-partner-battery/01-level", "seed": 750684, "paired": {"seed_delta": 0, "wins": 0, "losses": 0, "ties": 1, "a_contract_wins": 1, "b_contract_wins": 1}, "completed": 85}
{"path": "/Users/jason/code/texas-42-partnership-launch/experiments/partnership/campaigns/default-partner-battery/01-level", "seed": 750685, "paired": {"seed_delta": -1, "wins": 0, "losses": 1, "ties": 0, "a_contract_wins": 0, "b_contract_wins": 2}, "completed": 86}
{"path": "/Users/jason/code/texas-42-partnership-launch/experiments/partnership/campaigns/default-partner-battery/02-voids", "seed": 750675, "paired": {"seed_delta": 0, "wins": 0, "losses": 0, "ties": 1, "a_contract_wins": 1, "b_contract_wins": 1}, "completed": 76}
{"path": "/Users/jason/code/texas-42-partnership-launch/experiments/partnership/campaigns/default-partner-battery/02-voids", "seed": 750676, "paired": {"seed_delta": 0, "wins": 0, "losses": 0, "ties": 1, "a_contract_wins": 1, "b_contract_wins": 1}, "completed": 77}
{"path": "/Users/jason/code/texas-42-partnership-launch/experiments/partnership/campaigns/default-partner-battery/01-level", "seed": 750686, "paired": {"seed_delta": -1, "wins": 0, "losses": 1, "ties": 0, "a_contract_wins": 0, "b_contract_wins": 2}, "completed": 87}
{"path": "/Users/jason/code/texas-42-partnership-launch/experiments/partnership/campaigns/default-partner-battery/01-level", "seed": 750687, "paired": {"seed_delta": 0, "wins": 0, "losses": 0, "ties": 1, "a_contract_wins": 1, "b_contract_wins": 1}, "completed": 88}
{"path": "/Users/jason/code/texas-42-partnership-launch/experiments/partnership/campaigns/default-partner-battery/02-voids", "seed": 750677, "paired": {"seed_delta": 0, "wins": 0, "losses": 0, "ties": 1, "a_contract_wins": 1, "b_contract_wins": 1}, "completed": 78}
{"path": "/Users/jason/code/texas-42-partnership-launch/experiments/partnership/campaigns/default-partner-battery/02-voids", "seed": 750678, "paired": {"seed_delta": 0, "wins": 0, "losses": 0, "ties": 1, "a_contract_wins": 1, "b_contract_wins": 1}, "completed": 79}
{"path": "/Users/jason/code/texas-42-partnership-launch/experiments/partnership/campaigns/default-partner-battery/01-level", "seed": 750688, "paired": {"seed_delta": 0, "wins": 0, "losses": 0, "ties": 1, "a_contract_wins": 1, "b_contract_wins": 1}, "completed": 89}
{"path": "/Users/jason/code/texas-42-partnership-launch/experiments/partnership/campaigns/default-partner-battery/01-level", "seed": 750689, "paired": {"seed_delta": 1, "wins": 1, "losses": 0, "ties": 0, "a_contract_wins": 2, "b_contract_wins": 0}, "completed": 90}
{"path": "/Users/jason/code/texas-42-partnership-launch/experiments/partnership/campaigns/default-partner-battery/02-voids", "seed": 750679, "paired": {"seed_delta": -1, "wins": 0, "losses": 1, "ties": 0, "a_contract_wins": 0, "b_contract_wins": 2}, "completed": 80}
{"path": "/Users/jason/code/texas-42-partnership-launch/experiments/partnership/campaigns/default-partner-battery/02-voids", "seed": 750680, "paired": {"seed_delta": 0, "wins": 0, "losses": 0, "ties": 1, "a_contract_wins": 1, "b_contract_wins": 1}, "completed": 81}
{"path": "/Users/jason/code/texas-42-partnership-launch/experiments/partnership/campaigns/default-partner-battery/02-voids", "seed": 750681, "paired": {"seed_delta": 0, "wins": 0, "losses": 0, "ties": 1, "a_contract_wins": 1, "b_contract_wins": 1}, "completed": 82}
{"path": "/Users/jason/code/texas-42-partnership-launch/experiments/partnership/campaigns/default-partner-battery/02-voids", "seed": 750682, "paired": {"seed_delta": 0, "wins": 0, "losses": 0, "ties": 1, "a_contract_wins": 1, "b_contract_wins": 1}, "completed": 83}
{"path": "/Users/jason/code/texas-42-partnership-launch/experiments/partnership/campaigns/default-partner-battery/01-level", "seed": 750690, "paired": {"seed_delta": 0, "wins": 0, "losses": 0, "ties": 1, "a_contract_wins": 1, "b_contract_wins": 1}, "completed": 91}
{"path": "/Users/jason/code/texas-42-partnership-launch/experiments/partnership/campaigns/default-partner-battery/02-voids", "seed": 750683, "paired": {"seed_delta": 1, "wins": 1, "losses": 0, "ties": 0, "a_contract_wins": 2, "b_contract_wins": 0}, "completed": 84}
{"path": "/Users/jason/code/texas-42-partnership-launch/experiments/partnership/campaigns/default-partner-battery/02-voids", "seed": 750684, "paired": {"seed_delta": 0, "wins": 0, "losses": 0, "ties": 1, "a_contract_wins": 1, "b_contract_wins": 1}, "completed": 85}
{"path": "/Users/jason/code/texas-42-partnership-launch/experiments/partnership/campaigns/default-partner-battery/01-level", "seed": 750691, "paired": {"seed_delta": 0, "wins": 0, "losses": 0, "ties": 1, "a_contract_wins": 1, "b_contract_wins": 1}, "completed": 92}
{"path": "/Users/jason/code/texas-42-partnership-launch/experiments/partnership/campaigns/default-partner-battery/01-level", "seed": 750692, "paired": {"seed_delta": 0, "wins": 0, "losses": 0, "ties": 1, "a_contract_wins": 1, "b_contract_wins": 1}, "completed": 93}
{"path": "/Users/jason/code/texas-42-partnership-launch/experiments/partnership/campaigns/default-partner-battery/01-level", "seed": 750693, "paired": {"seed_delta": 0, "wins": 0, "losses": 0, "ties": 1, "a_contract_wins": 1, "b_contract_wins": 1}, "completed": 94}
{"path": "/Users/jason/code/texas-42-partnership-launch/experiments/partnership/campaigns/default-partner-battery/01-level", "seed": 750694, "paired": {"seed_delta": 0, "wins": 0, "losses": 0, "ties": 1, "a_contract_wins": 1, "b_contract_wins": 1}, "completed": 95}
{"path": "/Users/jason/code/texas-42-partnership-launch/experiments/partnership/campaigns/default-partner-battery/02-voids", "seed": 750685, "paired": {"seed_delta": 0, "wins": 0, "losses": 0, "ties": 1, "a_contract_wins": 1, "b_contract_wins": 1}, "completed": 86}
{"path": "/Users/jason/code/texas-42-partnership-launch/experiments/partnership/campaigns/default-partner-battery/01-level", "seed": 750695, "paired": {"seed_delta": 0, "wins": 0, "losses": 0, "ties": 1, "a_contract_wins": 1, "b_contract_wins": 1}, "completed": 96}
{"path": "/Users/jason/code/texas-42-partnership-launch/experiments/partnership/campaigns/default-partner-battery/02-voids", "seed": 750686, "paired": {"seed_delta": -1, "wins": 0, "losses": 1, "ties": 0, "a_contract_wins": 0, "b_contract_wins": 2}, "completed": 87}
{"path": "/Users/jason/code/texas-42-partnership-launch/experiments/partnership/campaigns/default-partner-battery/02-voids", "seed": 750687, "paired": {"seed_delta": 0, "wins": 0, "losses": 0, "ties": 1, "a_contract_wins": 1, "b_contract_wins": 1}, "completed": 88}
{"path": "/Users/jason/code/texas-42-partnership-launch/experiments/partnership/campaigns/default-partner-battery/01-level", "seed": 750696, "paired": {"seed_delta": 0, "wins": 0, "losses": 0, "ties": 1, "a_contract_wins": 1, "b_contract_wins": 1}, "completed": 97}
{"path": "/Users/jason/code/texas-42-partnership-launch/experiments/partnership/campaigns/default-partner-battery/01-level", "seed": 750697, "paired": {"seed_delta": 0, "wins": 0, "losses": 0, "ties": 1, "a_contract_wins": 1, "b_contract_wins": 1}, "completed": 98}
{"path": "/Users/jason/code/texas-42-partnership-launch/experiments/partnership/campaigns/default-partner-battery/01-level", "seed": 750698, "paired": {"seed_delta": 0, "wins": 0, "losses": 0, "ties": 1, "a_contract_wins": 1, "b_contract_wins": 1}, "completed": 99}
{"path": "/Users/jason/code/texas-42-partnership-launch/experiments/partnership/campaigns/default-partner-battery/02-voids", "seed": 750688, "paired": {"seed_delta": 0, "wins": 0, "losses": 0, "ties": 1, "a_contract_wins": 1, "b_contract_wins": 1}, "completed": 89}
{"path": "/Users/jason/code/texas-42-partnership-launch/experiments/partnership/campaigns/default-partner-battery/02-voids", "seed": 750689, "paired": {"seed_delta": 0, "wins": 0, "losses": 0, "ties": 1, "a_contract_wins": 1, "b_contract_wins": 1}, "completed": 90}
{"path": "/Users/jason/code/texas-42-partnership-launch/experiments/partnership/campaigns/default-partner-battery/01-level", "seed": 750699, "paired": {"seed_delta": 0, "wins": 0, "losses": 0, "ties": 1, "a_contract_wins": 1, "b_contract_wins": 1}, "completed": 100}
{"path": "/Users/jason/code/texas-42-partnership-launch/experiments/partnership/campaigns/default-partner-battery/02-voids", "seed": 750690, "paired": {"seed_delta": 0, "wins": 0, "losses": 0, "ties": 1, "a_contract_wins": 1, "b_contract_wins": 1}, "completed": 91}
{"path": "/Users/jason/code/texas-42-partnership-launch/experiments/partnership/campaigns/default-partner-battery/02-voids", "seed": 750691, "paired": {"seed_delta": 0, "wins": 0, "losses": 0, "ties": 1, "a_contract_wins": 1, "b_contract_wins": 1}, "completed": 92}
{"path": "/Users/jason/code/texas-42-partnership-launch/experiments/partnership/campaigns/default-partner-battery/02-voids", "seed": 750692, "paired": {"seed_delta": 0, "wins": 0, "losses": 0, "ties": 1, "a_contract_wins": 1, "b_contract_wins": 1}, "completed": 93}
{"path": "/Users/jason/code/texas-42-partnership-launch/experiments/partnership/campaigns/default-partner-battery/02-voids", "seed": 750693, "paired": {"seed_delta": 0, "wins": 0, "losses": 0, "ties": 1, "a_contract_wins": 1, "b_contract_wins": 1}, "completed": 94}
{"path": "/Users/jason/code/texas-42-partnership-launch/experiments/partnership/campaigns/default-partner-battery/02-voids", "seed": 750694, "paired": {"seed_delta": -1, "wins": 0, "losses": 1, "ties": 0, "a_contract_wins": 0, "b_contract_wins": 2}, "completed": 95}
{"path": "/Users/jason/code/texas-42-partnership-launch/experiments/partnership/campaigns/default-partner-battery/02-voids", "seed": 750695, "paired": {"seed_delta": 0, "wins": 0, "losses": 0, "ties": 1, "a_contract_wins": 1, "b_contract_wins": 1}, "completed": 96}
{"path": "/Users/jason/code/texas-42-partnership-launch/experiments/partnership/campaigns/default-partner-battery/02-voids", "seed": 750696, "paired": {"seed_delta": -1, "wins": 0, "losses": 1, "ties": 0, "a_contract_wins": 0, "b_contract_wins": 2}, "completed": 97}
{"path": "/Users/jason/code/texas-42-partnership-launch/experiments/partnership/campaigns/default-partner-battery/02-voids", "seed": 750697, "paired": {"seed_delta": 0, "wins": 0, "losses": 0, "ties": 1, "a_contract_wins": 1, "b_contract_wins": 1}, "completed": 98}
{"path": "/Users/jason/code/texas-42-partnership-launch/experiments/partnership/campaigns/default-partner-battery/02-voids", "seed": 750698, "paired": {"seed_delta": 0, "wins": 0, "losses": 0, "ties": 1, "a_contract_wins": 1, "b_contract_wins": 1}, "completed": 99}
{"id": "pool-f17c57f8-0d51-41a3-80f0-761015b7bd5d", "started_utc": "2026-09-07T01:01:34.419250+00:00", "status": "slice-complete", "workers": 10, "seconds": 270, "retries": 2, "paths": ["/Users/jason/code/texas-42-partnership-launch/experiments/partnership/campaigns/default-partner-battery/01-level", "/Users/jason/code/texas-42-partnership-launch/experiments/partnership/campaigns/default-partner-battery/02-voids"], "scheduler_sha256": "7d34094f3971b00119ff8aaedbd0950e832eb3692bc8989656affff06ada4857", "committed": {"/Users/jason/code/texas-42-partnership-launch/experiments/partnership/campaigns/default-partner-battery/01-level": [750679, 750680, 750681, 750682, 750683, 750684, 750685, 750686, 750687, 750688, 750689, 750690, 750691, 750692, 750693, 750694, 750695, 750696, 750697, 750698, 750699], "/Users/jason/code/texas-42-partnership-launch/experiments/partnership/campaigns/default-partner-battery/02-voids": [750671, 750672, 750673, 750674, 750675, 750676, 750677, 750678, 750679, 750680, 750681, 750682, 750683, 750684, 750685, 750686, 750687, 750688, 750689, 750690, 750691, 750692, 750693, 750694, 750695, 750696, 750697, 750698]}, "attempts": 99, "peak_active_games": 10, "elapsed_seconds": 271.946775375, "finished_utc": "2026-09-07T01:06:06.366620+00:00"}
