{
  "scope": "exploratory abstract finite-model counterexamples; not Texas 42 measurements",
  "amplification": [
    {
      "n": 1,
      "denominator": 3,
      "exact_values": [
        "2/3",
        "1/3"
      ],
      "approximate_values": [
        "1/3",
        "2/3"
      ],
      "max_action_error": "1/3",
      "modeled_policy_regret": "1/3",
      "exact_choice": 0,
      "approximate_choice": 1,
      "conditional_host_drop": 1
    },
    {
      "n": 2,
      "denominator": 5,
      "exact_values": [
        "3/5",
        "2/5"
      ],
      "approximate_values": [
        "2/5",
        "3/5"
      ],
      "max_action_error": "1/5",
      "modeled_policy_regret": "1/5",
      "exact_choice": 0,
      "approximate_choice": 1,
      "conditional_host_drop": 1
    },
    {
      "n": 10,
      "denominator": 21,
      "exact_values": [
        "11/21",
        "10/21"
      ],
      "approximate_values": [
        "10/21",
        "11/21"
      ],
      "max_action_error": "1/21",
      "modeled_policy_regret": "1/21",
      "exact_choice": 0,
      "approximate_choice": 1,
      "conditional_host_drop": 1
    },
    {
      "n": 1000,
      "denominator": 2001,
      "exact_values": [
        "1001/2001",
        "1000/2001"
      ],
      "approximate_values": [
        "1000/2001",
        "1001/2001"
      ],
      "max_action_error": "1/2001",
      "modeled_policy_regret": "1/2001",
      "exact_choice": 0,
      "approximate_choice": 1,
      "conditional_host_drop": 1
    },
    {
      "n": 1000000000,
      "denominator": 2000000001,
      "exact_values": [
        "1000000001/2000000001",
        "1000000000/2000000001"
      ],
      "approximate_values": [
        "1000000000/2000000001",
        "1000000001/2000000001"
      ],
      "max_action_error": "1/2000000001",
      "modeled_policy_regret": "1/2000000001",
      "exact_choice": 0,
      "approximate_choice": 1,
      "conditional_host_drop": 1
    }
  ],
  "unique_demand_tree": [
    {
      "k": 0,
      "unique_queries": 1,
      "distinct_leaves": 1,
      "repeated_root_cache_hits": 1
    },
    {
      "k": 1,
      "unique_queries": 3,
      "distinct_leaves": 2,
      "repeated_root_cache_hits": 1
    },
    {
      "k": 2,
      "unique_queries": 7,
      "distinct_leaves": 4,
      "repeated_root_cache_hits": 1
    },
    {
      "k": 3,
      "unique_queries": 15,
      "distinct_leaves": 8,
      "repeated_root_cache_hits": 1
    },
    {
      "k": 4,
      "unique_queries": 31,
      "distinct_leaves": 16,
      "repeated_root_cache_hits": 1
    },
    {
      "k": 5,
      "unique_queries": 63,
      "distinct_leaves": 32,
      "repeated_root_cache_hits": 1
    },
    {
      "k": 6,
      "unique_queries": 127,
      "distinct_leaves": 64,
      "repeated_root_cache_hits": 1
    },
    {
      "k": 7,
      "unique_queries": 255,
      "distinct_leaves": 128,
      "repeated_root_cache_hits": 1
    },
    {
      "k": 8,
      "unique_queries": 511,
      "distinct_leaves": 256,
      "repeated_root_cache_hits": 1
    },
    {
      "k": 9,
      "unique_queries": 1023,
      "distinct_leaves": 512,
      "repeated_root_cache_hits": 1
    },
    {
      "k": 10,
      "unique_queries": 2047,
      "distinct_leaves": 1024,
      "repeated_root_cache_hits": 1
    },
    {
      "k": 11,
      "unique_queries": 4095,
      "distinct_leaves": 2048,
      "repeated_root_cache_hits": 1
    },
    {
      "k": 12,
      "unique_queries": 8191,
      "distinct_leaves": 4096,
      "repeated_root_cache_hits": 1
    }
  ],
  "stationary_best_response_cycle": [
    {
      "k": 0,
      "action": 1,
      "success_against_fixed_rock": 1
    },
    {
      "k": 1,
      "action": 2,
      "success_against_fixed_rock": 0
    },
    {
      "k": 2,
      "action": 0,
      "success_against_fixed_rock": 0
    },
    {
      "k": 3,
      "action": 1,
      "success_against_fixed_rock": 1
    },
    {
      "k": 4,
      "action": 2,
      "success_against_fixed_rock": 0
    },
    {
      "k": 5,
      "action": 0,
      "success_against_fixed_rock": 0
    },
    {
      "k": 6,
      "action": 1,
      "success_against_fixed_rock": 1
    },
    {
      "k": 7,
      "action": 2,
      "success_against_fixed_rock": 0
    }
  ],
  "incumbent_only_error_counterexample": {
    "old_counts": {
      "A": 1,
      "B": 0
    },
    "new_counts": {
      "A": 1,
      "B": 2
    },
    "incumbent_disagreement_mass": 0,
    "competitor_disagreement_mass": 2,
    "invalid_claim": "incumbent replay error bounds every root action"
  }
}
