{"category":null,"completed":"advantage-01--l1-default","grade":{"choice":20,"optimal":true,"regret":"0","success":"1/3"}}
{"category":null,"completed":"advantage-03--l1-default","grade":{"choice":20,"optimal":true,"regret":"0","success":"5/6"}}
{"category":null,"completed":"advantage-04--l1-default","grade":{"choice":15,"optimal":true,"regret":"0","success":"5/6"}}
{"category":null,"completed":"advantage-05--l1-partner-count-review","grade":{"choice":25,"optimal":true,"regret":"0","success":"7/30"}}
{"category":null,"completed":"advantage-01--l1-partner-count-review","grade":{"choice":20,"optimal":true,"regret":"0","success":"1/3"}}
{"category":null,"completed":"advantage-02--l1-default","grade":{"choice":20,"optimal":true,"regret":"0","success":"1"}}
{"category":null,"completed":"advantage-03--l1-partner-count-review","grade":{"choice":20,"optimal":true,"regret":"0","success":"5/6"}}
{"category":null,"completed":"advantage-02--l1-partner-count-review","grade":{"choice":20,"optimal":true,"regret":"0","success":"1"}}
{"category":null,"completed":"advantage-04--l1-partner-count-review","grade":{"choice":15,"optimal":true,"regret":"0","success":"5/6"}}
{"category":null,"completed":"advantage-06--l1-partner-count-review","grade":{"choice":20,"optimal":true,"regret":"0","success":"1"}}
{"category":null,"completed":"advantage-05--l1-default","grade":{"choice":25,"optimal":true,"regret":"0","success":"7/30"}}
{"category":null,"completed":"advantage-07--l1-default","grade":{"choice":20,"optimal":true,"regret":"0","success":"1"}}
{"category":null,"completed":"advantage-08--l1-default","grade":{"choice":20,"optimal":true,"regret":"0","success":"47/60"}}
{"category":null,"completed":"advantage-07--l1-partner-count-review","grade":{"choice":20,"optimal":true,"regret":"0","success":"1"}}
{"category":null,"completed":"advantage-06--l1-default","grade":{"choice":20,"optimal":true,"regret":"0","success":"1"}}
{"category":null,"completed":"advantage-09--l1-partner-count-review","grade":{"choice":20,"optimal":true,"regret":"0","success":"46/75"}}
{"category":null,"completed":"advantage-09--l1-default","grade":{"choice":20,"optimal":true,"regret":"0","success":"46/75"}}
{"category":null,"completed":"advantage-08--l1-partner-count-review","grade":{"choice":20,"optimal":true,"regret":"0","success":"47/60"}}
{"category":null,"completed":"advantage-10--l1-partner-count-review","grade":{"choice":8,"optimal":true,"regret":"0","success":"1"}}
{"category":null,"completed":"advantage-11--l1-default","grade":{"choice":20,"optimal":true,"regret":"0","success":"1"}}
{"category":null,"completed":"advantage-12--l1-partner-count-review","grade":{"choice":15,"optimal":true,"regret":"0","success":"1"}}
{"category":null,"completed":"advantage-12--l1-default","grade":{"choice":15,"optimal":true,"regret":"0","success":"1"}}
{"category":null,"completed":"advantage-10--l1-default","grade":{"choice":8,"optimal":true,"regret":"0","success":"1"}}
{"category":null,"completed":"advantage-11--l1-partner-count-review","grade":{"choice":20,"optimal":true,"regret":"0","success":"1"}}
{"category":null,"completed":"advantage-13--l1-default","grade":{"choice":2,"optimal":false,"regret":"11/105","success":"131/210"}}
{"category":null,"completed":"advantage-14--l1-partner-count-review","grade":{"choice":11,"optimal":true,"regret":"0","success":"3/10"}}
{"category":null,"completed":"advantage-14--l1-default","grade":{"choice":11,"optimal":true,"regret":"0","success":"3/10"}}
{"category":null,"completed":"advantage-17--l1-default","grade":{"choice":25,"optimal":true,"regret":"0","success":"1"}}
{"category":null,"completed":"advantage-16--l1-partner-count-review","grade":{"choice":15,"optimal":true,"regret":"0","success":"1"}}
{"category":null,"completed":"advantage-16--l1-default","grade":{"choice":15,"optimal":true,"regret":"0","success":"1"}}
{"category":null,"completed":"advantage-15--l1-default","grade":{"choice":25,"optimal":true,"regret":"0","success":"1"}}
{"category":null,"completed":"advantage-17--l1-partner-count-review","grade":{"choice":25,"optimal":true,"regret":"0","success":"1"}}
{"category":null,"completed":"advantage-15--l1-partner-count-review","grade":{"choice":25,"optimal":true,"regret":"0","success":"1"}}
{"category":null,"completed":"advantage-19--l1-default","grade":{"choice":25,"optimal":true,"regret":"0","success":"1"}}
{"category":null,"completed":"advantage-18--l1-partner-count-review","grade":{"choice":15,"optimal":true,"regret":"0","success":"5/8"}}
{"category":null,"completed":"advantage-20--l1-default","grade":{"choice":20,"optimal":true,"regret":"0","success":"1"}}
{"category":null,"completed":"advantage-18--l1-default","grade":{"choice":15,"optimal":true,"regret":"0","success":"5/8"}}
{"category":null,"completed":"advantage-21--l1-default","grade":{"choice":8,"optimal":true,"regret":"0","success":"1/3"}}
{"category":null,"completed":"advantage-21--l1-partner-count-review","grade":{"choice":8,"optimal":true,"regret":"0","success":"1/3"}}
{"category":null,"completed":"advantage-20--l1-partner-count-review","grade":{"choice":20,"optimal":true,"regret":"0","success":"1"}}
{"category":null,"completed":"advantage-19--l1-partner-count-review","grade":{"choice":25,"optimal":true,"regret":"0","success":"1"}}
{"category":null,"completed":"advantage-22--l1-default","grade":{"choice":15,"optimal":true,"regret":"0","success":"3/5"}}
{"category":null,"completed":"advantage-23--l1-partner-count-review","grade":{"choice":11,"optimal":true,"regret":"0","success":"2/3"}}
{"category":null,"completed":"advantage-22--l1-partner-count-review","grade":{"choice":15,"optimal":true,"regret":"0","success":"3/5"}}
{"category":null,"completed":"advantage-23--l1-default","grade":{"choice":11,"optimal":true,"regret":"0","success":"2/3"}}
{"category":null,"completed":"advantage-24--l1-default","grade":{"choice":8,"optimal":true,"regret":"0","success":"1"}}
{"category":null,"completed":"advantage-24--l1-partner-count-review","grade":{"choice":8,"optimal":true,"regret":"0","success":"1"}}
{"category":null,"completed":"advantage-25--l1-partner-count-review","grade":{"choice":11,"optimal":true,"regret":"0","success":"1"}}
{"category":null,"completed":"advantage-25--l1-default","grade":{"choice":11,"optimal":true,"regret":"0","success":"1"}}
{"category":null,"completed":"advantage-26--l1-default","grade":{"choice":20,"optimal":false,"regret":"1/9","success":"1/9"}}
{"category":null,"completed":"advantage-27--l1-partner-count-review","grade":{"choice":6,"optimal":true,"regret":"0","success":"9/20"}}
{"category":null,"completed":"advantage-26--l1-partner-count-review","grade":{"choice":20,"optimal":false,"regret":"1/9","success":"1/9"}}
{"category":null,"completed":"advantage-28--l1-default","grade":{"choice":25,"optimal":true,"regret":"0","success":"1"}}
{"category":null,"completed":"advantage-27--l1-default","grade":{"choice":6,"optimal":true,"regret":"0","success":"9/20"}}
{"category":null,"completed":"advantage-28--l1-partner-count-review","grade":{"choice":25,"optimal":true,"regret":"0","success":"1"}}
{"category":null,"completed":"advantage-29--l1-default","grade":{"choice":25,"optimal":true,"regret":"0","success":"1"}}
{"category":null,"completed":"advantage-29--l1-partner-count-review","grade":{"choice":25,"optimal":true,"regret":"0","success":"1"}}
{"category":null,"completed":"advantage-31--l1-default","grade":{"choice":25,"optimal":true,"regret":"0","success":"1"}}
{"category":null,"completed":"advantage-31--l1-partner-count-review","grade":{"choice":25,"optimal":true,"regret":"0","success":"1"}}
{"category":null,"completed":"advantage-30--l1-default","grade":{"choice":1,"optimal":true,"regret":"0","success":"1"}}
{"category":null,"completed":"advantage-30--l1-partner-count-review","grade":{"choice":1,"optimal":true,"regret":"0","success":"1"}}
{"category":null,"completed":"advantage-32--l1-default","grade":{"choice":20,"optimal":true,"regret":"0","success":"1"}}
{"category":null,"completed":"advantage-34--l1-default","grade":{"choice":25,"optimal":true,"regret":"0","success":"1"}}
{"category":null,"completed":"advantage-32--l1-partner-count-review","grade":{"choice":20,"optimal":true,"regret":"0","success":"1"}}
{"category":null,"completed":"advantage-33--l1-partner-count-review","grade":{"choice":20,"optimal":true,"regret":"0","success":"1"}}
{"category":null,"completed":"advantage-34--l1-partner-count-review","grade":{"choice":25,"optimal":true,"regret":"0","success":"1"}}
{"category":null,"completed":"advantage-33--l1-default","grade":{"choice":20,"optimal":true,"regret":"0","success":"1"}}
{"category":null,"completed":"advantage-36--l1-default","grade":{"choice":20,"optimal":true,"regret":"0","success":"1"}}
{"category":null,"completed":"advantage-35--l1-partner-count-review","grade":{"choice":25,"optimal":true,"regret":"0","success":"36/37"}}
{"category":null,"completed":"advantage-35--l1-default","grade":{"choice":25,"optimal":true,"regret":"0","success":"36/37"}}
{"category":null,"completed":"advantage-36--l1-partner-count-review","grade":{"choice":20,"optimal":true,"regret":"0","success":"1"}}
{"category":null,"completed":"advantage-37--l1-default","grade":{"choice":15,"optimal":true,"regret":"0","success":"31/36"}}
{"category":null,"completed":"advantage-37--l1-partner-count-review","grade":{"choice":15,"optimal":true,"regret":"0","success":"31/36"}}
{"category":null,"completed":"advantage-38--l1-partner-count-review","grade":{"choice":25,"optimal":true,"regret":"0","success":"1"}}
{"category":null,"completed":"advantage-41--l1-partner-count-review","grade":{"choice":11,"optimal":true,"regret":"0","success":"13/18"}}
{"category":null,"completed":"advantage-39--l1-default","grade":{"choice":25,"optimal":true,"regret":"0","success":"1"}}
{"category":null,"completed":"advantage-38--l1-default","grade":{"choice":25,"optimal":true,"regret":"0","success":"1"}}
{"category":null,"completed":"advantage-40--l1-default","grade":{"choice":3,"optimal":false,"regret":"1/20","success":"7/10"}}
{"category":null,"completed":"advantage-13--l1-partner-count-review","grade":{"choice":15,"optimal":true,"regret":"0","success":"51/70"}}
{"category":null,"completed":"advantage-39--l1-partner-count-review","grade":{"choice":25,"optimal":true,"regret":"0","success":"1"}}
{"category":null,"completed":"advantage-41--l1-default","grade":{"choice":11,"optimal":true,"regret":"0","success":"13/18"}}
{"category":null,"completed":"advantage-43--l1-default","grade":{"choice":25,"optimal":true,"regret":"0","success":"1"}}
{"category":null,"completed":"advantage-42--l1-default","grade":{"choice":0,"optimal":false,"regret":"1/25","success":"1/5"}}
{"category":null,"completed":"advantage-43--l1-partner-count-review","grade":{"choice":25,"optimal":true,"regret":"0","success":"1"}}
{"category":null,"completed":"advantage-44--l1-default","grade":{"choice":10,"optimal":false,"regret":"1/38","success":"13/19"}}
{"category":null,"completed":"advantage-42--l1-partner-count-review","grade":{"choice":0,"optimal":false,"regret":"1/25","success":"1/5"}}
{"category":null,"completed":"advantage-40--l1-partner-count-review","grade":{"choice":8,"optimal":true,"regret":"0","success":"3/4"}}
{"category":null,"completed":"advantage-47--l1-default","grade":{"choice":11,"optimal":true,"regret":"0","success":"1/4"}}
{"category":null,"completed":"advantage-45--l1-partner-count-review","grade":{"choice":20,"optimal":true,"regret":"0","success":"23/27"}}
{"category":null,"completed":"advantage-46--l1-default","grade":{"choice":16,"optimal":true,"regret":"0","success":"1"}}
{"category":null,"completed":"advantage-45--l1-default","grade":{"choice":20,"optimal":true,"regret":"0","success":"23/27"}}
{"category":null,"completed":"advantage-47--l1-partner-count-review","grade":{"choice":11,"optimal":true,"regret":"0","success":"1/4"}}
{"category":null,"completed":"advantage-46--l1-partner-count-review","grade":{"choice":16,"optimal":true,"regret":"0","success":"1"}}
{"category":null,"completed":"advantage-48--l1-default","grade":{"choice":25,"optimal":true,"regret":"0","success":"17/27"}}
{"category":null,"completed":"advantage-48--l1-partner-count-review","grade":{"choice":25,"optimal":true,"regret":"0","success":"17/27"}}
{"category":null,"completed":"advantage-49--l1-partner-count-review","grade":{"choice":15,"optimal":true,"regret":"0","success":"1"}}
{"category":null,"completed":"advantage-51--l1-default","grade":{"choice":11,"optimal":true,"regret":"0","success":"1"}}
{"category":null,"completed":"advantage-49--l1-default","grade":{"choice":15,"optimal":true,"regret":"0","success":"1"}}
{"category":null,"completed":"advantage-50--l1-default","grade":{"choice":25,"optimal":true,"regret":"0","success":"1"}}
{"category":null,"completed":"advantage-50--l1-partner-count-review","grade":{"choice":25,"optimal":true,"regret":"0","success":"1"}}
{"category":null,"completed":"advantage-51--l1-partner-count-review","grade":{"choice":11,"optimal":true,"regret":"0","success":"1"}}
{"category":null,"completed":"advantage-52--l1-partner-count-review","grade":{"choice":15,"optimal":true,"regret":"0","success":"1"}}
{"category":null,"completed":"advantage-52--l1-default","grade":{"choice":15,"optimal":true,"regret":"0","success":"1"}}
{"category":null,"completed":"advantage-53--l1-partner-count-review","grade":{"choice":15,"optimal":true,"regret":"0","success":"19/21"}}
{"category":null,"completed":"advantage-54--l1-partner-count-review","grade":{"choice":11,"optimal":true,"regret":"0","success":"1"}}
{"category":null,"completed":"advantage-44--l1-partner-count-review","grade":{"choice":25,"optimal":true,"regret":"0","success":"27/38"}}
{"category":null,"completed":"advantage-54--l1-default","grade":{"choice":11,"optimal":true,"regret":"0","success":"1"}}
{"category":null,"completed":"advantage-53--l1-default","grade":{"choice":15,"optimal":true,"regret":"0","success":"19/21"}}
{"category":null,"completed":"advantage-55--l1-partner-count-review","grade":{"choice":11,"optimal":true,"regret":"0","success":"49/60"}}
{"category":null,"completed":"advantage-55--l1-default","grade":{"choice":11,"optimal":true,"regret":"0","success":"49/60"}}
{"category":null,"completed":"advantage-56--l1-default","grade":{"choice":25,"optimal":true,"regret":"0","success":"1"}}
{"category":null,"completed":"advantage-57--l1-default","grade":{"choice":20,"optimal":true,"regret":"0","success":"1"}}
{"category":null,"completed":"advantage-58--l1-default","grade":{"choice":26,"optimal":false,"regret":"1/45","success":"29/45"}}
{"category":null,"completed":"advantage-56--l1-partner-count-review","grade":{"choice":25,"optimal":true,"regret":"0","success":"1"}}
{"category":null,"completed":"advantage-59--l1-default","grade":{"choice":11,"optimal":true,"regret":"0","success":"62/105"}}
{"category":null,"completed":"advantage-57--l1-partner-count-review","grade":{"choice":20,"optimal":true,"regret":"0","success":"1"}}
{"category":null,"completed":"advantage-59--l1-partner-count-review","grade":{"choice":11,"optimal":true,"regret":"0","success":"62/105"}}
{"category":null,"completed":"advantage-60--l1-default","grade":{"choice":22,"optimal":false,"regret":"1/35","success":"86/105"}}
{"category":null,"completed":"advantage-62--l1-default","grade":{"choice":20,"optimal":true,"regret":"0","success":"79/150"}}
{"category":null,"completed":"advantage-63--l1-default","grade":{"choice":25,"optimal":true,"regret":"0","success":"1"}}
{"category":null,"completed":"advantage-61--l1-default","grade":{"choice":25,"optimal":true,"regret":"0","success":"1"}}
{"category":null,"completed":"advantage-61--l1-partner-count-review","grade":{"choice":25,"optimal":true,"regret":"0","success":"1"}}
{"category":null,"completed":"advantage-62--l1-partner-count-review","grade":{"choice":20,"optimal":true,"regret":"0","success":"79/150"}}
{"category":null,"completed":"advantage-63--l1-partner-count-review","grade":{"choice":25,"optimal":true,"regret":"0","success":"1"}}
{"category":null,"completed":"advantage-64--l1-default","grade":{"choice":21,"optimal":false,"regret":"1/120","success":"109/120"}}
{"category":null,"completed":"advantage-66--l1-partner-count-review","grade":{"choice":25,"optimal":true,"regret":"0","success":"1/4"}}
{"category":null,"completed":"advantage-58--l1-partner-count-review","grade":{"choice":25,"optimal":true,"regret":"0","success":"2/3"}}
{"category":null,"completed":"advantage-66--l1-default","grade":{"choice":25,"optimal":true,"regret":"0","success":"1/4"}}
{"category":null,"completed":"disadvantage-01--l1-default","grade":{"choice":3,"optimal":false,"regret":"1/36","success":"1/18"}}
{"category":null,"completed":"advantage-65--l1-default","grade":{"choice":19,"optimal":false,"regret":"1/32","success":"33/64"}}
{"category":null,"completed":"disadvantage-02--l1-default","grade":{"choice":27,"optimal":true,"regret":"0","success":"1"}}
{"category":null,"completed":"disadvantage-01--l1-partner-count-review","grade":{"choice":3,"optimal":false,"regret":"1/36","success":"1/18"}}
{"category":null,"completed":"disadvantage-02--l1-partner-count-review","grade":{"choice":27,"optimal":true,"regret":"0","success":"1"}}
{"category":null,"completed":"disadvantage-03--l1-default","grade":{"choice":2,"optimal":true,"regret":"0","success":"7/10"}}
{"category":null,"completed":"disadvantage-04--l1-default","grade":{"choice":15,"optimal":false,"regret":"1/5","success":"1/5"}}
{"category":null,"completed":"disadvantage-04--l1-partner-count-review","grade":{"choice":15,"optimal":false,"regret":"1/5","success":"1/5"}}
{"category":null,"completed":"disadvantage-05--l1-default","grade":{"choice":16,"optimal":true,"regret":"0","success":"2/3"}}
{"category":null,"completed":"advantage-65--l1-partner-count-review","grade":{"choice":25,"optimal":true,"regret":"0","success":"35/64"}}
{"category":null,"completed":"disadvantage-05--l1-partner-count-review","grade":{"choice":16,"optimal":true,"regret":"0","success":"2/3"}}
{"category":null,"completed":"disadvantage-03--l1-partner-count-review","grade":{"choice":2,"optimal":true,"regret":"0","success":"7/10"}}
{"category":null,"completed":"disadvantage-06--l1-default","grade":{"choice":6,"optimal":true,"regret":"0","success":"1"}}
{"category":null,"completed":"disadvantage-06--l1-partner-count-review","grade":{"choice":6,"optimal":true,"regret":"0","success":"1"}}
{"category":null,"completed":"disadvantage-08--l1-default","grade":{"choice":2,"optimal":true,"regret":"0","success":"1/3"}}
{"category":null,"completed":"disadvantage-07--l1-default","grade":{"choice":9,"optimal":true,"regret":"0","success":"23/70"}}
{"category":null,"completed":"disadvantage-08--l1-partner-count-review","grade":{"choice":2,"optimal":true,"regret":"0","success":"1/3"}}
{"category":null,"completed":"disadvantage-09--l1-default","grade":{"choice":2,"optimal":true,"regret":"0","success":"4/15"}}
{"category":null,"completed":"advantage-64--l1-partner-count-review","grade":{"choice":25,"optimal":true,"regret":"0","success":"11/12"}}
{"category":null,"completed":"disadvantage-09--l1-partner-count-review","grade":{"choice":2,"optimal":true,"regret":"0","success":"4/15"}}
{"category":null,"completed":"disadvantage-10--l1-default","grade":{"choice":17,"optimal":true,"regret":"0","success":"1"}}
{"category":null,"completed":"disadvantage-11--l1-default","grade":{"choice":23,"optimal":true,"regret":"0","success":"13/15"}}
{"category":null,"completed":"disadvantage-10--l1-partner-count-review","grade":{"choice":17,"optimal":true,"regret":"0","success":"1"}}
{"category":null,"completed":"disadvantage-11--l1-partner-count-review","grade":{"choice":23,"optimal":true,"regret":"0","success":"13/15"}}
{"category":null,"completed":"disadvantage-12--l1-default","grade":{"choice":16,"optimal":true,"regret":"0","success":"2/3"}}
{"category":null,"completed":"disadvantage-12--l1-partner-count-review","grade":{"choice":16,"optimal":true,"regret":"0","success":"2/3"}}
{"category":null,"completed":"disadvantage-13--l1-default","grade":{"choice":18,"optimal":true,"regret":"0","success":"57/110"}}
{"category":null,"completed":"disadvantage-14--l1-default","grade":{"choice":11,"optimal":false,"regret":"1/20","success":"1/10"}}
{"category":null,"completed":"disadvantage-13--l1-partner-count-review","grade":{"choice":18,"optimal":true,"regret":"0","success":"57/110"}}
{"category":null,"completed":"disadvantage-14--l1-partner-count-review","grade":{"choice":11,"optimal":false,"regret":"1/20","success":"1/10"}}
{"category":null,"completed":"advantage-60--l1-partner-count-review","grade":{"choice":25,"optimal":true,"regret":"0","success":"89/105"}}
{"category":null,"completed":"disadvantage-15--l1-default","grade":{"choice":5,"optimal":true,"regret":"0","success":"2/5"}}
{"category":null,"completed":"disadvantage-16--l1-default","grade":{"choice":5,"optimal":false,"regret":"1/15","success":"1/3"}}
{"category":null,"completed":"disadvantage-17--l1-default","grade":{"choice":17,"optimal":true,"regret":"0","success":"17/22"}}
{"category":null,"completed":"disadvantage-17--l1-partner-count-review","grade":{"choice":17,"optimal":true,"regret":"0","success":"17/22"}}
{"category":null,"completed":"disadvantage-15--l1-partner-count-review","grade":{"choice":5,"optimal":true,"regret":"0","success":"2/5"}}
{"category":null,"completed":"disadvantage-19--l1-default","grade":{"choice":6,"optimal":true,"regret":"0","success":"7/18"}}
{"category":null,"completed":"disadvantage-18--l1-partner-count-review","grade":{"choice":19,"optimal":true,"regret":"0","success":"11/12"}}
{"category":null,"completed":"disadvantage-18--l1-default","grade":{"choice":19,"optimal":true,"regret":"0","success":"11/12"}}
{"category":null,"completed":"disadvantage-20--l1-default","grade":{"choice":16,"optimal":true,"regret":"0","success":"7/10"}}
{"category":null,"completed":"disadvantage-19--l1-partner-count-review","grade":{"choice":6,"optimal":true,"regret":"0","success":"7/18"}}
{"category":null,"completed":"disadvantage-16--l1-partner-count-review","grade":{"choice":5,"optimal":false,"regret":"1/15","success":"1/3"}}
{"category":null,"completed":"disadvantage-20--l1-partner-count-review","grade":{"choice":16,"optimal":true,"regret":"0","success":"7/10"}}
{"category":null,"completed":"disadvantage-21--l1-default","grade":{"choice":27,"optimal":true,"regret":"0","success":"4/7"}}
{"category":null,"completed":"disadvantage-22--l1-default","grade":{"choice":2,"optimal":false,"regret":"1/20","success":"33/40"}}
{"category":null,"completed":"disadvantage-24--l1-default","grade":{"choice":1,"optimal":true,"regret":"0","success":"13/22"}}
{"category":null,"completed":"disadvantage-21--l1-partner-count-review","grade":{"choice":27,"optimal":true,"regret":"0","success":"4/7"}}
{"category":null,"completed":"disadvantage-23--l1-default","grade":{"choice":21,"optimal":true,"regret":"0","success":"37/40"}}
{"category":null,"completed":"disadvantage-07--l1-partner-count-review","grade":{"choice":9,"optimal":true,"regret":"0","success":"23/70"}}
{"category":null,"completed":"disadvantage-25--l1-partner-count-review","grade":{"choice":6,"optimal":true,"regret":"0","success":"51/76"}}
{"category":null,"completed":"disadvantage-26--l1-default","grade":{"choice":24,"optimal":true,"regret":"0","success":"5/7"}}
{"category":null,"completed":"disadvantage-25--l1-default","grade":{"choice":6,"optimal":true,"regret":"0","success":"51/76"}}
{"category":null,"completed":"disadvantage-24--l1-partner-count-review","grade":{"choice":1,"optimal":true,"regret":"0","success":"13/22"}}
{"category":null,"completed":"disadvantage-26--l1-partner-count-review","grade":{"choice":24,"optimal":true,"regret":"0","success":"5/7"}}
{"category":null,"completed":"disadvantage-27--l1-default","grade":{"choice":22,"optimal":true,"regret":"0","success":"5/16"}}
{"category":null,"completed":"disadvantage-22--l1-partner-count-review","grade":{"choice":2,"optimal":false,"regret":"1/20","success":"33/40"}}
{"category":null,"completed":"disadvantage-28--l1-default","grade":{"choice":19,"optimal":true,"regret":"0","success":"2/3"}}
{"category":null,"completed":"disadvantage-27--l1-partner-count-review","grade":{"choice":22,"optimal":true,"regret":"0","success":"5/16"}}
{"category":null,"completed":"disadvantage-29--l1-default","grade":{"choice":23,"optimal":true,"regret":"0","success":"17/22"}}
{"category":null,"completed":"disadvantage-30--l1-default","grade":{"choice":14,"optimal":true,"regret":"0","success":"1/2"}}
{"category":null,"completed":"disadvantage-29--l1-partner-count-review","grade":{"choice":23,"optimal":true,"regret":"0","success":"17/22"}}
{"category":null,"completed":"disadvantage-30--l1-partner-count-review","grade":{"choice":14,"optimal":true,"regret":"0","success":"1/2"}}
{"category":null,"completed":"disadvantage-28--l1-partner-count-review","grade":{"choice":19,"optimal":true,"regret":"0","success":"2/3"}}
{"category":null,"completed":"disadvantage-31--l1-default","grade":{"choice":6,"optimal":true,"regret":"0","success":"1/5"}}
{"category":null,"completed":"disadvantage-33--l1-partner-count-review","grade":{"choice":16,"optimal":true,"regret":"0","success":"2/3"}}
{"category":null,"completed":"disadvantage-31--l1-partner-count-review","grade":{"choice":6,"optimal":true,"regret":"0","success":"1/5"}}
{"category":null,"completed":"disadvantage-33--l1-default","grade":{"choice":16,"optimal":true,"regret":"0","success":"2/3"}}
{"category":null,"completed":"disadvantage-23--l1-partner-count-review","grade":{"choice":21,"optimal":true,"regret":"0","success":"37/40"}}
{"category":null,"completed":"disadvantage-32--l1-default","grade":{"choice":16,"optimal":false,"regret":"1/20","success":"3/20"}}
{"category":null,"completed":"disadvantage-34--l1-partner-count-review","grade":{"choice":25,"optimal":false,"regret":"2/15","success":"4/5"}}
{"category":null,"completed":"disadvantage-34--l1-default","grade":{"choice":25,"optimal":false,"regret":"2/15","success":"4/5"}}
{"category":null,"completed":"disadvantage-32--l1-partner-count-review","grade":{"choice":16,"optimal":false,"regret":"1/20","success":"3/20"}}
{"category":null,"completed":"disadvantage-35--l1-default","grade":{"choice":3,"optimal":true,"regret":"0","success":"19/20"}}
{"category":null,"completed":"disadvantage-36--l1-default","grade":{"choice":19,"optimal":true,"regret":"0","success":"15/32"}}
{"category":null,"completed":"disadvantage-38--l1-default","grade":{"choice":2,"optimal":true,"regret":"0","success":"4/7"}}
{"category":null,"completed":"disadvantage-37--l1-default","grade":{"choice":12,"optimal":true,"regret":"0","success":"5/11"}}
{"category":null,"completed":"disadvantage-39--l1-default","grade":{"choice":24,"optimal":true,"regret":"0","success":"2/3"}}
{"category":null,"completed":"disadvantage-40--l1-default","grade":{"choice":16,"optimal":true,"regret":"0","success":"1/2"}}
{"category":null,"completed":"disadvantage-39--l1-partner-count-review","grade":{"choice":24,"optimal":true,"regret":"0","success":"2/3"}}
{"category":null,"completed":"disadvantage-42--l1-default","grade":{"choice":19,"optimal":true,"regret":"0","success":"1/5"}}
{"category":null,"completed":"disadvantage-43--l1-default","grade":{"choice":16,"optimal":true,"regret":"0","success":"1/2"}}
{"category":null,"completed":"disadvantage-35--l1-partner-count-review","grade":{"choice":3,"optimal":true,"regret":"0","success":"19/20"}}
{"category":null,"completed":"disadvantage-40--l1-partner-count-review","grade":{"choice":16,"optimal":true,"regret":"0","success":"1/2"}}
{"category":null,"completed":"disadvantage-36--l1-partner-count-review","grade":{"choice":19,"optimal":true,"regret":"0","success":"15/32"}}
{"category":null,"completed":"disadvantage-41--l1-default","grade":{"choice":21,"optimal":true,"regret":"0","success":"167/210"}}
{"category":null,"completed":"disadvantage-42--l1-partner-count-review","grade":{"choice":19,"optimal":true,"regret":"0","success":"1/5"}}
{"category":null,"completed":"disadvantage-45--l1-default","grade":{"choice":27,"optimal":true,"regret":"0","success":"1"}}
{"category":null,"completed":"disadvantage-43--l1-partner-count-review","grade":{"choice":16,"optimal":true,"regret":"0","success":"1/2"}}
{"category":null,"completed":"disadvantage-44--l1-partner-count-review","grade":{"choice":16,"optimal":true,"regret":"0","success":"23/30"}}
{"category":null,"completed":"disadvantage-46--l1-default","grade":{"choice":19,"optimal":true,"regret":"0","success":"2/3"}}
{"category":null,"completed":"disadvantage-38--l1-partner-count-review","grade":{"choice":2,"optimal":true,"regret":"0","success":"4/7"}}
{"category":null,"completed":"disadvantage-45--l1-partner-count-review","grade":{"choice":27,"optimal":true,"regret":"0","success":"1"}}
{"category":null,"completed":"disadvantage-44--l1-default","grade":{"choice":16,"optimal":true,"regret":"0","success":"23/30"}}
{"category":null,"completed":"disadvantage-48--l1-default","grade":{"choice":13,"optimal":true,"regret":"0","success":"4/5"}}
{"category":null,"completed":"disadvantage-47--l1-default","grade":{"choice":5,"optimal":true,"regret":"0","success":"3/4"}}
{"category":null,"completed":"disadvantage-49--l1-default","grade":{"choice":17,"optimal":true,"regret":"0","success":"9/11"}}
{"category":null,"completed":"disadvantage-46--l1-partner-count-review","grade":{"choice":19,"optimal":true,"regret":"0","success":"2/3"}}
{"category":null,"completed":"disadvantage-37--l1-partner-count-review","grade":{"choice":12,"optimal":true,"regret":"0","success":"5/11"}}
{"category":null,"completed":"disadvantage-48--l1-partner-count-review","grade":{"choice":13,"optimal":true,"regret":"0","success":"4/5"}}
{"category":null,"completed":"disadvantage-47--l1-partner-count-review","grade":{"choice":5,"optimal":true,"regret":"0","success":"3/4"}}
{"category":null,"completed":"disadvantage-50--l1-default","grade":{"choice":18,"optimal":true,"regret":"0","success":"1"}}
{"category":null,"completed":"disadvantage-49--l1-partner-count-review","grade":{"choice":17,"optimal":true,"regret":"0","success":"9/11"}}
{"category":null,"completed":"disadvantage-50--l1-partner-count-review","grade":{"choice":18,"optimal":true,"regret":"0","success":"1"}}
{"category":null,"completed":"disadvantage-51--l1-default","grade":{"choice":11,"optimal":false,"regret":"3/20","success":"3/20"}}
{"category":null,"completed":"disadvantage-51--l1-partner-count-review","grade":{"choice":11,"optimal":false,"regret":"3/20","success":"3/20"}}
{"category":null,"completed":"disadvantage-41--l1-partner-count-review","grade":{"choice":21,"optimal":true,"regret":"0","success":"167/210"}}
