{"worlds": 8, "repeat": 0, "roots": 10, "host_s": 0.21175374999999996, "frontier_us": 1873, "reference_us": 2090, "error": null}
{"worlds": 8, "repeat": 1, "roots": 10, "host_s": 0.006295792000000078, "frontier_us": 1545, "reference_us": 318, "error": null}
{"worlds": 8, "repeat": 2, "roots": 10, "host_s": 0.00412441600000002, "frontier_us": 837, "reference_us": 147, "error": null}
{"worlds": 8, "repeat": 3, "roots": 10, "host_s": 0.004786209000000041, "frontier_us": 1389, "reference_us": 234, "error": null}
{"worlds": 40, "repeat": 0, "roots": 10, "host_s": 0.012942291999999966, "frontier_us": 4910, "reference_us": 3739, "error": null}
{"worlds": 40, "repeat": 1, "roots": 10, "host_s": 0.011882957999999944, "frontier_us": 4521, "reference_us": 3410, "error": null}
{"worlds": 40, "repeat": 2, "roots": 10, "host_s": 0.011390875000000023, "frontier_us": 3968, "reference_us": 2935, "error": null}
{"worlds": 40, "repeat": 3, "roots": 10, "host_s": 0.010435749999999855, "frontier_us": 3767, "reference_us": 2694, "error": null}
{"worlds": 128, "repeat": 0, "roots": 10, "host_s": 0.024640875000000007, "frontier_us": 10522, "reference_us": 8289, "error": null}
{"worlds": 128, "repeat": 1, "roots": 10, "host_s": 0.024009958000000164, "frontier_us": 10537, "reference_us": 8134, "error": null}
{"worlds": 128, "repeat": 2, "roots": 10, "host_s": 0.023575249999999937, "frontier_us": 10022, "reference_us": 8319, "error": null}
{"worlds": 128, "repeat": 3, "roots": 10, "host_s": 0.024069874999999907, "frontier_us": 10335, "reference_us": 8494, "error": null}
{"worlds": 512, "repeat": 0, "roots": 10, "host_s": 0.0855824999999999, "frontier_us": 39599, "reference_us": 32229, "error": null}
{"worlds": 512, "repeat": 1, "roots": 10, "host_s": 0.08586754199999991, "frontier_us": 39862, "reference_us": 31767, "error": null}
{"worlds": 512, "repeat": 2, "roots": 10, "host_s": 0.08662241700000006, "frontier_us": 40321, "reference_us": 32551, "error": null}
{"worlds": 512, "repeat": 3, "roots": 10, "host_s": 0.08738608299999995, "frontier_us": 40517, "reference_us": 31735, "error": null}
{
  "planned": 32,
  "selected": 10,
  "partial_roots": 6,
  "panels": [
    {
      "worlds": 8,
      "roots": 10,
      "completed": 4,
      "refused": 0,
      "frontier_median_s": 0.001467,
      "reference_median_s": 0.000276,
      "reference_over_frontier": 0.18813905930470348,
      "common_max_generation_s": 0.691593958,
      "end_to_end_common_ratio": 0.9982815364417051,
      "outer_validation_median_s": 6.3e-05,
      "warm_median_s": 5.5e-06,
      "serialization_median_s": 0.000298208000000022,
      "parse_median_s": 7.137499999998465e-05,
      "host_median_s": 0.0055410005000000595,
      "peak_process_rss_bytes": 5931008,
      "stats": {
        "actor_demands_by_level": [],
        "cache_entries": 10,
        "cache_hits": 0,
        "cache_key_bytes": 3680,
        "cache_lookup_us": 10,
        "completed_actor_queries": 0,
        "demand_grouping_us": 141,
        "fold_us": 204,
        "forward_us": 983,
        "generated_actor_queries": 0,
        "inner_worlds_by_level": [],
        "peak_counted_live_array_bytes": 405558,
        "peak_layer_rows": 855,
        "peak_retained_array_bytes": 405558,
        "preparation_us": 15,
        "public_coordinates": 9114,
        "query_lookups": 10,
        "raw_policy_consultations_by_level": [],
        "refused_batches": 0,
        "row_edges": 9915,
        "sample_us": 0,
        "unique_actor_misses_by_level": []
      }
    },
    {
      "worlds": 40,
      "roots": 10,
      "completed": 4,
      "refused": 0,
      "frontier_median_s": 0.0042445,
      "reference_median_s": 0.0031725,
      "reference_over_frontier": 0.7474378607609848,
      "common_max_generation_s": 0.691593958,
      "end_to_end_common_ratio": 0.9984594125437086,
      "outer_validation_median_s": 8.85e-05,
      "warm_median_s": 7e-06,
      "serialization_median_s": 0.0006627915000000373,
      "parse_median_s": 8.562499999986706e-05,
      "host_median_s": 0.011636916499999983,
      "peak_process_rss_bytes": 6553600,
      "stats": {
        "actor_demands_by_level": [],
        "cache_entries": 10,
        "cache_hits": 0,
        "cache_key_bytes": 11360,
        "cache_lookup_us": 15,
        "completed_actor_queries": 0,
        "demand_grouping_us": 413,
        "fold_us": 520,
        "forward_us": 2761,
        "generated_actor_queries": 0,
        "inner_worlds_by_level": [],
        "peak_counted_live_array_bytes": 1883102,
        "peak_layer_rows": 4012,
        "peak_retained_array_bytes": 1883102,
        "preparation_us": 14,
        "public_coordinates": 40310,
        "query_lookups": 10,
        "raw_policy_consultations_by_level": [],
        "refused_batches": 0,
        "row_edges": 47065,
        "sample_us": 0,
        "unique_actor_misses_by_level": []
      }
    },
    {
      "worlds": 128,
      "roots": 10,
      "completed": 4,
      "refused": 0,
      "frontier_median_s": 0.0104285,
      "reference_median_s": 0.008304,
      "reference_over_frontier": 0.7962794265714149,
      "common_max_generation_s": 0.691593958,
      "end_to_end_common_ratio": 0.9969737435379881,
      "outer_validation_median_s": 0.000173,
      "warm_median_s": 1.45e-05,
      "serialization_median_s": 0.0013812080000000782,
      "parse_median_s": 0.00010883349999990521,
      "host_median_s": 0.024039916500000036,
      "peak_process_rss_bytes": 15024128,
      "stats": {
        "actor_demands_by_level": [],
        "cache_entries": 10,
        "cache_hits": 0,
        "cache_key_bytes": 32480,
        "cache_lookup_us": 34,
        "completed_actor_queries": 0,
        "demand_grouping_us": 1097,
        "fold_us": 1591,
        "forward_us": 7513,
        "generated_actor_queries": 0,
        "inner_worlds_by_level": [],
        "peak_counted_live_array_bytes": 5996655,
        "peak_layer_rows": 12897,
        "peak_retained_array_bytes": 5996655,
        "preparation_us": 22,
        "public_coordinates": 122852,
        "query_lookups": 10,
        "raw_policy_consultations_by_level": [],
        "refused_batches": 0,
        "row_edges": 151520,
        "sample_us": 0,
        "unique_actor_misses_by_level": []
      }
    },
    {
      "worlds": 512,
      "roots": 10,
      "completed": 4,
      "refused": 0,
      "frontier_median_s": 0.0400915,
      "reference_median_s": 0.031998,
      "reference_over_frontier": 0.7981242906850579,
      "common_max_generation_s": 0.691593958,
      "end_to_end_common_ratio": 0.9889385528829246,
      "outer_validation_median_s": 0.000599,
      "warm_median_s": 5.3e-05,
      "serialization_median_s": 0.005335457999999904,
      "parse_median_s": 0.00031229150000011696,
      "host_median_s": 0.08624497949999999,
      "peak_process_rss_bytes": 47136768,
      "stats": {
        "actor_demands_by_level": [],
        "cache_entries": 10,
        "cache_hits": 0,
        "cache_key_bytes": 124640,
        "cache_lookup_us": 112,
        "completed_actor_queries": 0,
        "demand_grouping_us": 4292,
        "fold_us": 5855,
        "forward_us": 30008,
        "generated_actor_queries": 0,
        "inner_worlds_by_level": [],
        "peak_counted_live_array_bytes": 23384158,
        "peak_layer_rows": 51281,
        "peak_retained_array_bytes": 23384158,
        "preparation_us": 34,
        "public_coordinates": 445401,
        "query_lookups": 10,
        "raw_policy_consultations_by_level": [],
        "refused_batches": 0,
        "row_edges": 604079,
        "sample_us": 0,
        "unique_actor_misses_by_level": []
      }
    }
  ],
  "all_complete_vectors_checked": true,
  "elapsed_s": 0.7985900419999999,
  "scope": "Local native component throughput, pip trumps, finite frozen scenario bundles. Native production-core serial or existing four-thread root parallel reference; not full phone wrapper, no strength/k complexity claim. RSS is child high-water maximum so far; retained-array metric excludes maps, prepared queries, caches and allocator overhead. Source generation excluded solve and explicitly charged separately at maximum sample count."
}
