{"coordinates":100,"min_presence":"1","query":"offer-count"}
{"category":null,"completed":"87912aea54d70cde15ad","grade":null}
{"category":null,"completed":"33e46c6a55e034717890","grade":null}
{"category":null,"completed":"1f61f35d473009a7dd2d","grade":null}
{"category":null,"completed":"3c4404777bad2b1a15f0","grade":null}
{"category":null,"completed":"ad143f65ce2514a23335","grade":null}
{"category":null,"completed":"9fe27dc00bc3069e1a3a","grade":null}
{"category":null,"completed":"af1420649b8d7e11eefb","grade":null}
{"category":null,"completed":"af5d5238a887a868ff02","grade":null}
{"category":null,"completed":"676305604b1739edb620","grade":null}
{"category":null,"completed":"18dbeb335daa34ac96bb","grade":null}
{"category":null,"completed":"3fee38769573b1ad12b7","grade":null}
{"category":null,"completed":"fee4f68fc08c73b7157d","grade":null}
{"category":null,"completed":"dae4575f86db5863fe4a","grade":null}
{"category":null,"completed":"e83423a25b567b967ef9","grade":null}
{"category":null,"completed":"eae2dfadccf6c6d9ffb9","grade":null}
{"category":null,"completed":"4da8c92670393e59965c","grade":null}
{"category":null,"completed":"e9ad1af4fcb84f5097d8","grade":null}
{"category":null,"completed":"809b39362e879991d012","grade":null}
{"category":null,"completed":"9b422d3cccdd4fc3605a","grade":null}
{"category":null,"completed":"6dd03f8b37fd597c1c31","grade":null}
{"category":null,"completed":"573b5784790625f91175","grade":null}
{"category":null,"completed":"5cb9ce5b5b93e09c3546","grade":null}
{"category":null,"completed":"c8fe1d106eae134b7afb","grade":null}
{"category":null,"completed":"56835fb4a4b8ee168176","grade":null}
{"category":null,"completed":"93602b1b3c7435952354","grade":null}
{"category":null,"completed":"bd53c9ad0c8969d69b18","grade":null}
{"category":null,"completed":"8e4c27501288b2262263","grade":null}
{"category":null,"completed":"41471ca76d725deed83e","grade":null}
{"category":null,"completed":"1378d6edbadf6b95e142","grade":null}
{"category":null,"completed":"1ca26fca8f55fd4f3ece","grade":null}
{"category":null,"completed":"9831217c088dc87d3f7e","grade":null}
{"category":[{"category":"advantage","comparison":9,"gap_mass":3,"preferred":15}],"completed":"5d94a343252b3d621691","grade":null}
{"category":null,"completed":"208b3574d2ec15478859","grade":null}
{"category":null,"completed":"66b22afa26d02ecf6634","grade":null}
{"category":[],"completed":"ec85e1fc54aae89d8bea","grade":null}
{"category":null,"completed":"0937a11e9e6dbcbc3daf","grade":null}
{"category":null,"completed":"a2570a4649bc43707746","grade":null}
{"category":[],"completed":"bf7b6fe39358ae226415","grade":null}
{"category":null,"completed":"a647c557f847180513c3","grade":null}
{"category":null,"completed":"882fc198f900e6148fb1","grade":null}
{"category":null,"completed":"c69791f3a4e80aea8b6a","grade":null}
{"category":null,"completed":"bb44c4e5d679a97e0c0f","grade":null}
{"category":null,"completed":"46101f450380ba34c430","grade":null}
{"category":null,"completed":"f988d0cc40ea366ec162","grade":null}
{"category":null,"completed":"4cd395ef7adf9711af88","grade":null}
{"category":null,"completed":"aa9a36acae730dc7363a","grade":null}
{"category":null,"completed":"5c04722bdb5888229713","grade":null}
{"category":null,"completed":"5062bae2a2f16b836e5c","grade":null}
{"category":null,"completed":"43da91de2c1b3e2be41a","grade":null}
{"category":null,"completed":"a7b75df7946bcdd17a4b","grade":null}
{"category":null,"completed":"cbf0865509bcf657494b","grade":null}
{"category":null,"completed":"8849cdd502612d93ba0f","grade":null}
{"category":null,"completed":"82c071c71e689120472e","grade":null}
{"category":null,"completed":"f6f7255059451f872b55","grade":null}
{"category":null,"completed":"664a8eec61c9e3fec338","grade":null}
{"category":null,"completed":"b81eabc64cb03e90c1f7","grade":null}
{"category":null,"completed":"5b74e0a350af629a5433","grade":null}
{"category":null,"completed":"d6b254305c4f76d8eed4","grade":null}
{"category":null,"completed":"17649fcf28b9e3a01f10","grade":null}
{"category":null,"completed":"8b1aa2943d1f3abeb918","grade":null}
{"category":null,"completed":"0b614acdc84344b20f18","grade":null}
{"category":null,"completed":"2cf568b8521cd87841fa","grade":null}
{"category":null,"completed":"5dabb8cbb1e94b3736e2","grade":null}
{"category":null,"completed":"015d7bb278ae0619afe0","grade":null}
{"category":null,"completed":"5a65a0c5f2aa0f4cf025","grade":null}
{"category":null,"completed":"3c94867c363f5195b99a","grade":null}
{"category":null,"completed":"9e3f59ea55171d1bf259","grade":null}
{"category":null,"completed":"4db0e8c642aa5329a4e5","grade":null}
{"category":null,"completed":"62cd53e68e0f17e8baeb","grade":null}
{"category":null,"completed":"f395d541edec081d8f57","grade":null}
{"category":null,"completed":"5bc813366c40113a064b","grade":null}
{"category":[{"category":"disadvantage","comparison":20,"gap_mass":2,"preferred":24}],"completed":"c7303b5625f244d93186","grade":null}
{"category":null,"completed":"2e7db87ee25a691fbf90","grade":null}
{"category":null,"completed":"b3427e29847aa3bb4cfd","grade":null}
{"category":null,"completed":"f585da2b77cc7bcee556","grade":null}
{"category":null,"completed":"d7aa93c402595eecf338","grade":null}
{"category":null,"completed":"817bbfa7d7de15d86cd6","grade":null}
{"category":null,"completed":"a485fb79d4395b6edf2c","grade":null}
{"category":null,"completed":"aa095f268dfd11671807","grade":null}
{"category":null,"completed":"862d126b95658f9e5f3b","grade":null}
{"category":null,"completed":"92a2c9ad6c1cddee4515","grade":null}
{"category":null,"completed":"cc7d7c5a085071e5101c","grade":null}
{"category":null,"completed":"02b23ec53eed567ed88c","grade":null}
{"category":null,"completed":"ccd09a0e201dc13a8621","grade":null}
{"category":null,"completed":"fa1a975023d88fac3086","grade":null}
{"category":null,"completed":"eb89171802496399d4e6","grade":null}
{"category":null,"completed":"4628d69b169ca7e1d9f7","grade":null}
{"category":null,"completed":"b572ccb11a89104ea472","grade":null}
{"category":null,"completed":"135186660cf7c496f38c","grade":null}
{"category":null,"completed":"d114eb59d4142fb8c67c","grade":null}
{"category":null,"completed":"514f688eeaa0503e2fbf","grade":null}
{"category":[{"category":"advantage","comparison":18,"gap_mass":22,"preferred":15}],"completed":"073193109a65b085ff01","grade":null}
{"category":null,"completed":"c0ac0731796483bd032f","grade":null}
{"category":null,"completed":"834ae3bb91ebed6190d4","grade":null}
{"category":null,"completed":"ecc5f26426c89476a177","grade":null}
{"category":null,"completed":"a07e5c24602ced7fdb20","grade":null}
{"category":null,"completed":"9993b38927d1e2b25c34","grade":null}
{"category":[{"category":"advantage","comparison":9,"gap_mass":1,"preferred":11}],"completed":"aa475e35b218c7d31d42","grade":null}
{"category":[{"category":"advantage","comparison":9,"gap_mass":4,"preferred":11}],"completed":"6e65aed248278f9eba6a","grade":null}
{"category":[{"category":"disadvantage","comparison":8,"gap_mass":7,"preferred":2}],"completed":"0b290867226ae470118d","grade":null}
