{"worlds": 8, "repeat": 0, "roots": 47, "host_s": 0.255800625, "frontier_us": 2798, "reference_us": 10432, "error": null}
{"worlds": 8, "repeat": 1, "roots": 47, "host_s": 0.016488792000000085, "frontier_us": 2838, "reference_us": 7820, "error": null}
{"worlds": 8, "repeat": 2, "roots": 47, "host_s": 0.014032208999999796, "frontier_us": 2031, "reference_us": 7156, "error": null}
{"worlds": 8, "repeat": 3, "roots": 47, "host_s": 0.012871124999999761, "frontier_us": 2020, "reference_us": 6190, "error": null}
{"worlds": 40, "repeat": 0, "roots": 47, "host_s": 0.03179966599999995, "frontier_us": 6401, "reference_us": 17500, "error": null}
{"worlds": 40, "repeat": 1, "roots": 47, "host_s": 0.030732041999999904, "frontier_us": 6023, "reference_us": 16883, "error": null}
{"worlds": 40, "repeat": 2, "roots": 47, "host_s": 0.031105582999999992, "frontier_us": 6171, "reference_us": 17640, "error": null}
{"worlds": 40, "repeat": 3, "roots": 47, "host_s": 0.030730082999999908, "frontier_us": 6152, "reference_us": 17107, "error": null}
{"worlds": 128, "repeat": 0, "roots": 47, "host_s": 0.10318133299999976, "frontier_us": 17029, "reference_us": 69494, "error": null}
{"worlds": 128, "repeat": 1, "roots": 47, "host_s": 0.10039820900000018, "frontier_us": 16533, "reference_us": 67173, "error": null}
{"worlds": 128, "repeat": 2, "roots": 47, "host_s": 0.10120345899999972, "frontier_us": 16182, "reference_us": 68534, "error": null}
{"worlds": 128, "repeat": 3, "roots": 47, "host_s": 0.10065983299999992, "frontier_us": 16342, "reference_us": 67294, "error": null}
{"worlds": 512, "repeat": 0, "roots": 47, "host_s": 0.36840520900000007, "frontier_us": 60380, "reference_us": 253833, "error": null}
{"worlds": 512, "repeat": 1, "roots": 47, "host_s": 0.369715459, "frontier_us": 68046, "reference_us": 247006, "error": null}
{"worlds": 512, "repeat": 2, "roots": 47, "host_s": 0.37216329199999976, "frontier_us": 61483, "reference_us": 256061, "error": null}
{"worlds": 512, "repeat": 3, "roots": 47, "host_s": 0.3627770830000001, "frontier_us": 60183, "reference_us": 247684, "error": null}
{
  "planned": 128,
  "selected": 47,
  "partial_roots": 30,
  "panels": [
    {
      "worlds": 8,
      "roots": 47,
      "completed": 4,
      "refused": 0,
      "frontier_median_s": 0.0024145,
      "reference_median_s": 0.007488,
      "reference_over_frontier": 3.1012632014909918,
      "common_max_generation_s": 2.455163292,
      "end_to_end_common_ratio": 1.0020644310900413,
      "outer_validation_median_s": 0.00018,
      "warm_median_s": 3.7e-05,
      "serialization_median_s": 0.0009084379999999559,
      "parse_median_s": 0.00019939549999992146,
      "host_median_s": 0.01526050049999994,
      "peak_process_rss_bytes": 5767168,
      "stats": {
        "actor_demands_by_level": [],
        "cache_entries": 47,
        "cache_hits": 0,
        "cache_key_bytes": 17296,
        "cache_lookup_us": 122,
        "completed_actor_queries": 0,
        "demand_grouping_us": 302,
        "fold_us": 1248,
        "forward_us": 4229,
        "generated_actor_queries": 0,
        "inner_worlds_by_level": [],
        "native_choice_calls": 0,
        "native_choice_declared_budget_sum_by_level": [],
        "native_choice_us": 0,
        "native_core_nodes": 0,
        "native_core_pi_misses_by_level": [],
        "native_core_policy_cache_entries": 0,
        "native_core_reported_inner_worlds_by_level": [],
        "peak_counted_live_array_bytes": 536283,
        "peak_layer_rows": 1131,
        "peak_retained_array_bytes": 536283,
        "preparation_us": 90,
        "public_coordinates": 39534,
        "query_lookups": 47,
        "raw_policy_consultations_by_level": [],
        "refused_batches": 0,
        "row_edges": 43361,
        "sample_us": 0,
        "unique_actor_misses_by_level": []
      }
    },
    {
      "worlds": 40,
      "roots": 47,
      "completed": 4,
      "refused": 0,
      "frontier_median_s": 0.0061615,
      "reference_median_s": 0.0173035,
      "reference_over_frontier": 2.808325894668506,
      "common_max_generation_s": 2.455163292,
      "end_to_end_common_ratio": 1.0045268304435946,
      "outer_validation_median_s": 0.0003005,
      "warm_median_s": 3.5e-05,
      "serialization_median_s": 0.002255353999999876,
      "parse_median_s": 0.0003777705000000964,
      "host_median_s": 0.030918812499999948,
      "peak_process_rss_bytes": 10485760,
      "stats": {
        "actor_demands_by_level": [],
        "cache_entries": 47,
        "cache_hits": 0,
        "cache_key_bytes": 53392,
        "cache_lookup_us": 127,
        "completed_actor_queries": 0,
        "demand_grouping_us": 1631,
        "fold_us": 2663,
        "forward_us": 17334,
        "generated_actor_queries": 0,
        "inner_worlds_by_level": [],
        "native_choice_calls": 0,
        "native_choice_declared_budget_sum_by_level": [],
        "native_choice_us": 0,
        "native_core_nodes": 0,
        "native_core_pi_misses_by_level": [],
        "native_core_policy_cache_entries": 0,
        "native_core_reported_inner_worlds_by_level": [],
        "peak_counted_live_array_bytes": 2615053,
        "peak_layer_rows": 5540,
        "peak_retained_array_bytes": 2615053,
        "preparation_us": 85,
        "public_coordinates": 181889,
        "query_lookups": 47,
        "raw_policy_consultations_by_level": [],
        "refused_batches": 0,
        "row_edges": 213158,
        "sample_us": 0,
        "unique_actor_misses_by_level": []
      }
    },
    {
      "worlds": 128,
      "roots": 47,
      "completed": 4,
      "refused": 0,
      "frontier_median_s": 0.0164375,
      "reference_median_s": 0.067914,
      "reference_over_frontier": 4.131650190114068,
      "common_max_generation_s": 2.455163292,
      "end_to_end_common_ratio": 1.0208271902835675,
      "outer_validation_median_s": 0.00076,
      "warm_median_s": 4.4e-05,
      "serialization_median_s": 0.006551208000000086,
      "parse_median_s": 0.0004320625000000522,
      "host_median_s": 0.10093164599999982,
      "peak_process_rss_bytes": 22265856,
      "stats": {
        "actor_demands_by_level": [],
        "cache_entries": 47,
        "cache_hits": 0,
        "cache_key_bytes": 152656,
        "cache_lookup_us": 234,
        "completed_actor_queries": 0,
        "demand_grouping_us": 5290,
        "fold_us": 6900,
        "forward_us": 37540,
        "generated_actor_queries": 0,
        "inner_worlds_by_level": [],
        "native_choice_calls": 0,
        "native_choice_declared_budget_sum_by_level": [],
        "native_choice_us": 0,
        "native_core_nodes": 0,
        "native_core_pi_misses_by_level": [],
        "native_core_policy_cache_entries": 0,
        "native_core_reported_inner_worlds_by_level": [],
        "peak_counted_live_array_bytes": 8238619,
        "peak_layer_rows": 17621,
        "peak_retained_array_bytes": 8238619,
        "preparation_us": 119,
        "public_coordinates": 547997,
        "query_lookups": 47,
        "raw_policy_consultations_by_level": [],
        "refused_batches": 0,
        "row_edges": 679098,
        "sample_us": 0,
        "unique_actor_misses_by_level": []
      }
    },
    {
      "worlds": 512,
      "roots": 47,
      "completed": 4,
      "refused": 0,
      "frontier_median_s": 0.0609315,
      "reference_median_s": 0.2507585,
      "reference_over_frontier": 4.115416492290523,
      "common_max_generation_s": 2.455163292,
      "end_to_end_common_ratio": 1.0754450907825732,
      "outer_validation_median_s": 0.0027385,
      "warm_median_s": 9.25e-05,
      "serialization_median_s": 0.025106333000000314,
      "parse_median_s": 0.0012489995000000143,
      "host_median_s": 0.36906033400000005,
      "peak_process_rss_bytes": 60555264,
      "stats": {
        "actor_demands_by_level": [],
        "cache_entries": 47,
        "cache_hits": 0,
        "cache_key_bytes": 585808,
        "cache_lookup_us": 704,
        "completed_actor_queries": 0,
        "demand_grouping_us": 20820,
        "fold_us": 26712,
        "forward_us": 134363,
        "generated_actor_queries": 0,
        "inner_worlds_by_level": [],
        "native_choice_calls": 0,
        "native_choice_declared_budget_sum_by_level": [],
        "native_choice_us": 0,
        "native_core_nodes": 0,
        "native_core_pi_misses_by_level": [],
        "native_core_policy_cache_entries": 0,
        "native_core_reported_inner_worlds_by_level": [],
        "peak_counted_live_array_bytes": 32350496,
        "peak_layer_rows": 70627,
        "peak_retained_array_bytes": 32350496,
        "preparation_us": 189,
        "public_coordinates": 2015190,
        "query_lookups": 47,
        "raw_policy_consultations_by_level": [],
        "refused_batches": 0,
        "row_edges": 2723221,
        "sample_us": 0,
        "unique_actor_misses_by_level": []
      }
    }
  ],
  "all_complete_vectors_checked": true,
  "elapsed_s": 2.647813209,
  "scope": "Local native component throughput, pip trumps, finite frozen scenario bundles. Native production-core serial or existing four-thread root parallel reference; not full phone wrapper, no strength/k complexity claim. RSS is child high-water maximum so far; retained-array metric excludes maps, prepared queries, caches and allocator overhead. Source generation excluded solve and explicitly charged separately at maximum sample count."
}
