{
  "planned": 15,
  "completed": 15,
  "statuses": {
    "completed": 15
  },
  "source_cases": [
    100,
    101,
    104,
    105,
    107,
    126,
    127,
    128,
    132,
    133,
    165,
    166,
    167,
    206,
    211
  ],
  "tapes": 60,
  "root_action_vectors_compared": 780,
  "all_complete_vectors_equal": true,
  "elapsed_seconds": 7.350645,
  "refused_attempt_seconds": 0,
  "universal_compile_us": 2393919.6240000003,
  "universal_route_us": 52486.78699999999,
  "universal_reduce_13_bids_us": 282707.24899999995,
  "reference_13_bids_us": 906986.2509999998,
  "adaptive_compile_us": 338313.6670000001,
  "adaptive_route_us": 2587.7940000000003,
  "adaptive_reduce_13_bids_us": 231952.792,
  "reference_bid30_us": 120289.79500000003,
  "universal_reduce_bid30_us": 25738.251,
  "adaptive_reduce_bid30_us": 19055.373,
  "universal_nodes": 592717,
  "union_used_coordinates": 58835,
  "unused_coordinates": 533882,
  "union_used_support_incidences": 71816,
  "tape_coordinate_visits": 73104,
  "universal_max_python_object_bytes": 64894815,
  "note": "Python research timing, each vector uses same frozen worlds and tape; no phone strength or speed claim. Includes compile costs explicitly; universal graph may hit node/time cap."
}
