{
  "schema": "adversarial-bidder-counterexample-v1",
  "search_case": 2,
  "source_sha256": "0f6a36b483ab7659ad7b23eed2c562cb06e90d8c2ecd69e17702d7f5daf52852",
  "trump": 2,
  "bid": 30,
  "bidder": 1,
  "viewer": 0,
  "full_deal": [
    [
      1,
      16,
      9,
      4,
      25,
      5,
      17
    ],
    [
      3,
      18,
      15,
      7,
      10,
      11,
      12
    ],
    [
      2,
      27,
      13,
      20,
      0,
      26,
      23
    ],
    [
      14,
      24,
      8,
      19,
      21,
      6,
      22
    ]
  ],
  "history": [
    [
      1,
      11
    ],
    [
      2,
      13
    ],
    [
      3,
      14
    ],
    [
      0,
      25
    ],
    [
      3,
      6
    ],
    [
      0,
      9
    ],
    [
      1,
      7
    ],
    [
      2,
      0
    ],
    [
      0,
      1
    ],
    [
      1,
      3
    ],
    [
      2,
      2
    ],
    [
      3,
      22
    ],
    [
      1,
      12
    ],
    [
      2,
      23
    ],
    [
      3,
      8
    ],
    [
      0,
      5
    ]
  ],
  "actual": {
    "valid": true,
    "points": [
      7,
      17
    ],
    "leader": 0,
    "trick": [],
    "remaining": [
      [
        4,
        16,
        17
      ],
      [
        10,
        15,
        18
      ],
      [
        20,
        26,
        27
      ],
      [
        19,
        21,
        24
      ]
    ]
  },
  "falsely_accepted_deal": [
    [
      1,
      4,
      5,
      9,
      16,
      17,
      25
    ],
    [
      3,
      7,
      10,
      11,
      12,
      18,
      21
    ],
    [
      0,
      2,
      13,
      19,
      23,
      24,
      27
    ],
    [
      6,
      8,
      14,
      15,
      20,
      22,
      26
    ]
  ],
  "independent_failure": {
    "valid": false,
    "ply": 7,
    "actor": 2,
    "tile": 0,
    "legal": [
      24
    ],
    "trick": [
      [
        3,
        6
      ],
      [
        0,
        9
      ],
      [
        1,
        7
      ]
    ],
    "remaining": [
      [
        1,
        4,
        5,
        16,
        17
      ],
      [
        3,
        10,
        12,
        18,
        21
      ],
      [
        0,
        2,
        19,
        23,
        24,
        27
      ],
      [
        8,
        15,
        20,
        22,
        26
      ]
    ]
  },
  "archived_all_legality_checks": true,
  "archived_replay": {
    "done": true,
    "tricks": 1,
    "bid_pts": 0,
    "def_pts": 16,
    "remaining": [
      [
        1,
        4,
        5,
        9,
        16,
        17
      ],
      [
        3,
        7,
        10,
        12,
        18,
        21
      ],
      [
        0,
        2,
        19,
        23,
        24,
        27
      ],
      [
        6,
        8,
        15,
        20,
        22,
        26
      ]
    ]
  },
  "sampled_world_count": 128
}
