{"category":null,"completed":"advantage-02--l2-partner-default","grade":{"choice":20,"optimal":true,"regret":"0","success":"1"}}
{"category":null,"completed":"advantage-05--l1-default","grade":{"choice":20,"optimal":true,"regret":"0","success":"1"}}
{"category":null,"completed":"advantage-04--l2-partner-default","grade":{"choice":8,"optimal":true,"regret":"0","success":"1"}}
{"category":null,"completed":"advantage-04--l1-default","grade":{"choice":8,"optimal":true,"regret":"0","success":"1"}}
{"category":null,"completed":"advantage-02--l1-default","grade":{"choice":20,"optimal":true,"regret":"0","success":"1"}}
{"category":null,"completed":"advantage-03--l1-default","grade":{"choice":20,"optimal":true,"regret":"0","success":"46/75"}}
{"category":null,"completed":"advantage-01--l1-default","grade":{"choice":20,"optimal":true,"regret":"0","success":"1"}}
{"category":null,"completed":"advantage-05--l2-partner-default","grade":{"choice":20,"optimal":true,"regret":"0","success":"1"}}
{"category":null,"completed":"advantage-07--l2-partner-default","grade":{"choice":11,"optimal":true,"regret":"0","success":"3/10"}}
{"category":null,"completed":"advantage-06--l1-default","grade":{"choice":2,"optimal":false,"regret":"11/105","success":"131/210"}}
{"category":null,"completed":"advantage-01--l2-partner-default","grade":{"choice":20,"optimal":true,"regret":"0","success":"1"}}
{"category":null,"completed":"advantage-03--l2-partner-default","grade":{"choice":20,"optimal":true,"regret":"0","success":"46/75"}}
{"category":null,"completed":"advantage-07--l1-default","grade":{"choice":11,"optimal":true,"regret":"0","success":"3/10"}}
{"category":null,"completed":"advantage-08--l1-default","grade":{"choice":25,"optimal":true,"regret":"0","success":"1"}}
{"category":null,"completed":"advantage-09--l1-default","grade":{"choice":15,"optimal":true,"regret":"0","success":"1"}}
{"category":null,"completed":"advantage-09--l2-partner-default","grade":{"choice":15,"optimal":true,"regret":"0","success":"1"}}
{"category":null,"completed":"advantage-10--l1-default","grade":{"choice":25,"optimal":true,"regret":"0","success":"1"}}
{"category":null,"completed":"advantage-08--l2-partner-default","grade":{"choice":25,"optimal":true,"regret":"0","success":"1"}}
{"category":null,"completed":"advantage-12--l1-default","grade":{"choice":25,"optimal":true,"regret":"0","success":"1"}}
{"category":null,"completed":"advantage-10--l2-partner-default","grade":{"choice":25,"optimal":true,"regret":"0","success":"1"}}
{"category":null,"completed":"advantage-06--l2-partner-default","grade":{"choice":15,"optimal":true,"regret":"0","success":"51/70"}}
{"category":null,"completed":"advantage-11--l1-default","grade":{"choice":15,"optimal":true,"regret":"0","success":"5/8"}}
{"category":null,"completed":"advantage-11--l2-partner-default","grade":{"choice":18,"optimal":false,"regret":"1/24","success":"7/12"}}
{"category":null,"completed":"advantage-12--l2-partner-default","grade":{"choice":25,"optimal":true,"regret":"0","success":"1"}}
{"category":null,"completed":"advantage-13--l2-partner-default","grade":{"choice":25,"optimal":true,"regret":"0","success":"1"}}
{"category":null,"completed":"advantage-15--l2-partner-default","grade":{"choice":25,"optimal":true,"regret":"0","success":"1"}}
{"category":null,"completed":"advantage-13--l1-default","grade":{"choice":25,"optimal":true,"regret":"0","success":"1"}}
{"category":null,"completed":"advantage-16--l1-default","grade":{"choice":20,"optimal":true,"regret":"0","success":"1"}}
{"category":null,"completed":"advantage-15--l1-default","grade":{"choice":25,"optimal":true,"regret":"0","success":"1"}}
{"category":null,"completed":"advantage-14--l1-default","grade":{"choice":25,"optimal":true,"regret":"0","success":"1"}}
{"category":null,"completed":"advantage-17--l1-default","grade":{"choice":25,"optimal":true,"regret":"0","success":"1"}}
{"category":null,"completed":"advantage-14--l2-partner-default","grade":{"choice":25,"optimal":true,"regret":"0","success":"1"}}
{"category":null,"completed":"advantage-17--l2-partner-default","grade":{"choice":25,"optimal":true,"regret":"0","success":"1"}}
{"category":null,"completed":"advantage-19--l1-default","grade":{"choice":25,"optimal":true,"regret":"0","success":"1"}}
{"category":null,"completed":"advantage-16--l2-partner-default","grade":{"choice":20,"optimal":true,"regret":"0","success":"1"}}
{"category":null,"completed":"advantage-18--l1-default","grade":{"choice":25,"optimal":true,"regret":"0","success":"36/37"}}
{"category":null,"completed":"advantage-18--l2-partner-default","grade":{"choice":25,"optimal":true,"regret":"0","success":"36/37"}}
{"category":null,"completed":"advantage-20--l1-default","grade":{"choice":3,"optimal":false,"regret":"1/20","success":"7/10"}}
{"category":null,"completed":"advantage-21--l1-default","grade":{"choice":25,"optimal":true,"regret":"0","success":"1"}}
{"category":null,"completed":"advantage-20--l2-partner-default","grade":{"choice":3,"optimal":false,"regret":"1/20","success":"7/10"}}
{"category":null,"completed":"advantage-21--l2-partner-default","grade":{"choice":25,"optimal":true,"regret":"0","success":"1"}}
{"category":null,"completed":"advantage-19--l2-partner-default","grade":{"choice":25,"optimal":true,"regret":"0","success":"1"}}
{"category":null,"completed":"advantage-22--l1-default","grade":{"choice":10,"optimal":false,"regret":"1/38","success":"13/19"}}
{"category":null,"completed":"advantage-23--l2-partner-default","grade":{"choice":25,"optimal":true,"regret":"0","success":"17/27"}}
{"category":null,"completed":"advantage-22--l2-partner-default","grade":{"choice":10,"optimal":false,"regret":"1/38","success":"13/19"}}
{"category":null,"completed":"advantage-23--l1-default","grade":{"choice":25,"optimal":true,"regret":"0","success":"17/27"}}
{"category":null,"completed":"advantage-24--l2-partner-default","grade":{"choice":15,"optimal":true,"regret":"0","success":"19/21"}}
{"category":null,"completed":"advantage-25--l2-partner-default","grade":{"choice":11,"optimal":true,"regret":"0","success":"1"}}
{"category":null,"completed":"advantage-25--l1-default","grade":{"choice":11,"optimal":true,"regret":"0","success":"1"}}
{"category":null,"completed":"advantage-24--l1-default","grade":{"choice":15,"optimal":true,"regret":"0","success":"19/21"}}
{"category":null,"completed":"advantage-26--l2-partner-default","grade":{"choice":25,"optimal":true,"regret":"0","success":"1"}}
{"category":null,"completed":"advantage-26--l1-default","grade":{"choice":25,"optimal":true,"regret":"0","success":"1"}}
{"category":null,"completed":"advantage-27--l1-default","grade":{"choice":26,"optimal":false,"regret":"1/45","success":"29/45"}}
{"category":null,"completed":"advantage-27--l2-partner-default","grade":{"choice":26,"optimal":false,"regret":"1/45","success":"29/45"}}
{"category":null,"completed":"advantage-28--l1-default","grade":{"choice":11,"optimal":true,"regret":"0","success":"62/105"}}
{"category":null,"completed":"advantage-28--l2-partner-default","grade":{"choice":11,"optimal":true,"regret":"0","success":"62/105"}}
{"category":null,"completed":"advantage-30--l1-default","grade":{"choice":21,"optimal":false,"regret":"1/120","success":"109/120"}}
{"category":null,"completed":"advantage-29--l1-default","grade":{"choice":22,"optimal":false,"regret":"1/35","success":"86/105"}}
{"category":null,"completed":"advantage-30--l2-partner-default","grade":{"choice":25,"optimal":true,"regret":"0","success":"11/12"}}
{"category":null,"completed":"advantage-29--l2-partner-default","grade":{"choice":25,"optimal":true,"regret":"0","success":"89/105"}}
