{
  "roundtrips": 168,
  "forced_rejection_cases": 56,
  "cases": [
    {
      "n": 1,
      "first": 0,
      "seed": 7046029254386353131,
      "draw_count": 1,
      "expected": 0
    },
    {
      "n": 1,
      "first": 0,
      "seed": 7046029254386353131,
      "draw_count": 1,
      "expected": 0
    },
    {
      "n": 1,
      "first": 1,
      "seed": 17885559969949501885,
      "draw_count": 1,
      "expected": 0
    },
    {
      "n": 1,
      "first": 18446744073709551614,
      "seed": 5697289922173604375,
      "draw_count": 1,
      "expected": 0
    },
    {
      "n": 1,
      "first": 18446744073709551615,
      "seed": 3558559446808474027,
      "draw_count": 2,
      "expected": 0
    },
    {
      "n": 1,
      "first": 18446744073709551615,
      "seed": 3558559446808474027,
      "draw_count": 2,
      "expected": 0
    },
    {
      "n": 2,
      "first": 0,
      "seed": 7046029254386353131,
      "draw_count": 1,
      "expected": 0
    },
    {
      "n": 2,
      "first": 1,
      "seed": 17885559969949501885,
      "draw_count": 1,
      "expected": 1
    },
    {
      "n": 2,
      "first": 2,
      "seed": 10278346628982968224,
      "draw_count": 1,
      "expected": 0
    },
    {
      "n": 2,
      "first": 18446744073709551613,
      "seed": 17595026016420499197,
      "draw_count": 1,
      "expected": 1
    },
    {
      "n": 2,
      "first": 18446744073709551614,
      "seed": 5697289922173604375,
      "draw_count": 2,
      "expected": 1
    },
    {
      "n": 2,
      "first": 18446744073709551615,
      "seed": 3558559446808474027,
      "draw_count": 2,
      "expected": 1
    },
    {
      "n": 3,
      "first": 0,
      "seed": 7046029254386353131,
      "draw_count": 1,
      "expected": 0
    },
    {
      "n": 3,
      "first": 2,
      "seed": 10278346628982968224,
      "draw_count": 1,
      "expected": 2
    },
    {
      "n": 3,
      "first": 3,
      "seed": 9697084067704644217,
      "draw_count": 1,
      "expected": 0
    },
    {
      "n": 3,
      "first": 18446744073709551614,
      "seed": 5697289922173604375,
      "draw_count": 1,
      "expected": 2
    },
    {
      "n": 3,
      "first": 18446744073709551615,
      "seed": 3558559446808474027,
      "draw_count": 2,
      "expected": 1
    },
    {
      "n": 3,
      "first": 18446744073709551615,
      "seed": 3558559446808474027,
      "draw_count": 2,
      "expected": 1
    },
    {
      "n": 4,
      "first": 0,
      "seed": 7046029254386353131,
      "draw_count": 1,
      "expected": 0
    },
    {
      "n": 4,
      "first": 3,
      "seed": 9697084067704644217,
      "draw_count": 1,
      "expected": 3
    },
    {
      "n": 4,
      "first": 4,
      "seed": 13510664003579583317,
      "draw_count": 1,
      "expected": 0
    },
    {
      "n": 4,
      "first": 18446744073709551611,
      "seed": 6071613386095132866,
      "draw_count": 1,
      "expected": 3
    },
    {
      "n": 4,
      "first": 18446744073709551612,
      "seed": 7257538407534371759,
      "draw_count": 2,
      "expected": 3
    },
    {
      "n": 4,
      "first": 18446744073709551615,
      "seed": 3558559446808474027,
      "draw_count": 2,
      "expected": 1
    },
    {
      "n": 5,
      "first": 0,
      "seed": 7046029254386353131,
      "draw_count": 1,
      "expected": 0
    },
    {
      "n": 5,
      "first": 4,
      "seed": 13510664003579583317,
      "draw_count": 1,
      "expected": 4
    },
    {
      "n": 5,
      "first": 5,
      "seed": 9496213449905971121,
      "draw_count": 1,
      "expected": 0
    },
    {
      "n": 5,
      "first": 18446744073709551614,
      "seed": 5697289922173604375,
      "draw_count": 1,
      "expected": 4
    },
    {
      "n": 5,
      "first": 18446744073709551615,
      "seed": 3558559446808474027,
      "draw_count": 2,
      "expected": 3
    },
    {
      "n": 5,
      "first": 18446744073709551615,
      "seed": 3558559446808474027,
      "draw_count": 2,
      "expected": 3
    },
    {
      "n": 6,
      "first": 0,
      "seed": 7046029254386353131,
      "draw_count": 1,
      "expected": 0
    },
    {
      "n": 6,
      "first": 5,
      "seed": 9496213449905971121,
      "draw_count": 1,
      "expected": 5
    },
    {
      "n": 6,
      "first": 6,
      "seed": 11302328716527294647,
      "draw_count": 1,
      "expected": 0
    },
    {
      "n": 6,
      "first": 18446744073709551611,
      "seed": 6071613386095132866,
      "draw_count": 1,
      "expected": 5
    },
    {
      "n": 6,
      "first": 18446744073709551612,
      "seed": 7257538407534371759,
      "draw_count": 2,
      "expected": 5
    },
    {
      "n": 6,
      "first": 18446744073709551615,
      "seed": 3558559446808474027,
      "draw_count": 2,
      "expected": 1
    },
    {
      "n": 7,
      "first": 0,
      "seed": 7046029254386353131,
      "draw_count": 1,
      "expected": 0
    },
    {
      "n": 7,
      "first": 6,
      "seed": 11302328716527294647,
      "draw_count": 1,
      "expected": 6
    },
    {
      "n": 7,
      "first": 7,
      "seed": 17584158569056203712,
      "draw_count": 1,
      "expected": 0
    },
    {
      "n": 7,
      "first": 18446744073709551613,
      "seed": 17595026016420499197,
      "draw_count": 1,
      "expected": 6
    },
    {
      "n": 7,
      "first": 18446744073709551614,
      "seed": 5697289922173604375,
      "draw_count": 2,
      "expected": 0
    },
    {
      "n": 7,
      "first": 18446744073709551615,
      "seed": 3558559446808474027,
      "draw_count": 2,
      "expected": 1
    },
    {
      "n": 8,
      "first": 0,
      "seed": 7046029254386353131,
      "draw_count": 1,
      "expected": 0
    },
    {
      "n": 8,
      "first": 7,
      "seed": 17584158569056203712,
      "draw_count": 1,
      "expected": 7
    },
    {
      "n": 8,
      "first": 8,
      "seed": 12353602731552825686,
      "draw_count": 1,
      "expected": 0
    },
    {
      "n": 8,
      "first": 18446744073709551607,
      "seed": 800512794814463643,
      "draw_count": 1,
      "expected": 7
    },
    {
      "n": 8,
      "first": 18446744073709551608,
      "seed": 6253247119707804361,
      "draw_count": 2,
      "expected": 0
    },
    {
      "n": 8,
      "first": 18446744073709551615,
      "seed": 3558559446808474027,
      "draw_count": 2,
      "expected": 1
    },
    {
      "n": 9,
      "first": 0,
      "seed": 7046029254386353131,
      "draw_count": 1,
      "expected": 0
    },
    {
      "n": 9,
      "first": 8,
      "seed": 12353602731552825686,
      "draw_count": 1,
      "expected": 8
    },
    {
      "n": 9,
      "first": 9,
      "seed": 11304037661329629713,
      "draw_count": 1,
      "expected": 0
    },
    {
      "n": 9,
      "first": 18446744073709551608,
      "seed": 6253247119707804361,
      "draw_count": 1,
      "expected": 8
    },
    {
      "n": 9,
      "first": 18446744073709551609,
      "seed": 13042476475599121356,
      "draw_count": 2,
      "expected": 3
    },
    {
      "n": 9,
      "first": 18446744073709551615,
      "seed": 3558559446808474027,
      "draw_count": 2,
      "expected": 4
    },
    {
      "n": 10,
      "first": 0,
      "seed": 7046029254386353131,
      "draw_count": 1,
      "expected": 0
    },
    {
      "n": 10,
      "first": 9,
      "seed": 11304037661329629713,
      "draw_count": 1,
      "expected": 9
    },
    {
      "n": 10,
      "first": 10,
      "seed": 10900587493764498779,
      "draw_count": 1,
      "expected": 0
    },
    {
      "n": 10,
      "first": 18446744073709551609,
      "seed": 13042476475599121356,
      "draw_count": 1,
      "expected": 9
    },
    {
      "n": 10,
      "first": 18446744073709551610,
      "seed": 8187556910047604162,
      "draw_count": 2,
      "expected": 3
    },
    {
      "n": 10,
      "first": 18446744073709551615,
      "seed": 3558559446808474027,
      "draw_count": 2,
      "expected": 3
    },
    {
      "n": 11,
      "first": 0,
      "seed": 7046029254386353131,
      "draw_count": 1,
      "expected": 0
    },
    {
      "n": 11,
      "first": 10,
      "seed": 10900587493764498779,
      "draw_count": 1,
      "expected": 10
    },
    {
      "n": 11,
      "first": 11,
      "seed": 2233787174782816460,
      "draw_count": 1,
      "expected": 0
    },
    {
      "n": 11,
      "first": 18446744073709551610,
      "seed": 8187556910047604162,
      "draw_count": 1,
      "expected": 10
    },
    {
      "n": 11,
      "first": 18446744073709551611,
      "seed": 6071613386095132866,
      "draw_count": 2,
      "expected": 6
    },
    {
      "n": 11,
      "first": 18446744073709551615,
      "seed": 3558559446808474027,
      "draw_count": 2,
      "expected": 10
    },
    {
      "n": 12,
      "first": 0,
      "seed": 7046029254386353131,
      "draw_count": 1,
      "expected": 0
    },
    {
      "n": 12,
      "first": 11,
      "seed": 2233787174782816460,
      "draw_count": 1,
      "expected": 11
    },
    {
      "n": 12,
      "first": 12,
      "seed": 7983040444894627484,
      "draw_count": 1,
      "expected": 0
    },
    {
      "n": 12,
      "first": 18446744073709551611,
      "seed": 6071613386095132866,
      "draw_count": 1,
      "expected": 11
    },
    {
      "n": 12,
      "first": 18446744073709551612,
      "seed": 7257538407534371759,
      "draw_count": 2,
      "expected": 11
    },
    {
      "n": 12,
      "first": 18446744073709551615,
      "seed": 3558559446808474027,
      "draw_count": 2,
      "expected": 1
    },
    {
      "n": 13,
      "first": 0,
      "seed": 7046029254386353131,
      "draw_count": 1,
      "expected": 0
    },
    {
      "n": 13,
      "first": 12,
      "seed": 7983040444894627484,
      "draw_count": 1,
      "expected": 12
    },
    {
      "n": 13,
      "first": 13,
      "seed": 2844490257274438710,
      "draw_count": 1,
      "expected": 0
    },
    {
      "n": 13,
      "first": 18446744073709551612,
      "seed": 7257538407534371759,
      "draw_count": 1,
      "expected": 12
    },
    {
      "n": 13,
      "first": 18446744073709551613,
      "seed": 17595026016420499197,
      "draw_count": 2,
      "expected": 4
    },
    {
      "n": 13,
      "first": 18446744073709551615,
      "seed": 3558559446808474027,
      "draw_count": 2,
      "expected": 6
    },
    {
      "n": 14,
      "first": 0,
      "seed": 7046029254386353131,
      "draw_count": 1,
      "expected": 0
    },
    {
      "n": 14,
      "first": 13,
      "seed": 2844490257274438710,
      "draw_count": 1,
      "expected": 13
    },
    {
      "n": 14,
      "first": 14,
      "seed": 9675543792836633510,
      "draw_count": 1,
      "expected": 0
    },
    {
      "n": 14,
      "first": 18446744073709551613,
      "seed": 17595026016420499197,
      "draw_count": 1,
      "expected": 13
    },
    {
      "n": 14,
      "first": 18446744073709551614,
      "seed": 5697289922173604375,
      "draw_count": 2,
      "expected": 7
    },
    {
      "n": 14,
      "first": 18446744073709551615,
      "seed": 3558559446808474027,
      "draw_count": 2,
      "expected": 1
    },
    {
      "n": 15,
      "first": 0,
      "seed": 7046029254386353131,
      "draw_count": 1,
      "expected": 0
    },
    {
      "n": 15,
      "first": 14,
      "seed": 9675543792836633510,
      "draw_count": 1,
      "expected": 14
    },
    {
      "n": 15,
      "first": 15,
      "seed": 13742489918233434733,
      "draw_count": 1,
      "expected": 0
    },
    {
      "n": 15,
      "first": 18446744073709551614,
      "seed": 5697289922173604375,
      "draw_count": 1,
      "expected": 14
    },
    {
      "n": 15,
      "first": 18446744073709551615,
      "seed": 3558559446808474027,
      "draw_count": 2,
      "expected": 13
    },
    {
      "n": 15,
      "first": 18446744073709551615,
      "seed": 3558559446808474027,
      "draw_count": 2,
      "expected": 13
    },
    {
      "n": 16,
      "first": 0,
      "seed": 7046029254386353131,
      "draw_count": 1,
      "expected": 0
    },
    {
      "n": 16,
      "first": 15,
      "seed": 13742489918233434733,
      "draw_count": 1,
      "expected": 15
    },
    {
      "n": 16,
      "first": 16,
      "seed": 17707284481778151765,
      "draw_count": 1,
      "expected": 0
    },
    {
      "n": 16,
      "first": 18446744073709551599,
      "seed": 8612849474949488056,
      "draw_count": 1,
      "expected": 15
    },
    {
      "n": 16,
      "first": 18446744073709551600,
      "seed": 9221024062816390653,
      "draw_count": 2,
      "expected": 8
    },
    {
      "n": 16,
      "first": 18446744073709551615,
      "seed": 3558559446808474027,
      "draw_count": 2,
      "expected": 1
    },
    {
      "n": 17,
      "first": 0,
      "seed": 7046029254386353131,
      "draw_count": 1,
      "expected": 0
    },
    {
      "n": 17,
      "first": 16,
      "seed": 17707284481778151765,
      "draw_count": 1,
      "expected": 16
    },
    {
      "n": 17,
      "first": 17,
      "seed": 16298533358018645356,
      "draw_count": 1,
      "expected": 0
    },
    {
      "n": 17,
      "first": 18446744073709551614,
      "seed": 5697289922173604375,
      "draw_count": 1,
      "expected": 16
    },
    {
      "n": 17,
      "first": 18446744073709551615,
      "seed": 3558559446808474027,
      "draw_count": 2,
      "expected": 3
    },
    {
      "n": 17,
      "first": 18446744073709551615,
      "seed": 3558559446808474027,
      "draw_count": 2,
      "expected": 3
    },
    {
      "n": 18,
      "first": 0,
      "seed": 7046029254386353131,
      "draw_count": 1,
      "expected": 0
    },
    {
      "n": 18,
      "first": 17,
      "seed": 16298533358018645356,
      "draw_count": 1,
      "expected": 17
    },
    {
      "n": 18,
      "first": 18,
      "seed": 1456680767690989848,
      "draw_count": 1,
      "expected": 0
    },
    {
      "n": 18,
      "first": 18446744073709551599,
      "seed": 8612849474949488056,
      "draw_count": 1,
      "expected": 17
    },
    {
      "n": 18,
      "first": 18446744073709551600,
      "seed": 9221024062816390653,
      "draw_count": 2,
      "expected": 12
    },
    {
      "n": 18,
      "first": 18446744073709551615,
      "seed": 3558559446808474027,
      "draw_count": 2,
      "expected": 13
    },
    {
      "n": 19,
      "first": 0,
      "seed": 7046029254386353131,
      "draw_count": 1,
      "expected": 0
    },
    {
      "n": 19,
      "first": 18,
      "seed": 1456680767690989848,
      "draw_count": 1,
      "expected": 18
    },
    {
      "n": 19,
      "first": 19,
      "seed": 7100467776070141213,
      "draw_count": 1,
      "expected": 0
    },
    {
      "n": 19,
      "first": 18446744073709551598,
      "seed": 1039412571768368425,
      "draw_count": 1,
      "expected": 18
    },
    {
      "n": 19,
      "first": 18446744073709551599,
      "seed": 8612849474949488056,
      "draw_count": 2,
      "expected": 10
    },
    {
      "n": 19,
      "first": 18446744073709551615,
      "seed": 3558559446808474027,
      "draw_count": 2,
      "expected": 0
    },
    {
      "n": 20,
      "first": 0,
      "seed": 7046029254386353131,
      "draw_count": 1,
      "expected": 0
    },
    {
      "n": 20,
      "first": 19,
      "seed": 7100467776070141213,
      "draw_count": 1,
      "expected": 19
    },
    {
      "n": 20,
      "first": 20,
      "seed": 14801253998242649583,
      "draw_count": 1,
      "expected": 0
    },
    {
      "n": 20,
      "first": 18446744073709551599,
      "seed": 8612849474949488056,
      "draw_count": 1,
      "expected": 19
    },
    {
      "n": 20,
      "first": 18446744073709551600,
      "seed": 9221024062816390653,
      "draw_count": 2,
      "expected": 12
    },
    {
      "n": 20,
      "first": 18446744073709551615,
      "seed": 3558559446808474027,
      "draw_count": 2,
      "expected": 13
    },
    {
      "n": 21,
      "first": 0,
      "seed": 7046029254386353131,
      "draw_count": 1,
      "expected": 0
    },
    {
      "n": 21,
      "first": 20,
      "seed": 14801253998242649583,
      "draw_count": 1,
      "expected": 20
    },
    {
      "n": 21,
      "first": 21,
      "seed": 14874192811183004007,
      "draw_count": 1,
      "expected": 0
    },
    {
      "n": 21,
      "first": 18446744073709551599,
      "seed": 8612849474949488056,
      "draw_count": 1,
      "expected": 20
    },
    {
      "n": 21,
      "first": 18446744073709551600,
      "seed": 9221024062816390653,
      "draw_count": 2,
      "expected": 6
    },
    {
      "n": 21,
      "first": 18446744073709551615,
      "seed": 3558559446808474027,
      "draw_count": 2,
      "expected": 1
    },
    {
      "n": 22,
      "first": 0,
      "seed": 7046029254386353131,
      "draw_count": 1,
      "expected": 0
    },
    {
      "n": 22,
      "first": 21,
      "seed": 14874192811183004007,
      "draw_count": 1,
      "expected": 21
    },
    {
      "n": 22,
      "first": 22,
      "seed": 8292701419174107380,
      "draw_count": 1,
      "expected": 0
    },
    {
      "n": 22,
      "first": 18446744073709551599,
      "seed": 8612849474949488056,
      "draw_count": 1,
      "expected": 21
    },
    {
      "n": 22,
      "first": 18446744073709551600,
      "seed": 9221024062816390653,
      "draw_count": 2,
      "expected": 20
    },
    {
      "n": 22,
      "first": 18446744073709551615,
      "seed": 3558559446808474027,
      "draw_count": 2,
      "expected": 21
    },
    {
      "n": 23,
      "first": 0,
      "seed": 7046029254386353131,
      "draw_count": 1,
      "expected": 0
    },
    {
      "n": 23,
      "first": 22,
      "seed": 8292701419174107380,
      "draw_count": 1,
      "expected": 22
    },
    {
      "n": 23,
      "first": 23,
      "seed": 15813764220231203680,
      "draw_count": 1,
      "expected": 0
    },
    {
      "n": 23,
      "first": 18446744073709551609,
      "seed": 13042476475599121356,
      "draw_count": 1,
      "expected": 22
    },
    {
      "n": 23,
      "first": 18446744073709551610,
      "seed": 8187556910047604162,
      "draw_count": 2,
      "expected": 17
    },
    {
      "n": 23,
      "first": 18446744073709551615,
      "seed": 3558559446808474027,
      "draw_count": 2,
      "expected": 20
    },
    {
      "n": 24,
      "first": 0,
      "seed": 7046029254386353131,
      "draw_count": 1,
      "expected": 0
    },
    {
      "n": 24,
      "first": 23,
      "seed": 15813764220231203680,
      "draw_count": 1,
      "expected": 23
    },
    {
      "n": 24,
      "first": 24,
      "seed": 8920051635402901837,
      "draw_count": 1,
      "expected": 0
    },
    {
      "n": 24,
      "first": 18446744073709551599,
      "seed": 8612849474949488056,
      "draw_count": 1,
      "expected": 23
    },
    {
      "n": 24,
      "first": 18446744073709551600,
      "seed": 9221024062816390653,
      "draw_count": 2,
      "expected": 0
    },
    {
      "n": 24,
      "first": 18446744073709551615,
      "seed": 3558559446808474027,
      "draw_count": 2,
      "expected": 1
    },
    {
      "n": 25,
      "first": 0,
      "seed": 7046029254386353131,
      "draw_count": 1,
      "expected": 0
    },
    {
      "n": 25,
      "first": 24,
      "seed": 8920051635402901837,
      "draw_count": 1,
      "expected": 24
    },
    {
      "n": 25,
      "first": 25,
      "seed": 13904509412887913406,
      "draw_count": 1,
      "expected": 0
    },
    {
      "n": 25,
      "first": 18446744073709551599,
      "seed": 8612849474949488056,
      "draw_count": 1,
      "expected": 24
    },
    {
      "n": 25,
      "first": 18446744073709551600,
      "seed": 9221024062816390653,
      "draw_count": 2,
      "expected": 7
    },
    {
      "n": 25,
      "first": 18446744073709551615,
      "seed": 3558559446808474027,
      "draw_count": 2,
      "expected": 8
    },
    {
      "n": 26,
      "first": 0,
      "seed": 7046029254386353131,
      "draw_count": 1,
      "expected": 0
    },
    {
      "n": 26,
      "first": 25,
      "seed": 13904509412887913406,
      "draw_count": 1,
      "expected": 25
    },
    {
      "n": 26,
      "first": 26,
      "seed": 6264647248633501693,
      "draw_count": 1,
      "expected": 0
    },
    {
      "n": 26,
      "first": 18446744073709551599,
      "seed": 8612849474949488056,
      "draw_count": 1,
      "expected": 25
    },
    {
      "n": 26,
      "first": 18446744073709551600,
      "seed": 9221024062816390653,
      "draw_count": 2,
      "expected": 10
    },
    {
      "n": 26,
      "first": 18446744073709551615,
      "seed": 3558559446808474027,
      "draw_count": 2,
      "expected": 19
    },
    {
      "n": 27,
      "first": 0,
      "seed": 7046029254386353131,
      "draw_count": 1,
      "expected": 0
    },
    {
      "n": 27,
      "first": 26,
      "seed": 6264647248633501693,
      "draw_count": 1,
      "expected": 26
    },
    {
      "n": 27,
      "first": 27,
      "seed": 2745525497661006585,
      "draw_count": 1,
      "expected": 0
    },
    {
      "n": 27,
      "first": 18446744073709551590,
      "seed": 4096602580712647446,
      "draw_count": 1,
      "expected": 26
    },
    {
      "n": 27,
      "first": 18446744073709551591,
      "seed": 4664156381371782278,
      "draw_count": 2,
      "expected": 22
    },
    {
      "n": 27,
      "first": 18446744073709551615,
      "seed": 3558559446808474027,
      "draw_count": 2,
      "expected": 22
    },
    {
      "n": 28,
      "first": 0,
      "seed": 7046029254386353131,
      "draw_count": 1,
      "expected": 0
    },
    {
      "n": 28,
      "first": 27,
      "seed": 2745525497661006585,
      "draw_count": 1,
      "expected": 27
    },
    {
      "n": 28,
      "first": 28,
      "seed": 15554518659535590266,
      "draw_count": 1,
      "expected": 0
    },
    {
      "n": 28,
      "first": 18446744073709551599,
      "seed": 8612849474949488056,
      "draw_count": 1,
      "expected": 27
    },
    {
      "n": 28,
      "first": 18446744073709551600,
      "seed": 9221024062816390653,
      "draw_count": 2,
      "expected": 20
    },
    {
      "n": 28,
      "first": 18446744073709551615,
      "seed": 3558559446808474027,
      "draw_count": 2,
      "expected": 1
    }
  ]
}
