{"path": "/Users/jason/code/texas-42-partnership-launch/experiments/partnership/campaigns/default-partner-battery/02-voids", "seed": 750647, "paired": {"seed_delta": 1, "wins": 1, "losses": 0, "ties": 0, "a_contract_wins": 2, "b_contract_wins": 0}, "completed": 48}
{"path": "/Users/jason/code/texas-42-partnership-launch/experiments/partnership/campaigns/default-partner-battery/02-voids", "seed": 750648, "paired": {"seed_delta": 0, "wins": 0, "losses": 0, "ties": 1, "a_contract_wins": 1, "b_contract_wins": 1}, "completed": 49}
{"path": "/Users/jason/code/texas-42-partnership-launch/experiments/partnership/campaigns/default-partner-battery/01-level", "seed": 750651, "paired": {"seed_delta": 0, "wins": 0, "losses": 0, "ties": 1, "a_contract_wins": 1, "b_contract_wins": 1}, "completed": 52}
{"path": "/Users/jason/code/texas-42-partnership-launch/experiments/partnership/campaigns/default-partner-battery/01-level", "seed": 750652, "paired": {"seed_delta": 0, "wins": 0, "losses": 0, "ties": 1, "a_contract_wins": 1, "b_contract_wins": 1}, "completed": 53}
{"path": "/Users/jason/code/texas-42-partnership-launch/experiments/partnership/campaigns/default-partner-battery/01-level", "seed": 750653, "paired": {"seed_delta": 1, "wins": 1, "losses": 0, "ties": 0, "a_contract_wins": 2, "b_contract_wins": 0}, "completed": 54}
{"path": "/Users/jason/code/texas-42-partnership-launch/experiments/partnership/campaigns/default-partner-battery/02-voids", "seed": 750649, "paired": {"seed_delta": 1, "wins": 1, "losses": 0, "ties": 0, "a_contract_wins": 2, "b_contract_wins": 0}, "completed": 50}
{"path": "/Users/jason/code/texas-42-partnership-launch/experiments/partnership/campaigns/default-partner-battery/01-level", "seed": 750654, "paired": {"seed_delta": 0, "wins": 0, "losses": 0, "ties": 1, "a_contract_wins": 1, "b_contract_wins": 1}, "completed": 55}
{"path": "/Users/jason/code/texas-42-partnership-launch/experiments/partnership/campaigns/default-partner-battery/01-level", "seed": 750655, "paired": {"seed_delta": 0, "wins": 0, "losses": 0, "ties": 1, "a_contract_wins": 1, "b_contract_wins": 1}, "completed": 56}
{"path": "/Users/jason/code/texas-42-partnership-launch/experiments/partnership/campaigns/default-partner-battery/01-level", "seed": 750656, "paired": {"seed_delta": 0, "wins": 0, "losses": 0, "ties": 1, "a_contract_wins": 1, "b_contract_wins": 1}, "completed": 57}
{"path": "/Users/jason/code/texas-42-partnership-launch/experiments/partnership/campaigns/default-partner-battery/01-level", "seed": 750657, "paired": {"seed_delta": 0, "wins": 0, "losses": 0, "ties": 1, "a_contract_wins": 1, "b_contract_wins": 1}, "completed": 58}
{"path": "/Users/jason/code/texas-42-partnership-launch/experiments/partnership/campaigns/default-partner-battery/02-voids", "seed": 750650, "paired": {"seed_delta": 0, "wins": 0, "losses": 0, "ties": 1, "a_contract_wins": 1, "b_contract_wins": 1}, "completed": 51}
{"path": "/Users/jason/code/texas-42-partnership-launch/experiments/partnership/campaigns/default-partner-battery/02-voids", "seed": 750651, "paired": {"seed_delta": 0, "wins": 0, "losses": 0, "ties": 1, "a_contract_wins": 1, "b_contract_wins": 1}, "completed": 52}
{"path": "/Users/jason/code/texas-42-partnership-launch/experiments/partnership/campaigns/default-partner-battery/02-voids", "seed": 750652, "paired": {"seed_delta": 0, "wins": 0, "losses": 0, "ties": 1, "a_contract_wins": 1, "b_contract_wins": 1}, "completed": 53}
{"path": "/Users/jason/code/texas-42-partnership-launch/experiments/partnership/campaigns/default-partner-battery/01-level", "seed": 750658, "paired": {"seed_delta": 0, "wins": 0, "losses": 0, "ties": 1, "a_contract_wins": 1, "b_contract_wins": 1}, "completed": 59}
{"path": "/Users/jason/code/texas-42-partnership-launch/experiments/partnership/campaigns/default-partner-battery/01-level", "seed": 750659, "paired": {"seed_delta": 1, "wins": 1, "losses": 0, "ties": 0, "a_contract_wins": 2, "b_contract_wins": 0}, "completed": 60}
{"path": "/Users/jason/code/texas-42-partnership-launch/experiments/partnership/campaigns/default-partner-battery/02-voids", "seed": 750653, "paired": {"seed_delta": 0, "wins": 0, "losses": 0, "ties": 1, "a_contract_wins": 1, "b_contract_wins": 1}, "completed": 54}
{"path": "/Users/jason/code/texas-42-partnership-launch/experiments/partnership/campaigns/default-partner-battery/01-level", "seed": 750660, "paired": {"seed_delta": 0, "wins": 0, "losses": 0, "ties": 1, "a_contract_wins": 1, "b_contract_wins": 1}, "completed": 61}
{"path": "/Users/jason/code/texas-42-partnership-launch/experiments/partnership/campaigns/default-partner-battery/02-voids", "seed": 750654, "paired": {"seed_delta": 0, "wins": 0, "losses": 0, "ties": 1, "a_contract_wins": 1, "b_contract_wins": 1}, "completed": 55}
{"path": "/Users/jason/code/texas-42-partnership-launch/experiments/partnership/campaigns/default-partner-battery/01-level", "seed": 750661, "paired": {"seed_delta": 1, "wins": 1, "losses": 0, "ties": 0, "a_contract_wins": 2, "b_contract_wins": 0}, "completed": 62}
{"path": "/Users/jason/code/texas-42-partnership-launch/experiments/partnership/campaigns/default-partner-battery/02-voids", "seed": 750655, "paired": {"seed_delta": 0, "wins": 0, "losses": 0, "ties": 1, "a_contract_wins": 1, "b_contract_wins": 1}, "completed": 56}
{"path": "/Users/jason/code/texas-42-partnership-launch/experiments/partnership/campaigns/default-partner-battery/02-voids", "seed": 750656, "paired": {"seed_delta": 0, "wins": 0, "losses": 0, "ties": 1, "a_contract_wins": 1, "b_contract_wins": 1}, "completed": 57}
{"path": "/Users/jason/code/texas-42-partnership-launch/experiments/partnership/campaigns/default-partner-battery/02-voids", "seed": 750657, "paired": {"seed_delta": 0, "wins": 0, "losses": 0, "ties": 1, "a_contract_wins": 1, "b_contract_wins": 1}, "completed": 58}
{"path": "/Users/jason/code/texas-42-partnership-launch/experiments/partnership/campaigns/default-partner-battery/02-voids", "seed": 750658, "paired": {"seed_delta": 0, "wins": 0, "losses": 0, "ties": 1, "a_contract_wins": 1, "b_contract_wins": 1}, "completed": 59}
{"path": "/Users/jason/code/texas-42-partnership-launch/experiments/partnership/campaigns/default-partner-battery/01-level", "seed": 750662, "paired": {"seed_delta": -1, "wins": 0, "losses": 1, "ties": 0, "a_contract_wins": 0, "b_contract_wins": 2}, "completed": 63}
{"path": "/Users/jason/code/texas-42-partnership-launch/experiments/partnership/campaigns/default-partner-battery/01-level", "seed": 750663, "paired": {"seed_delta": 0, "wins": 0, "losses": 0, "ties": 1, "a_contract_wins": 1, "b_contract_wins": 1}, "completed": 64}
{"path": "/Users/jason/code/texas-42-partnership-launch/experiments/partnership/campaigns/default-partner-battery/02-voids", "seed": 750659, "paired": {"seed_delta": -1, "wins": 0, "losses": 1, "ties": 0, "a_contract_wins": 0, "b_contract_wins": 2}, "completed": 60}
{"path": "/Users/jason/code/texas-42-partnership-launch/experiments/partnership/campaigns/default-partner-battery/01-level", "seed": 750664, "paired": {"seed_delta": 1, "wins": 1, "losses": 0, "ties": 0, "a_contract_wins": 2, "b_contract_wins": 0}, "completed": 65}
{"path": "/Users/jason/code/texas-42-partnership-launch/experiments/partnership/campaigns/default-partner-battery/01-level", "seed": 750665, "paired": {"seed_delta": 0, "wins": 0, "losses": 0, "ties": 1, "a_contract_wins": 1, "b_contract_wins": 1}, "completed": 66}
{"path": "/Users/jason/code/texas-42-partnership-launch/experiments/partnership/campaigns/default-partner-battery/01-level", "seed": 750666, "paired": {"seed_delta": 1, "wins": 1, "losses": 0, "ties": 0, "a_contract_wins": 2, "b_contract_wins": 0}, "completed": 67}
{"path": "/Users/jason/code/texas-42-partnership-launch/experiments/partnership/campaigns/default-partner-battery/02-voids", "seed": 750660, "paired": {"seed_delta": -1, "wins": 0, "losses": 1, "ties": 0, "a_contract_wins": 0, "b_contract_wins": 2}, "completed": 61}
{"path": "/Users/jason/code/texas-42-partnership-launch/experiments/partnership/campaigns/default-partner-battery/02-voids", "seed": 750661, "paired": {"seed_delta": -1, "wins": 0, "losses": 1, "ties": 0, "a_contract_wins": 0, "b_contract_wins": 2}, "completed": 62}
{"path": "/Users/jason/code/texas-42-partnership-launch/experiments/partnership/campaigns/default-partner-battery/01-level", "seed": 750667, "paired": {"seed_delta": 0, "wins": 0, "losses": 0, "ties": 1, "a_contract_wins": 1, "b_contract_wins": 1}, "completed": 68}
{"path": "/Users/jason/code/texas-42-partnership-launch/experiments/partnership/campaigns/default-partner-battery/01-level", "seed": 750668, "paired": {"seed_delta": 0, "wins": 0, "losses": 0, "ties": 1, "a_contract_wins": 1, "b_contract_wins": 1}, "completed": 69}
{"path": "/Users/jason/code/texas-42-partnership-launch/experiments/partnership/campaigns/default-partner-battery/02-voids", "seed": 750662, "paired": {"seed_delta": 0, "wins": 0, "losses": 0, "ties": 1, "a_contract_wins": 1, "b_contract_wins": 1}, "completed": 63}
{"path": "/Users/jason/code/texas-42-partnership-launch/experiments/partnership/campaigns/default-partner-battery/01-level", "seed": 750669, "paired": {"seed_delta": 0, "wins": 0, "losses": 0, "ties": 1, "a_contract_wins": 1, "b_contract_wins": 1}, "completed": 70}
{"path": "/Users/jason/code/texas-42-partnership-launch/experiments/partnership/campaigns/default-partner-battery/02-voids", "seed": 750663, "paired": {"seed_delta": 0, "wins": 0, "losses": 0, "ties": 1, "a_contract_wins": 1, "b_contract_wins": 1}, "completed": 64}
{"path": "/Users/jason/code/texas-42-partnership-launch/experiments/partnership/campaigns/default-partner-battery/02-voids", "seed": 750664, "paired": {"seed_delta": 1, "wins": 1, "losses": 0, "ties": 0, "a_contract_wins": 2, "b_contract_wins": 0}, "completed": 65}
{"path": "/Users/jason/code/texas-42-partnership-launch/experiments/partnership/campaigns/default-partner-battery/01-level", "seed": 750670, "paired": {"seed_delta": 0, "wins": 0, "losses": 0, "ties": 1, "a_contract_wins": 1, "b_contract_wins": 1}, "completed": 71}
{"path": "/Users/jason/code/texas-42-partnership-launch/experiments/partnership/campaigns/default-partner-battery/01-level", "seed": 750671, "paired": {"seed_delta": 0, "wins": 0, "losses": 0, "ties": 1, "a_contract_wins": 1, "b_contract_wins": 1}, "completed": 72}
{"path": "/Users/jason/code/texas-42-partnership-launch/experiments/partnership/campaigns/default-partner-battery/02-voids", "seed": 750665, "paired": {"seed_delta": 0, "wins": 0, "losses": 0, "ties": 1, "a_contract_wins": 1, "b_contract_wins": 1}, "completed": 66}
{"path": "/Users/jason/code/texas-42-partnership-launch/experiments/partnership/campaigns/default-partner-battery/02-voids", "seed": 750666, "paired": {"seed_delta": 0, "wins": 0, "losses": 0, "ties": 1, "a_contract_wins": 1, "b_contract_wins": 1}, "completed": 67}
{"path": "/Users/jason/code/texas-42-partnership-launch/experiments/partnership/campaigns/default-partner-battery/02-voids", "seed": 750667, "paired": {"seed_delta": 0, "wins": 0, "losses": 0, "ties": 1, "a_contract_wins": 1, "b_contract_wins": 1}, "completed": 68}
{"path": "/Users/jason/code/texas-42-partnership-launch/experiments/partnership/campaigns/default-partner-battery/01-level", "seed": 750672, "paired": {"seed_delta": -1, "wins": 0, "losses": 1, "ties": 0, "a_contract_wins": 0, "b_contract_wins": 2}, "completed": 73}
{"path": "/Users/jason/code/texas-42-partnership-launch/experiments/partnership/campaigns/default-partner-battery/02-voids", "seed": 750668, "paired": {"seed_delta": 0, "wins": 0, "losses": 0, "ties": 1, "a_contract_wins": 1, "b_contract_wins": 1}, "completed": 69}
{"path": "/Users/jason/code/texas-42-partnership-launch/experiments/partnership/campaigns/default-partner-battery/01-level", "seed": 750673, "paired": {"seed_delta": 1, "wins": 1, "losses": 0, "ties": 0, "a_contract_wins": 2, "b_contract_wins": 0}, "completed": 74}
{"path": "/Users/jason/code/texas-42-partnership-launch/experiments/partnership/campaigns/default-partner-battery/01-level", "seed": 750674, "paired": {"seed_delta": 1, "wins": 1, "losses": 0, "ties": 0, "a_contract_wins": 2, "b_contract_wins": 0}, "completed": 75}
{"path": "/Users/jason/code/texas-42-partnership-launch/experiments/partnership/campaigns/default-partner-battery/01-level", "seed": 750675, "paired": {"seed_delta": 0, "wins": 0, "losses": 0, "ties": 1, "a_contract_wins": 1, "b_contract_wins": 1}, "completed": 76}
{"path": "/Users/jason/code/texas-42-partnership-launch/experiments/partnership/campaigns/default-partner-battery/01-level", "seed": 750676, "paired": {"seed_delta": 0, "wins": 0, "losses": 0, "ties": 1, "a_contract_wins": 1, "b_contract_wins": 1}, "completed": 77}
{"path": "/Users/jason/code/texas-42-partnership-launch/experiments/partnership/campaigns/default-partner-battery/02-voids", "seed": 750669, "paired": {"seed_delta": 0, "wins": 0, "losses": 0, "ties": 1, "a_contract_wins": 1, "b_contract_wins": 1}, "completed": 70}
{"path": "/Users/jason/code/texas-42-partnership-launch/experiments/partnership/campaigns/default-partner-battery/02-voids", "seed": 750670, "paired": {"seed_delta": 0, "wins": 0, "losses": 0, "ties": 1, "a_contract_wins": 1, "b_contract_wins": 1}, "completed": 71}
{"path": "/Users/jason/code/texas-42-partnership-launch/experiments/partnership/campaigns/default-partner-battery/01-level", "seed": 750677, "paired": {"seed_delta": 0, "wins": 0, "losses": 0, "ties": 1, "a_contract_wins": 1, "b_contract_wins": 1}, "completed": 78}
{"path": "/Users/jason/code/texas-42-partnership-launch/experiments/partnership/campaigns/default-partner-battery/01-level", "seed": 750678, "paired": {"seed_delta": 0, "wins": 0, "losses": 0, "ties": 1, "a_contract_wins": 1, "b_contract_wins": 1}, "completed": 79}
{"id": "pool-2c985baa-66c3-4fe7-b67c-adf8ef293877", "started_utc": "2026-09-07T00:56:17.347804+00:00", "status": "slice-complete", "workers": 10, "seconds": 270, "retries": 2, "paths": ["/Users/jason/code/texas-42-partnership-launch/experiments/partnership/campaigns/default-partner-battery/01-level", "/Users/jason/code/texas-42-partnership-launch/experiments/partnership/campaigns/default-partner-battery/02-voids"], "scheduler_sha256": "7d34094f3971b00119ff8aaedbd0950e832eb3692bc8989656affff06ada4857", "committed": {"/Users/jason/code/texas-42-partnership-launch/experiments/partnership/campaigns/default-partner-battery/01-level": [750651, 750652, 750653, 750654, 750655, 750656, 750657, 750658, 750659, 750660, 750661, 750662, 750663, 750664, 750665, 750666, 750667, 750668, 750669, 750670, 750671, 750672, 750673, 750674, 750675, 750676, 750677, 750678], "/Users/jason/code/texas-42-partnership-launch/experiments/partnership/campaigns/default-partner-battery/02-voids": [750647, 750648, 750649, 750650, 750651, 750652, 750653, 750654, 750655, 750656, 750657, 750658, 750659, 750660, 750661, 750662, 750663, 750664, 750665, 750666, 750667, 750668, 750669, 750670]}, "attempts": 114, "peak_active_games": 10, "elapsed_seconds": 274.303862875, "finished_utc": "2026-09-07T01:00:51.640593+00:00"}
