{
  "proposed_independent_deals": 93,
  "fresh_public_roots": 36,
  "declarations": [
    0,
    1,
    2,
    3,
    4,
    5,
    6,
    7,
    9
  ],
  "actor_seats": [
    0,
    1,
    2,
    3
  ],
  "complete_variant_vectors": 144,
  "independently_full_replayed_sampled_worlds": 1440,
  "production_sample_and_rng_validation": true,
  "ascending_ties": true,
  "malformed_or_private_requests_refused": 29,
  "ineligible_routes": [
    "early",
    "forced",
    "settled"
  ],
  "mocked_phone_fallbacks": [
    "early",
    "settled",
    "forced",
    "kernel-refusal",
    "spawn-failure",
    "malformed",
    "nonobject",
    "empty",
    "missing",
    "illegal",
    "timeout",
    "brokenpipe"
  ],
  "binary_sha256": "87677300f84dc0662bdd58eeebd8f8efbd128e9e19d443cf0a4f686746993380",
  "source_sha256": {
    "integration/src/main.rs": "577d6d38acdff1e484209344b79a9b28a2318db72f1ecc952ecffa682fbe8a1e",
    "player.py": "18db7db06b16fb2664a7efaeef884939f9d8c391b656178032883d627863c9d1",
    "checks/check_integration.py": "52047ca4e19e380d3b27ca2ba2619e58138feff8c6b70a5f1c1703d2b2d54842"
  },
  "scope": "Finite local late policy integration. Phone routing uses a mock here; actual complete games are separately audited. Native status/sampler/reference use existing production routines; Python full historical replay is independent. No phone deployment or strength conclusion."
}
