{"worlds": 8, "repeat": 0, "roots": 47, "host_s": 0.011909499999999795, "frontier_us": 5995, "reference_us": 0, "error": null}
{"worlds": 8, "repeat": 1, "roots": 47, "host_s": 0.009111250000000126, "frontier_us": 4610, "reference_us": 0, "error": null}
{"worlds": 8, "repeat": 2, "roots": 47, "host_s": 0.00804087500000028, "frontier_us": 4109, "reference_us": 0, "error": null}
{"worlds": 8, "repeat": 3, "roots": 47, "host_s": 0.007553082999999905, "frontier_us": 3687, "reference_us": 0, "error": null}
{"worlds": 40, "repeat": 0, "roots": 47, "host_s": 0.021137541999999954, "frontier_us": 14493, "reference_us": 0, "error": null}
{"worlds": 40, "repeat": 1, "roots": 47, "host_s": 0.02138245800000016, "frontier_us": 14683, "reference_us": 0, "error": null}
{"worlds": 40, "repeat": 2, "roots": 47, "host_s": 0.02125104199999983, "frontier_us": 14720, "reference_us": 0, "error": null}
{"worlds": 40, "repeat": 3, "roots": 47, "host_s": 0.021214250000000323, "frontier_us": 14720, "reference_us": 0, "error": null}
{"worlds": 128, "repeat": 0, "roots": 47, "host_s": 0.06041791600000046, "frontier_us": 44861, "reference_us": 0, "error": null}
{"worlds": 128, "repeat": 1, "roots": 47, "host_s": 0.061988624999999686, "frontier_us": 46071, "reference_us": 0, "error": null}
{"worlds": 128, "repeat": 2, "roots": 47, "host_s": 0.061107875000000256, "frontier_us": 45709, "reference_us": 0, "error": null}
{"worlds": 128, "repeat": 3, "roots": 47, "host_s": 0.06036912499999936, "frontier_us": 44134, "reference_us": 0, "error": null}
{"worlds": 512, "repeat": 0, "roots": 47, "host_s": 0.22728929200000003, "frontier_us": 170466, "reference_us": 0, "error": null}
{"worlds": 512, "repeat": 1, "roots": 47, "host_s": 0.22584299999999935, "frontier_us": 172194, "reference_us": 0, "error": null}
{"worlds": 512, "repeat": 2, "roots": 47, "host_s": 0.22561108299999866, "frontier_us": 171458, "reference_us": 0, "error": null}
{"worlds": 512, "repeat": 3, "roots": 47, "host_s": 0.2217752500000003, "frontier_us": 168033, "reference_us": 0, "error": null}
{
  "planned": 128,
  "selected": 47,
  "partial_roots": 30,
  "panels": [
    {
      "worlds": 8,
      "roots": 47,
      "completed": 4,
      "refused": 0,
      "frontier_median_s": 0.0043595,
      "reference_median_s": 0.000611,
      "reference_over_frontier": 0.1401536873494667,
      "common_max_generation_s": 2.4016596249999997,
      "end_to_end_common_ratio": 0.9984420323342194,
      "outer_validation_median_s": 0.0001595,
      "warm_median_s": 1.6e-05,
      "serialization_median_s": 0.0010433960000002518,
      "parse_median_s": 0.00017008350000002892,
      "host_median_s": 0.008576062500000203,
      "peak_process_rss_bytes": 7274496,
      "stats": {
        "actor_demands_by_level": [],
        "cache_entries": 47,
        "cache_hits": 0,
        "cache_key_bytes": 17296,
        "cache_lookup_us": 27,
        "completed_actor_queries": 0,
        "demand_grouping_us": 355,
        "fold_us": 548,
        "forward_us": 2537,
        "generated_actor_queries": 0,
        "inner_worlds_by_level": [],
        "native_choice_calls": 0,
        "native_choice_declared_budget_sum_by_level": [],
        "native_choice_us": 0,
        "native_core_nodes": 0,
        "native_core_pi_misses_by_level": [],
        "native_core_policy_cache_entries": 0,
        "native_core_reported_inner_worlds_by_level": [],
        "peak_counted_live_array_bytes": 421963,
        "peak_layer_rows": 881,
        "peak_retained_array_bytes": 421963,
        "preparation_us": 19,
        "public_coordinates": 41229,
        "query_lookups": 47,
        "raw_policy_consultations_by_level": [],
        "refused_batches": 0,
        "row_edges": 45383,
        "sample_us": 0,
        "unique_actor_misses_by_level": []
      },
      "actual_world_generation_s": 0.059430541999999864,
      "reference_total_median_s": 0.000889,
      "reference_total_over_frontier": 0.20392246817295565,
      "frontier_standalone_median_s": 0.009756667000000219,
      "reference_standalone_median_s": 0.00594722950000004,
      "standalone_ratio": 0.6095554455225238,
      "end_to_end_actual_generation_ratio": 0.9449401478241423,
      "frontier_child_cpu_median_s": 0.0069514999999999985,
      "reference_child_cpu_median_s": 0.00341
    },
    {
      "worlds": 40,
      "roots": 47,
      "completed": 4,
      "refused": 0,
      "frontier_median_s": 0.0147015,
      "reference_median_s": 0.010278,
      "reference_over_frontier": 0.699112335475972,
      "common_max_generation_s": 2.4016596249999997,
      "end_to_end_common_ratio": 0.9981693547565246,
      "outer_validation_median_s": 0.000295,
      "warm_median_s": 2.7e-05,
      "serialization_median_s": 0.002218479000000162,
      "parse_median_s": 0.0002141875000001292,
      "host_median_s": 0.021232646000000077,
      "peak_process_rss_bytes": 8470528,
      "stats": {
        "actor_demands_by_level": [],
        "cache_entries": 47,
        "cache_hits": 0,
        "cache_key_bytes": 53392,
        "cache_lookup_us": 60,
        "completed_actor_queries": 0,
        "demand_grouping_us": 1588,
        "fold_us": 2158,
        "forward_us": 10631,
        "generated_actor_queries": 0,
        "inner_worlds_by_level": [],
        "native_choice_calls": 0,
        "native_choice_declared_budget_sum_by_level": [],
        "native_choice_us": 0,
        "native_core_nodes": 0,
        "native_core_pi_misses_by_level": [],
        "native_core_policy_cache_entries": 0,
        "native_core_reported_inner_worlds_by_level": [],
        "peak_counted_live_array_bytes": 2028469,
        "peak_layer_rows": 4289,
        "peak_retained_array_bytes": 2028469,
        "preparation_us": 28,
        "public_coordinates": 189316,
        "query_lookups": 47,
        "raw_policy_consultations_by_level": [],
        "refused_batches": 0,
        "row_edges": 222714,
        "sample_us": 0,
        "unique_actor_misses_by_level": []
      },
      "actual_world_generation_s": 0.2164373340000001,
      "reference_total_median_s": 0.010583,
      "reference_total_over_frontier": 0.7198585178383159,
      "frontier_standalone_median_s": 0.02371885450000022,
      "reference_standalone_median_s": 0.01936887499999984,
      "standalone_ratio": 0.8166024628212826,
      "end_to_end_actual_generation_ratio": 0.9818868731754528,
      "frontier_child_cpu_median_s": 0.018466000000000003,
      "reference_child_cpu_median_s": 0.01420550000000001
    },
    {
      "worlds": 128,
      "roots": 47,
      "completed": 4,
      "refused": 0,
      "frontier_median_s": 0.045285,
      "reference_median_s": 0.034659,
      "reference_over_frontier": 0.7653527658164956,
      "common_max_generation_s": 2.4016596249999997,
      "end_to_end_common_ratio": 0.9956574415736932,
      "outer_validation_median_s": 0.000754,
      "warm_median_s": 6.9e-05,
      "serialization_median_s": 0.0064709999999998935,
      "parse_median_s": 0.0004391880000000903,
      "host_median_s": 0.06076289550000036,
      "peak_process_rss_bytes": 17743872,
      "stats": {
        "actor_demands_by_level": [],
        "cache_entries": 47,
        "cache_hits": 0,
        "cache_key_bytes": 152656,
        "cache_lookup_us": 152,
        "completed_actor_queries": 0,
        "demand_grouping_us": 5107,
        "fold_us": 6234,
        "forward_us": 32173,
        "generated_actor_queries": 0,
        "inner_worlds_by_level": [],
        "native_choice_calls": 0,
        "native_choice_declared_budget_sum_by_level": [],
        "native_choice_us": 0,
        "native_core_nodes": 0,
        "native_core_pi_misses_by_level": [],
        "native_core_policy_cache_entries": 0,
        "native_core_reported_inner_worlds_by_level": [],
        "peak_counted_live_array_bytes": 6319669,
        "peak_layer_rows": 13535,
        "peak_retained_array_bytes": 6319669,
        "preparation_us": 45,
        "public_coordinates": 570807,
        "query_lookups": 47,
        "raw_policy_consultations_by_level": [],
        "refused_batches": 0,
        "row_edges": 709418,
        "sample_us": 0,
        "unique_actor_misses_by_level": []
      },
      "actual_world_generation_s": 0.6240328330000002,
      "reference_total_median_s": 0.035292,
      "reference_total_over_frontier": 0.779330904272938,
      "frontier_standalone_median_s": 0.06775566700000013,
      "reference_standalone_median_s": 0.05682820849999981,
      "standalone_ratio": 0.8387225898019675,
      "end_to_end_actual_generation_ratio": 0.9842040471907233,
      "frontier_child_cpu_median_s": 0.05377549999999999,
      "reference_child_cpu_median_s": 0.0434595
    },
    {
      "worlds": 512,
      "roots": 47,
      "completed": 4,
      "refused": 0,
      "frontier_median_s": 0.170962,
      "reference_median_s": 0.1306945,
      "reference_over_frontier": 0.7644652027936032,
      "common_max_generation_s": 2.4016596249999997,
      "end_to_end_common_ratio": 0.9843476788002201,
      "outer_validation_median_s": 0.0027285,
      "warm_median_s": 0.0002405,
      "serialization_median_s": 0.02479062500000051,
      "parse_median_s": 0.0013926670000006247,
      "host_median_s": 0.225727041499999,
      "peak_process_rss_bytes": 72318976,
      "stats": {
        "actor_demands_by_level": [],
        "cache_entries": 47,
        "cache_hits": 0,
        "cache_key_bytes": 585808,
        "cache_lookup_us": 554,
        "completed_actor_queries": 0,
        "demand_grouping_us": 19781,
        "fold_us": 23431,
        "forward_us": 123001,
        "generated_actor_queries": 0,
        "inner_worlds_by_level": [],
        "native_choice_calls": 0,
        "native_choice_declared_budget_sum_by_level": [],
        "native_choice_us": 0,
        "native_core_nodes": 0,
        "native_core_pi_misses_by_level": [],
        "native_core_policy_cache_entries": 0,
        "native_core_reported_inner_worlds_by_level": [],
        "peak_counted_live_array_bytes": 24642745,
        "peak_layer_rows": 54005,
        "peak_retained_array_bytes": 24642745,
        "preparation_us": 115,
        "public_coordinates": 2104415,
        "query_lookups": 47,
        "raw_policy_consultations_by_level": [],
        "refused_batches": 0,
        "row_edges": 2846259,
        "sample_us": 0,
        "unique_actor_misses_by_level": []
      },
      "actual_world_generation_s": 2.423132375,
      "reference_total_median_s": 0.1322555,
      "reference_total_over_frontier": 0.7735958868052549,
      "frontier_standalone_median_s": 0.2520963544999999,
      "reference_standalone_median_s": 0.20826627149999943,
      "standalone_ratio": 0.8261375770905863,
      "end_to_end_actual_generation_ratio": 0.9836163231514816,
      "frontier_child_cpu_median_s": 0.19965750000000002,
      "reference_child_cpu_median_s": 0.15900950000000003
    }
  ],
  "all_complete_vectors_checked": true,
  "elapsed_s": 6.364587167000001,
  "scope": "Local native component throughput, pip trumps, finite frozen scenario bundles. Native production-core serial or existing four-thread root parallel or batch-recursive reference; not full phone wrapper, no strength/k complexity claim. reference_solve_us sums query solve intervals (not wall throughput for batch-reference); reference_total_us is actual reference wall interval including preparation. RSS is child high-water maximum so far; summed worker array peaks are an upper bound and exclude maps, prepared queries, caches and allocator overhead. Standalone timings alternate separate cold processes, include JSON/process/support validation and warm-lookup check on frontier; actual world-count generation separately charged over all proposed deals."
}
