{
  "original_history_legal": true,
  "actual_points": [
    7,
    17
  ],
  "bad_deal_independently_illegal": true,
  "numpy": "2.4.4",
  "python": "3.12.13 (main, Apr 14 2026, 14:33:40) [Clang 22.1.3 ]",
  "versions": [
    {
      "version": "drive",
      "sha256": "0f6a36b483ab7659ad7b23eed2c562cb06e90d8c2ecd69e17702d7f5daf52852",
      "traces": [
        {
          "suppress_stop": false,
          "checks": [
            true,
            true,
            true,
            true,
            true,
            true,
            true,
            true,
            true,
            true,
            true,
            true,
            true,
            true,
            true,
            true
          ],
          "all_accepted": true,
          "tricks": 1
        },
        {
          "suppress_stop": true,
          "checks": [
            true,
            true,
            true,
            true,
            true,
            true,
            true,
            false,
            true,
            true,
            true,
            true,
            true,
            true,
            true,
            true
          ],
          "all_accepted": false,
          "tricks": 4
        }
      ]
    },
    {
      "version": "walt-sense/walt-sense",
      "sha256": "94bdbf50b9596bf9788dd5e3a830ba21756565390844718461a2e570fd134199",
      "traces": [
        {
          "suppress_stop": false,
          "checks": [
            true,
            true,
            true,
            true,
            true,
            true,
            true,
            true,
            true,
            true,
            true,
            true,
            true,
            true,
            true,
            true
          ],
          "all_accepted": true,
          "tricks": 1
        },
        {
          "suppress_stop": true,
          "checks": [
            true,
            true,
            true,
            true,
            true,
            true,
            true,
            false,
            true,
            true,
            true,
            true,
            true,
            true,
            true,
            true
          ],
          "all_accepted": false,
          "tricks": 4
        }
      ]
    }
  ]
}
