{
  "unchanged_sampler_fold_validation": {
    "pub fn prepare_actor": true,
    "fn solve_batch": true,
    "fn validate_frame": true,
    "native/src/arena.rs": true,
    "native/src/bounds.rs": true
  },
  "sha256": {
    "native/src/lib.rs": "d025c123a4ec510556590890624aa62992ca202834be4c92f6e5fd973d018094",
    "native/src/resumable.rs": "5f1a83d3bad64f89d81576417c455b9fb54b51af0ea61264130f8702d0a16b04",
    "native/src/arena.rs": "07a729928abf93a08c9e6f2cb60ff95956abe2f041b6b90ca36ce5cb8f810960",
    "native/src/bounds.rs": "d4cf9b2fc7c16c4688bc223d1ba36652c32465c2a3ac4c6307afc0d270f7ae42",
    "native/src/main.rs": "4416be45e4f95a5c36620dba365a4e6132f347423f165eaf42007a6b55d7b502",
    "native/Cargo.toml": "5e389798b3cd1158c5919698dc1ad3a34d1025b65ee00b199f60596a97f8da8f",
    "native/Cargo.lock": "510e366da63f9137506840183ca4e21132467ede3ef828229a617e40749844e2",
    "native/target/release/native-frontier": "6a4c29edc5d323d076b3e4f03b7d988213e174b0cb3e48885e7f6c577f9a454e",
    "integration/src/main.rs": "577d6d38acdff1e484209344b79a9b28a2318db72f1ecc952ecffa682fbe8a1e",
    "integration/Cargo.toml": "91b8c468e5fe4cfb9356c06c06483af99497621bf35fe829e03edfb4d8f00eec",
    "integration/Cargo.lock": "f5a57c960974a4bde0c2618cbaeee0978e2b9a9fd171ada35b34f0c5e9024fb7",
    "integration/target/release/late-choice-player": "87677300f84dc0662bdd58eeebd8f8efbd128e9e19d443cf0a4f686746993380",
    "math/ResumableChoice.lean": "40cc6971f1a631387f4d0e812f2ef25eb63b99bb1275be0c6432f1b794f562b5",
    "player.py": "18db7db06b16fb2664a7efaeef884939f9d8c391b656178032883d627863c9d1",
    "arena.py": "c5e89aead7110faf8c4504d985728c2f017701335960e898aaea0ec89951c745",
    "compare.py": "e6dee838ba5e9247dfa8c896f061b89e5938677cdd81a62a6475bfa21f4fdc55",
    "cold_worker.py": "20b6c237cce0b794b67a80d279de3f10640c3d74d55882883361e23d34b9fdcc",
    "cold_pipeline.py": "b0c381f64d9094984cd593fae58bb8bee6cf6588b23a91a98f91629f8ee48572",
    "adapter_compare.py": "a5af12cc75e91bec518ed897de458631255654ec2b5972cd0c5d3e6ab4954724",
    "ablation.py": "13ddd015ec1de04be18f5ea793be4a0da97c8a68980fc2a902b8ad86692b0df0",
    "checks/runner/src/main.rs": "35d7ac3ac6df9d81b050640f055a4e063774d6797b83589dd6e667e2b211ad67",
    "checks/runner/Cargo.toml": "f7a42e4056fb77b66c38d2f6f9307d639fe034dc153476416d6037123c20fcf1",
    "checks/resumable-target/release/resumable-independent-check": "0d69c9e3cb701e9e797103ae50d1a344634111dce0e3fe0d1b933fe508d7eed3",
    "checks/integration-target/release/late-choice-player": "87677300f84dc0662bdd58eeebd8f8efbd128e9e19d443cf0a4f686746993380",
    "checks/old-arena-target/release/native-frontier": "3293d47080586e09067b4fd575e3fd7e174c8eb0900dae1958b68c8a242b7a8d",
    "checks/old-demand-target/release/native-frontier": "16b2c12281b9c3097af8acdba39c5d8c9c2eeb74a8e2394be8aae7c38d1d4785",
    "checks/check_integration.py": "52047ca4e19e380d3b27ca2ba2619e58138feff8c6b70a5f1c1703d2b2d54842",
    "checks/audit_final_timings.py": "3ff14bc47f773a75386f26bb2108c1f79134bf36370e235b21b4e125a47f7be1",
    "checks/check_final_pipelines.py": "3ec54245ce7eacb15c410561d589d35cb082ba2f21050ce6b5a47c1ee6ea9bb4",
    "checks/check_games.py": "c78360cd37249476e3589431976803d9b9b5bc46647ef8ac29bdf01309e34637",
    "checks/check_preserved.py": "7671f4630535dbef42cabe999aec1bd3174c028b932cea2a15411ade1b1d7075",
    "checks/hash_sources.py": "955e2220972e999d15d1e87acff1185cee2946ba14e38d8339771dc9fede52a3"
  },
  "scope": "Final native/math/integration and independent checker source; actual binaries after relocation. Rebuilt binary bytes need not equal historical ignored binary. Source mutations require applicable parity/arithmetic reruns."
}
