
Texas 42 — partnership experiment
You and Partner play against Left and Right.
Your hand: 1-0  1-1  4-2  6-0  6-2  6-4  6-6
You declare 30. Each computer move has a 14-second allowance.

Trick 1 — You leads
Your hand: 1-0  1-1  4-2  6-0  6-2  6-4  6-6
Legal: 1:1-0  2:1-1  3:4-2  4:6-0  5:6-2  6:6-4  7:6-6
Your play (number or tile):   You plays 1-0
Left is thinking…
  Left plays 6-3
Partner is thinking…
  Partner plays 4-1
Right is thinking…
  Right plays 5-1
Left wins 6. You: 0 — Them: 6

Trick 2 — Left leads
Left is thinking…
  Left plays 2-0
Partner is thinking…
  Partner plays 2-1
Right is thinking…
  Right plays 2-2
Your hand: 1-1  4-2  6-0  6-2  6-4  6-6
Legal: 1:4-2
Your play (number or tile):   You plays 4-2
Right wins 1. You: 0 — Them: 7

Trick 3 — Right leads
Right is thinking…
  Right plays 3-3
Your hand: 1-1  6-0  6-2  6-4  6-6
Legal: 1:1-1  2:6-0  3:6-2  4:6-4  5:6-6
Your play (number or tile):   You plays 1-1
Left is thinking…
  Left plays 3-2
Partner is thinking…
  Partner plays 6-5
Partner wins 6. You: 6 — Them: 7

Trick 4 — Partner leads
Partner is thinking…
  Partner plays 4-4
Right is thinking…
  Right plays 5-4
Your hand: 6-0  6-2  6-4  6-6
Legal: 1:6-0  2:6-2  3:6-4  4:6-6
Your play (number or tile):   You plays 6-0
Left is thinking…
  Left plays 4-0
You wins 1. You: 7 — Them: 7

Trick 5 — You leads
Your hand: 6-2  6-4  6-6
Legal: 1:6-2  2:6-4  3:6-6
Your play (number or tile):   You plays 6-2
Left is thinking…
  Left plays 5-3
Partner is thinking…
  Partner plays 0-0
Right is thinking…
  Right plays 6-1
You wins 1. You: 8 — Them: 7

Trick 6 — You leads
Your hand: 6-4  6-6
Legal: 1:6-4  2:6-6
Your play (number or tile):   You plays 6-4
Left is thinking…
  Left plays 4-3
Partner is thinking…
  Partner plays 5-0
Right is thinking…
  Right plays 3-0
You wins 16. You: 24 — Them: 7

Trick 7 — You leads
Your hand: 6-6
Legal: 1:6-6
Your play (number or tile):   You plays 6-6
Left is thinking…
  Left plays 5-5
Partner is thinking…
  Partner plays 5-2
Right is thinking…
  Right plays 3-1
You wins 11. You: 35 — Them: 7

You made it!
