{
  "complete_vector_comparisons": {
    "cold-primary": 144,
    "cold-holdout": 0,
    "adapter-cold": 96,
    "adapter_fresh_native_vectors": 4,
    "eager-L0-ablation": 288
  },
  "panels": [
    {
      "folder": "cold-primary",
      "roots": 6,
      "complete": {
        "resumable": true,
        "arena": true,
        "bounded": true,
        "recursive": true
      },
      "cold_s": {
        "resumable": 0.1682921665,
        "arena": 0.17915464599999997,
        "bounded": 0.1729826455,
        "recursive": 0.07602102099999997
      },
      "completed_ratios": {
        "arena": 1.0645453661088853,
        "bounded": 1.0278710476996562,
        "recursive": 0.45172049644984497
      }
    },
    {
      "folder": "cold-holdout",
      "roots": 31,
      "complete": {
        "resumable": false,
        "arena": false,
        "bounded": false,
        "recursive": true
      },
      "cold_s": {
        "resumable": 0.4277707709999996,
        "arena": 0.4581700624999998,
        "bounded": 0.4252261250000009,
        "recursive": 0.13035518699999926
      },
      "completed_ratios": {}
    }
  ],
  "adapter_summary": {
    "turns": 4,
    "repeats": 8,
    "variants": {
      "resumable": {
        "completed": true,
        "errors": [
          null,
          null,
          null,
          null,
          null,
          null,
          null,
          null,
          null,
          null,
          null,
          null,
          null,
          null,
          null,
          null,
          null,
          null,
          null,
          null,
          null,
          null,
          null,
          null,
          null,
          null,
          null,
          null,
          null,
          null,
          null,
          null
        ],
        "cold_complete_calls_s": 0.06549854187499998,
        "cpu_s": 0.060194000000000004,
        "peak_rss_median_bytes": 3923968.0
      },
      "arena": {
        "completed": true,
        "errors": [
          null,
          null,
          null,
          null,
          null,
          null,
          null,
          null,
          null,
          null,
          null,
          null,
          null,
          null,
          null,
          null,
          null,
          null,
          null,
          null,
          null,
          null,
          null,
          null,
          null,
          null,
          null,
          null,
          null,
          null,
          null,
          null
        ],
        "cold_complete_calls_s": 0.0767179684999999,
        "cpu_s": 0.07108549999999997,
        "peak_rss_median_bytes": 3850240.0
      },
      "lazy": {
        "completed": true,
        "errors": [
          null,
          null,
          null,
          null,
          null,
          null,
          null,
          null,
          null,
          null,
          null,
          null,
          null,
          null,
          null,
          null,
          null,
          null,
          null,
          null,
          null,
          null,
          null,
          null,
          null,
          null,
          null,
          null,
          null,
          null,
          null,
          null
        ],
        "cold_complete_calls_s": 0.06080391137499999,
        "cpu_s": 0.05542512499999999,
        "peak_rss_median_bytes": 3301376.0
      },
      "native": {
        "completed": true,
        "errors": [
          null,
          null,
          null,
          null,
          null,
          null,
          null,
          null,
          null,
          null,
          null,
          null,
          null,
          null,
          null,
          null,
          null,
          null,
          null,
          null,
          null,
          null,
          null,
          null,
          null,
          null,
          null,
          null,
          null,
          null,
          null,
          null
        ],
        "cold_complete_calls_s": 0.01586570237499997,
        "cpu_s": 0.018260375,
        "peak_rss_median_bytes": 3547136.0
      }
    },
    "complete_vector_comparisons": 96,
    "binary_sha256": "87677300f84dc0662bdd58eeebd8f8efbd128e9e19d443cf0a4f686746993380",
    "scope": "Same complete experimental L3 policy40/[4,2,2,2], same actor own/public saved turns, production outer stream; one worker each; same2s solver allowance, frontier rows/work/query allowances500k/20m/50k. Native recursion has its own node/cache model and deadline only; logical caps are not equivalent memory budgets. Cold Rust startup/status/full-history validation/sampling/serialization/parse/teardown included; build receipts separate. Requests sampled from one pilot game, not population latency. All complete vectors compared; refused calls excluded from speed claims."
  },
  "ablation_panels": [
    {
      "worlds": 8,
      "variants": {
        "resumable": {
          "service_s": 0.0309855,
          "standalone_s": 0.034694209,
          "cpu_s": 0.094921,
          "rss_bytes": 9740288.0,
          "stats": {
            "actor_demands_by_level": [
              8758,
              2675,
              471
            ],
            "arena_batch_duplicates": 1,
            "arena_batch_unique": 11666,
            "arena_expand_us": 17156,
            "arena_lower_us": 153748,
            "arena_prepared_before_solve": 7643,
            "arena_rounds": 73912,
            "arena_schedule_us": 1600,
            "arena_setup_us": 2499,
            "avoided_record_calls": 0,
            "bounded_children_created": 222544,
            "bounded_children_unresolved": 14418,
            "bounded_choice_calls": 11666,
            "bounded_expansions": 162691,
            "bounded_refinements": 538756,
            "bounded_root_unresolved": 6847,
            "cache_entries": 11672,
            "cache_hits": 237,
            "cache_key_bytes": 1495072,
            "cache_lookup_us": 15,
            "completed_actor_queries": 11666,
            "demand_grouping_us": 101,
            "fold_us": 37,
            "forward_us": 88,
            "generated_actor_queries": 11666,
            "inner_worlds_by_level": [
              34236,
              5274,
              940
            ],
            "native_choice_calls": 0,
            "native_choice_declared_budget_sum_by_level": [],
            "native_choice_us": 0,
            "native_core_nodes": 0,
            "native_core_pi_misses_by_level": [],
            "native_core_policy_cache_entries": 0,
            "native_core_reported_inner_worlds_by_level": [],
            "peak_bounded_live_bytes": 483296,
            "peak_counted_live_array_bytes": 491180,
            "peak_layer_rows": 163,
            "peak_retained_array_bytes": 62045,
            "prefix_lookup_probes": 810,
            "preparation_us": 29,
            "public_coordinates": 1708,
            "public_record_calls": 92024,
            "public_step_calls": 212266,
            "query_lookups": 11910,
            "raw_policy_consultations_by_level": [
              9062,
              2741,
              488
            ],
            "refused_batches": 0,
            "res_propagations": 295225,
            "res_recycled_bytes": 26306552,
            "res_recycled_rows": 345406,
            "res_recycled_trees": 11666,
            "res_stack_reuses": 150064,
            "res_stack_steps": 167221,
            "res_unchanged_propagations": 125394,
            "reused_public_steps": 268,
            "row_edges": 306960,
            "sample_us": 1373,
            "unique_actor_misses_by_level": [
              8559,
              2637,
              470
            ]
          }
        },
        "resumable_floor": {
          "service_s": 0.0308175,
          "standalone_s": 0.034243312499999984,
          "cpu_s": 0.093538,
          "rss_bytes": 10461184.0,
          "stats": {
            "actor_demands_by_level": [
              8758,
              2675,
              471
            ],
            "arena_batch_duplicates": 1,
            "arena_batch_unique": 3107,
            "arena_expand_us": 9570,
            "arena_lower_us": 150021,
            "arena_prepared_before_solve": 2458,
            "arena_rounds": 12026,
            "arena_schedule_us": 454,
            "arena_setup_us": 856,
            "avoided_record_calls": 20528,
            "bounded_children_created": 50479,
            "bounded_children_unresolved": 3116,
            "bounded_choice_calls": 3107,
            "bounded_expansions": 38397,
            "bounded_refinements": 133885,
            "bounded_root_unresolved": 1767,
            "cache_entries": 11672,
            "cache_hits": 237,
            "cache_key_bytes": 1495072,
            "cache_lookup_us": 3539,
            "completed_actor_queries": 11666,
            "demand_grouping_us": 1152,
            "fold_us": 8181,
            "forward_us": 8836,
            "generated_actor_queries": 11666,
            "inner_worlds_by_level": [
              34236,
              5274,
              940
            ],
            "native_choice_calls": 0,
            "native_choice_declared_budget_sum_by_level": [],
            "native_choice_us": 0,
            "native_core_nodes": 0,
            "native_core_pi_misses_by_level": [],
            "native_core_policy_cache_entries": 0,
            "native_core_reported_inner_worlds_by_level": [],
            "peak_bounded_live_bytes": 202948,
            "peak_counted_live_array_bytes": 579562,
            "peak_layer_rows": 1781,
            "peak_retained_array_bytes": 572058,
            "prefix_lookup_probes": 242975,
            "preparation_us": 1904,
            "public_coordinates": 306660,
            "public_record_calls": 30182,
            "public_step_calls": 258964,
            "query_lookups": 11910,
            "raw_policy_consultations_by_level": [
              9062,
              2741,
              488
            ],
            "refused_batches": 0,
            "res_propagations": 66508,
            "res_recycled_bytes": 5907124,
            "res_recycled_rows": 63369,
            "res_recycled_trees": 3107,
            "res_stack_reuses": 35066,
            "res_stack_steps": 37227,
            "res_unchanged_propagations": 30684,
            "reused_public_steps": 93106,
            "row_edges": 509973,
            "sample_us": 5425,
            "unique_actor_misses_by_level": [
              8559,
              2637,
              470
            ]
          }
        },
        "bounded": {
          "service_s": 0.0322465,
          "standalone_s": 0.0356284375,
          "cpu_s": 0.10192999999999999,
          "rss_bytes": 8421376.0,
          "stats": {
            "actor_demands_by_level": [
              8781,
              2684,
              471
            ],
            "avoided_record_calls": 0,
            "bounded_children_created": 222544,
            "bounded_children_unresolved": 14418,
            "bounded_choice_calls": 11666,
            "bounded_expansions": 162691,
            "bounded_refinements": 538756,
            "bounded_root_unresolved": 6847,
            "cache_entries": 11672,
            "cache_hits": 270,
            "cache_key_bytes": 1495072,
            "cache_lookup_us": 16,
            "completed_actor_queries": 11666,
            "demand_grouping_us": 107,
            "fold_us": 60,
            "forward_us": 76,
            "generated_actor_queries": 11666,
            "inner_worlds_by_level": [
              34236,
              5274,
              940
            ],
            "native_choice_calls": 0,
            "native_choice_declared_budget_sum_by_level": [],
            "native_choice_us": 0,
            "native_core_nodes": 0,
            "native_core_pi_misses_by_level": [],
            "native_core_policy_cache_entries": 0,
            "native_core_reported_inner_worlds_by_level": [],
            "peak_bounded_live_bytes": 74296,
            "peak_counted_live_array_bytes": 86237,
            "peak_layer_rows": 163,
            "peak_retained_array_bytes": 62045,
            "prefix_lookup_probes": 810,
            "preparation_us": 34,
            "public_coordinates": 1708,
            "public_record_calls": 92024,
            "public_step_calls": 212266,
            "query_lookups": 11942,
            "raw_policy_consultations_by_level": [
              9062,
              2741,
              488
            ],
            "refused_batches": 0,
            "reused_public_steps": 268,
            "row_edges": 306960,
            "sample_us": 3103,
            "unique_actor_misses_by_level": [
              8559,
              2637,
              470
            ]
          }
        },
        "recursive": {
          "service_s": 0.0017235,
          "standalone_s": 0.004755354500000031,
          "cpu_s": 0.007561999999999999,
          "rss_bytes": 5357568.0,
          "stats": null
        }
      }
    },
    {
      "worlds": 40,
      "variants": {
        "resumable": {
          "service_s": 0.0986955,
          "standalone_s": 0.10291879149999994,
          "cpu_s": 0.266669,
          "rss_bytes": 24322048.0,
          "stats": {
            "actor_demands_by_level": [
              30129,
              9709,
              1839
            ],
            "arena_batch_duplicates": 57,
            "arena_batch_unique": 39847,
            "arena_expand_us": 75615,
            "arena_lower_us": 451950,
            "arena_prepared_before_solve": 32030,
            "arena_rounds": 154156,
            "arena_schedule_us": 10631,
            "arena_setup_us": 7572,
            "avoided_record_calls": 0,
            "bounded_children_created": 743656,
            "bounded_children_unresolved": 50089,
            "bounded_choice_calls": 39847,
            "bounded_expansions": 541034,
            "bounded_refinements": 1785943,
            "bounded_root_unresolved": 24021,
            "cache_entries": 39853,
            "cache_hits": 1773,
            "cache_key_bytes": 5105312,
            "cache_lookup_us": 30,
            "completed_actor_queries": 39847,
            "demand_grouping_us": 379,
            "fold_us": 106,
            "forward_us": 204,
            "generated_actor_queries": 39847,
            "inner_worlds_by_level": [
              114756,
              18752,
              3564
            ],
            "native_choice_calls": 0,
            "native_choice_declared_budget_sum_by_level": [],
            "native_choice_us": 0,
            "native_core_nodes": 0,
            "native_core_pi_misses_by_level": [],
            "native_core_policy_cache_entries": 0,
            "native_core_reported_inner_worlds_by_level": [],
            "peak_bounded_live_bytes": 1720516,
            "peak_counted_live_array_bytes": 1758768,
            "peak_layer_rows": 789,
            "peak_retained_array_bytes": 264100,
            "prefix_lookup_probes": 8040,
            "preparation_us": 45,
            "public_coordinates": 6282,
            "public_record_calls": 299980,
            "public_step_calls": 708719,
            "query_lookups": 41683,
            "raw_policy_consultations_by_level": [
              31236,
              9998,
              2463
            ],
            "refused_batches": 0,
            "res_propagations": 977749,
            "res_recycled_bytes": 87905832,
            "res_recycled_rows": 1154090,
            "res_recycled_trees": 39847,
            "res_stack_reuses": 498125,
            "res_stack_steps": 554645,
            "res_unchanged_propagations": 415580,
            "reused_public_steps": 3089,
            "row_edges": 1027249,
            "sample_us": 1761,
            "unique_actor_misses_by_level": [
              28689,
              9376,
              1782
            ]
          }
        },
        "resumable_floor": {
          "service_s": 0.0860755,
          "standalone_s": 0.09086041700000025,
          "cpu_s": 0.235364,
          "rss_bytes": 24682496.0,
          "stats": {
            "actor_demands_by_level": [
              30129,
              9709,
              1839
            ],
            "arena_batch_duplicates": 57,
            "arena_batch_unique": 11158,
            "arena_expand_us": 36698,
            "arena_lower_us": 367498,
            "arena_prepared_before_solve": 10265,
            "arena_rounds": 19513,
            "arena_schedule_us": 3560,
            "arena_setup_us": 2079,
            "avoided_record_calls": 70260,
            "bounded_children_created": 178514,
            "bounded_children_unresolved": 11617,
            "bounded_choice_calls": 11158,
            "bounded_expansions": 135132,
            "bounded_refinements": 469172,
            "bounded_root_unresolved": 6635,
            "cache_entries": 39853,
            "cache_hits": 1773,
            "cache_key_bytes": 5105312,
            "cache_lookup_us": 10318,
            "completed_actor_queries": 39847,
            "demand_grouping_us": 6575,
            "fold_us": 18559,
            "forward_us": 26810,
            "generated_actor_queries": 39847,
            "inner_worlds_by_level": [
              114756,
              18752,
              3564
            ],
            "native_choice_calls": 0,
            "native_choice_declared_budget_sum_by_level": [],
            "native_choice_us": 0,
            "native_core_nodes": 0,
            "native_core_pi_misses_by_level": [],
            "native_core_policy_cache_entries": 0,
            "native_core_reported_inner_worlds_by_level": [],
            "peak_bounded_live_bytes": 716128,
            "peak_counted_live_array_bytes": 1971720,
            "peak_layer_rows": 5689,
            "peak_retained_array_bytes": 1933468,
            "prefix_lookup_probes": 854585,
            "preparation_us": 4380,
            "public_coordinates": 1066449,
            "public_record_calls": 98714,
            "public_step_calls": 858289,
            "query_lookups": 41683,
            "raw_policy_consultations_by_level": [
              31236,
              9998,
              2463
            ],
            "refused_batches": 0,
            "res_propagations": 233506,
            "res_recycled_bytes": 20890552,
            "res_recycled_rows": 224246,
            "res_recycled_trees": 11158,
            "res_stack_reuses": 123231,
            "res_stack_steps": 130833,
            "res_unchanged_propagations": 107491,
            "reused_public_steps": 310357,
            "row_edges": 1799994,
            "sample_us": 12815,
            "unique_actor_misses_by_level": [
              28689,
              9376,
              1782
            ]
          }
        },
        "bounded": {
          "service_s": 0.093443,
          "standalone_s": 0.09800433299999989,
          "cpu_s": 0.2533235,
          "rss_bytes": 17989632.0,
          "stats": {
            "actor_demands_by_level": [
              30260,
              9837,
              1839
            ],
            "avoided_record_calls": 0,
            "bounded_children_created": 743656,
            "bounded_children_unresolved": 50089,
            "bounded_choice_calls": 39847,
            "bounded_expansions": 541034,
            "bounded_refinements": 1785943,
            "bounded_root_unresolved": 24021,
            "cache_entries": 39853,
            "cache_hits": 2089,
            "cache_key_bytes": 5105312,
            "cache_lookup_us": 24,
            "completed_actor_queries": 39847,
            "demand_grouping_us": 315,
            "fold_us": 120,
            "forward_us": 201,
            "generated_actor_queries": 39847,
            "inner_worlds_by_level": [
              114756,
              18752,
              3564
            ],
            "native_choice_calls": 0,
            "native_choice_declared_budget_sum_by_level": [],
            "native_choice_us": 0,
            "native_core_nodes": 0,
            "native_core_pi_misses_by_level": [],
            "native_core_policy_cache_entries": 0,
            "native_core_reported_inner_worlds_by_level": [],
            "peak_bounded_live_bytes": 77572,
            "peak_counted_live_array_bytes": 264100,
            "peak_layer_rows": 789,
            "peak_retained_array_bytes": 264100,
            "prefix_lookup_probes": 8040,
            "preparation_us": 53,
            "public_coordinates": 6282,
            "public_record_calls": 299980,
            "public_step_calls": 708719,
            "query_lookups": 41942,
            "raw_policy_consultations_by_level": [
              31236,
              9998,
              2463
            ],
            "refused_batches": 0,
            "reused_public_steps": 3089,
            "row_edges": 1027249,
            "sample_us": 876,
            "unique_actor_misses_by_level": [
              28689,
              9376,
              1782
            ]
          }
        },
        "recursive": {
          "service_s": 0.0065025,
          "standalone_s": 0.00996989650000013,
          "cpu_s": 0.020770999999999998,
          "rss_bytes": 7159808.0,
          "stats": null
        }
      }
    }
  ],
  "scope": "Finite final raw measurements, actual binary hashes, all proposals freshly regenerated, balanced process orders, medians or explicitly stated per-panel mean sum. Frontend CPU may include nested children; do not add nested native CPU. Refusals yield no complete vectors/speed ratios. Native deadline/node model is not frontier logical cap equivalence. No independent-deal performance distribution or phone deployment inference."
}
