{"worlds": 8, "repeat": 0, "roots": 47, "host_s": 0.0068051250000000785, "frontier_us": 1647, "reference_us": 0, "error": null}
{"worlds": 8, "repeat": 1, "roots": 47, "host_s": 0.0055289590000000555, "frontier_us": 1626, "reference_us": 0, "error": null}
{"worlds": 40, "repeat": 0, "roots": 47, "host_s": 0.015483166999999964, "frontier_us": 6959, "reference_us": 0, "error": null}
{"worlds": 40, "repeat": 1, "roots": 47, "host_s": 0.014292208000000084, "frontier_us": 7020, "reference_us": 0, "error": null}
{"worlds": 128, "repeat": 0, "roots": 47, "host_s": 0.03789058400000034, "frontier_us": 20938, "reference_us": 0, "error": null}
{"worlds": 128, "repeat": 1, "roots": 47, "host_s": 0.0372280410000001, "frontier_us": 20865, "reference_us": 0, "error": null}
{
  "planned": 128,
  "selected": 47,
  "partial_roots": 30,
  "panels": [
    {
      "worlds": 8,
      "roots": 47,
      "completed": 2,
      "refused": 0,
      "frontier_median_s": 0.0016365,
      "reference_median_s": 0.06775199999999992,
      "reference_over_frontier": 41.400549954170444,
      "common_max_generation_s": 0.6293367089999999,
      "end_to_end_common_ratio": 1.1047833712381914,
      "outer_validation_median_s": 0.0001345,
      "warm_median_s": 2.05e-05,
      "serialization_median_s": 0.0007304790000000061,
      "parse_median_s": 0.00018066649999998186,
      "host_median_s": 0.006167042000000067,
      "peak_process_rss_bytes": 5275648,
      "stats": {
        "actor_demands_by_level": [],
        "avoided_record_calls": 0,
        "cache_entries": 47,
        "cache_hits": 0,
        "cache_key_bytes": 67920,
        "cache_lookup_us": 53,
        "completed_actor_queries": 0,
        "demand_grouping_us": 368,
        "fold_us": 385,
        "forward_us": 574,
        "generated_actor_queries": 0,
        "inner_worlds_by_level": [],
        "native_choice_calls": 0,
        "native_choice_declared_budget_sum_by_level": [],
        "native_choice_us": 0,
        "native_core_nodes": 0,
        "native_core_pi_misses_by_level": [],
        "native_core_policy_cache_entries": 0,
        "native_core_reported_inner_worlds_by_level": [],
        "peak_counted_live_array_bytes": 368863,
        "peak_layer_rows": 881,
        "peak_retained_array_bytes": 368863,
        "prefix_lookup_probes": 11944,
        "preparation_us": 17,
        "public_coordinates": 41029,
        "public_record_calls": 0,
        "public_step_calls": 22869,
        "query_lookups": 47,
        "raw_policy_consultations_by_level": [],
        "refused_batches": 0,
        "reused_public_steps": 2086,
        "row_edges": 45261,
        "sample_us": 0,
        "unique_actor_misses_by_level": []
      },
      "actual_world_generation_s": 0.05871612500000001
    },
    {
      "worlds": 40,
      "roots": 47,
      "completed": 2,
      "refused": 0,
      "frontier_median_s": 0.0069895,
      "reference_median_s": 0.3213110000000001,
      "reference_over_frontier": 45.970527219400545,
      "common_max_generation_s": 0.6293367089999999,
      "end_to_end_common_ratio": 1.49396283785633,
      "outer_validation_median_s": 0.000335,
      "warm_median_s": 7.65e-05,
      "serialization_median_s": 0.002436833500000013,
      "parse_median_s": 0.00016377049999993787,
      "host_median_s": 0.014887687500000024,
      "peak_process_rss_bytes": 10043392,
      "stats": {
        "actor_demands_by_level": [],
        "avoided_record_calls": 0,
        "cache_entries": 47,
        "cache_hits": 0,
        "cache_key_bytes": 306512,
        "cache_lookup_us": 204,
        "completed_actor_queries": 0,
        "demand_grouping_us": 1879,
        "fold_us": 1664,
        "forward_us": 2825,
        "generated_actor_queries": 0,
        "inner_worlds_by_level": [],
        "native_choice_calls": 0,
        "native_choice_declared_budget_sum_by_level": [],
        "native_choice_us": 0,
        "native_core_nodes": 0,
        "native_core_pi_misses_by_level": [],
        "native_core_policy_cache_entries": 0,
        "native_core_reported_inner_worlds_by_level": [],
        "peak_counted_live_array_bytes": 1808807,
        "peak_layer_rows": 4355,
        "peak_retained_array_bytes": 1808807,
        "prefix_lookup_probes": 92778,
        "preparation_us": 21,
        "public_coordinates": 191561,
        "public_record_calls": 0,
        "public_step_calls": 107565,
        "query_lookups": 47,
        "raw_policy_consultations_by_level": [],
        "refused_batches": 0,
        "reused_public_steps": 17192,
        "row_edges": 224421,
        "sample_us": 0,
        "unique_actor_misses_by_level": []
      },
      "actual_world_generation_s": 0.21596091700000009
    },
    {
      "worlds": 128,
      "roots": 47,
      "completed": 2,
      "refused": 0,
      "frontier_median_s": 0.0209015,
      "reference_median_s": 0.9881119169999999,
      "reference_over_frontier": 47.27468923283018,
      "common_max_generation_s": 0.6293367089999999,
      "end_to_end_common_ratio": 2.4874709046819485,
      "outer_validation_median_s": 0.000851,
      "warm_median_s": 0.000228,
      "serialization_median_s": 0.0067083955000000195,
      "parse_median_s": 0.000183229000000118,
      "host_median_s": 0.03755931250000022,
      "peak_process_rss_bytes": 23396352,
      "stats": {
        "actor_demands_by_level": [],
        "avoided_record_calls": 0,
        "cache_entries": 47,
        "cache_hits": 0,
        "cache_key_bytes": 962640,
        "cache_lookup_us": 607,
        "completed_actor_queries": 0,
        "demand_grouping_us": 5715,
        "fold_us": 4979,
        "forward_us": 8563,
        "generated_actor_queries": 0,
        "inner_worlds_by_level": [],
        "native_choice_calls": 0,
        "native_choice_declared_budget_sum_by_level": [],
        "native_choice_us": 0,
        "native_core_nodes": 0,
        "native_core_pi_misses_by_level": [],
        "native_core_policy_cache_entries": 0,
        "native_core_reported_inner_worlds_by_level": [],
        "peak_counted_live_array_bytes": 5457123,
        "peak_layer_rows": 13437,
        "peak_retained_array_bytes": 5457123,
        "prefix_lookup_probes": 397847,
        "preparation_us": 36,
        "public_coordinates": 569313,
        "public_record_calls": 0,
        "public_step_calls": 320541,
        "query_lookups": 47,
        "raw_policy_consultations_by_level": [],
        "refused_batches": 0,
        "reused_public_steps": 73827,
        "row_edges": 709310,
        "sample_us": 0,
        "unique_actor_misses_by_level": []
      },
      "actual_world_generation_s": 0.6309024999999999
    }
  ],
  "all_complete_vectors_checked": true,
  "elapsed_s": 2.438503292,
  "scope": "Local native component throughput, pip trumps, finite frozen scenario bundles. Native production-core serial or existing four-thread root parallel or batch-recursive reference; not full phone wrapper, no strength/k complexity claim. reference_solve_us sums query solve intervals (not wall throughput for batch-reference); reference_total_us is actual reference wall interval including preparation. RSS is child high-water maximum so far; summed worker array peaks are an upper bound and exclude maps, prepared queries, caches and allocator overhead. Standalone timings alternate separate cold processes, include JSON/process/support validation and warm-lookup check on frontier; actual world-count generation separately charged over all proposed deals."
}
