{"path": "/Users/jason/code/texas-42-partnership-launch/experiments/partnership/campaigns/native-l1-vs-phone-620600-649", "seed": 620600, "paired": {"declaring_delta": 1, "defending_delta": -1, "wins": 1, "losses": 1, "ties": 0, "seed_delta": 0}, "completed": 1}
{"path": "/Users/jason/code/texas-42-partnership-launch/experiments/partnership/campaigns/native-l1-vs-phone-620600-649", "seed": 620601, "paired": {"declaring_delta": 0, "defending_delta": 0, "wins": 0, "losses": 0, "ties": 2, "seed_delta": 0}, "completed": 2}
{"path": "/Users/jason/code/texas-42-partnership-launch/experiments/partnership/campaigns/native-l1-vs-phone-620600-649", "seed": 620602, "paired": {"declaring_delta": -1, "defending_delta": 1, "wins": 1, "losses": 1, "ties": 0, "seed_delta": 0}, "completed": 3}
{"path": "/Users/jason/code/texas-42-partnership-launch/experiments/partnership/campaigns/native-l1-vs-phone-620600-649", "seed": 620603, "paired": {"declaring_delta": -1, "defending_delta": 0, "wins": 0, "losses": 1, "ties": 1, "seed_delta": -1}, "completed": 4}
{"path": "/Users/jason/code/texas-42-partnership-launch/experiments/partnership/campaigns/native-l1-vs-phone-620600-649", "seed": 620604, "paired": {"declaring_delta": -1, "defending_delta": 0, "wins": 0, "losses": 1, "ties": 1, "seed_delta": -1}, "completed": 5}
{"path": "/Users/jason/code/texas-42-partnership-launch/experiments/partnership/campaigns/native-l1-vs-phone-620600-649", "seed": 620605, "paired": {"declaring_delta": 0, "defending_delta": 0, "wins": 0, "losses": 0, "ties": 2, "seed_delta": 0}, "completed": 6}
{"path": "/Users/jason/code/texas-42-partnership-launch/experiments/partnership/campaigns/native-l1-vs-phone-620600-649", "seed": 620606, "paired": {"declaring_delta": 0, "defending_delta": 0, "wins": 0, "losses": 0, "ties": 2, "seed_delta": 0}, "completed": 7}
{"path": "/Users/jason/code/texas-42-partnership-launch/experiments/partnership/campaigns/native-l1-vs-phone-620600-649", "seed": 620607, "paired": {"declaring_delta": 1, "defending_delta": -1, "wins": 1, "losses": 1, "ties": 0, "seed_delta": 0}, "completed": 8}
{"path": "/Users/jason/code/texas-42-partnership-launch/experiments/partnership/campaigns/native-l1-vs-phone-620600-649", "seed": 620608, "paired": {"declaring_delta": 0, "defending_delta": 0, "wins": 0, "losses": 0, "ties": 2, "seed_delta": 0}, "completed": 9}
{"path": "/Users/jason/code/texas-42-partnership-launch/experiments/partnership/campaigns/native-l1-vs-phone-620600-649", "seed": 620609, "paired": {"declaring_delta": 0, "defending_delta": -1, "wins": 0, "losses": 1, "ties": 1, "seed_delta": -1}, "completed": 10}
{"path": "/Users/jason/code/texas-42-partnership-launch/experiments/partnership/campaigns/native-l1-vs-phone-620600-649", "seed": 620610, "paired": {"declaring_delta": -1, "defending_delta": 0, "wins": 0, "losses": 1, "ties": 1, "seed_delta": -1}, "completed": 11}
{"path": "/Users/jason/code/texas-42-partnership-launch/experiments/partnership/campaigns/native-l1-vs-phone-620600-649", "seed": 620611, "paired": {"declaring_delta": -1, "defending_delta": 0, "wins": 0, "losses": 1, "ties": 1, "seed_delta": -1}, "completed": 12}
{"path": "/Users/jason/code/texas-42-partnership-launch/experiments/partnership/campaigns/native-l1-vs-phone-620600-649", "seed": 620612, "paired": {"declaring_delta": 0, "defending_delta": 0, "wins": 0, "losses": 0, "ties": 2, "seed_delta": 0}, "completed": 13}
{"path": "/Users/jason/code/texas-42-partnership-launch/experiments/partnership/campaigns/native-l1-vs-phone-620600-649", "seed": 620613, "paired": {"declaring_delta": -1, "defending_delta": 0, "wins": 0, "losses": 1, "ties": 1, "seed_delta": -1}, "completed": 14}
{"path": "/Users/jason/code/texas-42-partnership-launch/experiments/partnership/campaigns/native-l1-vs-phone-620600-649", "seed": 620614, "paired": {"declaring_delta": 0, "defending_delta": 0, "wins": 0, "losses": 0, "ties": 2, "seed_delta": 0}, "completed": 15}
{"path": "/Users/jason/code/texas-42-partnership-launch/experiments/partnership/campaigns/native-l1-vs-phone-620600-649", "seed": 620615, "paired": {"declaring_delta": 0, "defending_delta": 0, "wins": 0, "losses": 0, "ties": 2, "seed_delta": 0}, "completed": 16}
{"path": "/Users/jason/code/texas-42-partnership-launch/experiments/partnership/campaigns/native-l1-vs-phone-620600-649", "seed": 620616, "paired": {"declaring_delta": 0, "defending_delta": 0, "wins": 0, "losses": 0, "ties": 2, "seed_delta": 0}, "completed": 17}
{"path": "/Users/jason/code/texas-42-partnership-launch/experiments/partnership/campaigns/native-l1-vs-phone-620600-649", "seed": 620617, "paired": {"declaring_delta": 1, "defending_delta": 0, "wins": 1, "losses": 0, "ties": 1, "seed_delta": 1}, "completed": 18}
{"path": "/Users/jason/code/texas-42-partnership-launch/experiments/partnership/campaigns/native-l1-vs-phone-620600-649", "seed": 620618, "paired": {"declaring_delta": 0, "defending_delta": 0, "wins": 0, "losses": 0, "ties": 2, "seed_delta": 0}, "completed": 19}
{"path": "/Users/jason/code/texas-42-partnership-launch/experiments/partnership/campaigns/native-l1-vs-phone-620600-649", "seed": 620619, "paired": {"declaring_delta": 0, "defending_delta": 0, "wins": 0, "losses": 0, "ties": 2, "seed_delta": 0}, "completed": 20}
{"path": "/Users/jason/code/texas-42-partnership-launch/experiments/partnership/campaigns/native-l1-vs-phone-620600-649", "seed": 620620, "paired": {"declaring_delta": 0, "defending_delta": 0, "wins": 0, "losses": 0, "ties": 2, "seed_delta": 0}, "completed": 21}
{"path": "/Users/jason/code/texas-42-partnership-launch/experiments/partnership/campaigns/native-l1-vs-phone-620600-649", "seed": 620621, "paired": {"declaring_delta": 0, "defending_delta": 0, "wins": 0, "losses": 0, "ties": 2, "seed_delta": 0}, "completed": 22}
{"path": "/Users/jason/code/texas-42-partnership-launch/experiments/partnership/campaigns/native-l1-vs-phone-620600-649", "seed": 620622, "paired": {"declaring_delta": 0, "defending_delta": 1, "wins": 1, "losses": 0, "ties": 1, "seed_delta": 1}, "completed": 23}
{"path": "/Users/jason/code/texas-42-partnership-launch/experiments/partnership/campaigns/native-l1-vs-phone-620600-649", "seed": 620623, "paired": {"declaring_delta": 0, "defending_delta": -1, "wins": 0, "losses": 1, "ties": 1, "seed_delta": -1}, "completed": 24}
{"path": "/Users/jason/code/texas-42-partnership-launch/experiments/partnership/campaigns/native-l1-vs-phone-620600-649", "seed": 620624, "paired": {"declaring_delta": -1, "defending_delta": 1, "wins": 1, "losses": 1, "ties": 0, "seed_delta": 0}, "completed": 25}
{"path": "/Users/jason/code/texas-42-partnership-launch/experiments/partnership/campaigns/native-l1-vs-phone-620600-649", "seed": 620625, "paired": {"declaring_delta": 0, "defending_delta": 0, "wins": 0, "losses": 0, "ties": 2, "seed_delta": 0}, "completed": 26}
{"path": "/Users/jason/code/texas-42-partnership-launch/experiments/partnership/campaigns/native-l1-vs-phone-620600-649", "seed": 620626, "paired": {"declaring_delta": 0, "defending_delta": 0, "wins": 0, "losses": 0, "ties": 2, "seed_delta": 0}, "completed": 27}
{"path": "/Users/jason/code/texas-42-partnership-launch/experiments/partnership/campaigns/native-l1-vs-phone-620600-649", "seed": 620627, "paired": {"declaring_delta": -1, "defending_delta": 0, "wins": 0, "losses": 1, "ties": 1, "seed_delta": -1}, "completed": 28}
{"path": "/Users/jason/code/texas-42-partnership-launch/experiments/partnership/campaigns/native-l1-vs-phone-620600-649", "seed": 620628, "paired": {"declaring_delta": 0, "defending_delta": 0, "wins": 0, "losses": 0, "ties": 2, "seed_delta": 0}, "completed": 29}
{"path": "/Users/jason/code/texas-42-partnership-launch/experiments/partnership/campaigns/native-l1-vs-phone-620600-649", "seed": 620629, "paired": {"declaring_delta": 0, "defending_delta": 0, "wins": 0, "losses": 0, "ties": 2, "seed_delta": 0}, "completed": 30}
{"path": "/Users/jason/code/texas-42-partnership-launch/experiments/partnership/campaigns/native-l1-vs-phone-620600-649", "seed": 620630, "paired": {"declaring_delta": 0, "defending_delta": -1, "wins": 0, "losses": 1, "ties": 1, "seed_delta": -1}, "completed": 31}
{"path": "/Users/jason/code/texas-42-partnership-launch/experiments/partnership/campaigns/native-l1-vs-phone-620600-649", "seed": 620631, "paired": {"declaring_delta": 0, "defending_delta": 0, "wins": 0, "losses": 0, "ties": 2, "seed_delta": 0}, "completed": 32}
{"path": "/Users/jason/code/texas-42-partnership-launch/experiments/partnership/campaigns/native-l1-vs-phone-620600-649", "seed": 620632, "paired": {"declaring_delta": 0, "defending_delta": 0, "wins": 0, "losses": 0, "ties": 2, "seed_delta": 0}, "completed": 33}
{"path": "/Users/jason/code/texas-42-partnership-launch/experiments/partnership/campaigns/native-l1-vs-phone-620600-649", "seed": 620633, "paired": {"declaring_delta": 0, "defending_delta": 0, "wins": 0, "losses": 0, "ties": 2, "seed_delta": 0}, "completed": 34}
{"path": "/Users/jason/code/texas-42-partnership-launch/experiments/partnership/campaigns/native-l1-vs-phone-620600-649", "seed": 620634, "paired": {"declaring_delta": 0, "defending_delta": 0, "wins": 0, "losses": 0, "ties": 2, "seed_delta": 0}, "completed": 35}
{"path": "/Users/jason/code/texas-42-partnership-launch/experiments/partnership/campaigns/native-l1-vs-phone-620600-649", "seed": 620635, "paired": {"declaring_delta": 0, "defending_delta": 0, "wins": 0, "losses": 0, "ties": 2, "seed_delta": 0}, "completed": 36}
{"path": "/Users/jason/code/texas-42-partnership-launch/experiments/partnership/campaigns/native-l1-vs-phone-620600-649", "seed": 620636, "paired": {"declaring_delta": 1, "defending_delta": 0, "wins": 1, "losses": 0, "ties": 1, "seed_delta": 1}, "completed": 37}
{"path": "/Users/jason/code/texas-42-partnership-launch/experiments/partnership/campaigns/native-l1-vs-phone-620600-649", "seed": 620637, "paired": {"declaring_delta": 0, "defending_delta": 0, "wins": 0, "losses": 0, "ties": 2, "seed_delta": 0}, "completed": 38}
{"path": "/Users/jason/code/texas-42-partnership-launch/experiments/partnership/campaigns/native-l1-vs-phone-620600-649", "seed": 620638, "paired": {"declaring_delta": 0, "defending_delta": 0, "wins": 0, "losses": 0, "ties": 2, "seed_delta": 0}, "completed": 39}
{"path": "/Users/jason/code/texas-42-partnership-launch/experiments/partnership/campaigns/native-l1-vs-phone-620600-649", "seed": 620639, "paired": {"declaring_delta": 0, "defending_delta": 0, "wins": 0, "losses": 0, "ties": 2, "seed_delta": 0}, "completed": 40}
{"path": "/Users/jason/code/texas-42-partnership-launch/experiments/partnership/campaigns/native-l1-vs-phone-620600-649", "seed": 620640, "paired": {"declaring_delta": 0, "defending_delta": 0, "wins": 0, "losses": 0, "ties": 2, "seed_delta": 0}, "completed": 41}
{"path": "/Users/jason/code/texas-42-partnership-launch/experiments/partnership/campaigns/native-l1-vs-phone-620600-649", "seed": 620641, "paired": {"declaring_delta": 0, "defending_delta": 0, "wins": 0, "losses": 0, "ties": 2, "seed_delta": 0}, "completed": 42}
{"path": "/Users/jason/code/texas-42-partnership-launch/experiments/partnership/campaigns/native-l1-vs-phone-620600-649", "seed": 620642, "paired": {"declaring_delta": 0, "defending_delta": 0, "wins": 0, "losses": 0, "ties": 2, "seed_delta": 0}, "completed": 43}
{"path": "/Users/jason/code/texas-42-partnership-launch/experiments/partnership/campaigns/native-l1-vs-phone-620600-649", "seed": 620643, "paired": {"declaring_delta": 0, "defending_delta": 0, "wins": 0, "losses": 0, "ties": 2, "seed_delta": 0}, "completed": 44}
{"path": "/Users/jason/code/texas-42-partnership-launch/experiments/partnership/campaigns/native-l1-vs-phone-620600-649", "seed": 620644, "paired": {"declaring_delta": 0, "defending_delta": 0, "wins": 0, "losses": 0, "ties": 2, "seed_delta": 0}, "completed": 45}
{"path": "/Users/jason/code/texas-42-partnership-launch/experiments/partnership/campaigns/native-l1-vs-phone-620600-649", "seed": 620645, "paired": {"declaring_delta": 0, "defending_delta": -1, "wins": 0, "losses": 1, "ties": 1, "seed_delta": -1}, "completed": 46}
{"path": "/Users/jason/code/texas-42-partnership-launch/experiments/partnership/campaigns/native-l1-vs-phone-620600-649", "seed": 620646, "paired": {"declaring_delta": 0, "defending_delta": 0, "wins": 0, "losses": 0, "ties": 2, "seed_delta": 0}, "completed": 47}
{"path": "/Users/jason/code/texas-42-partnership-launch/experiments/partnership/campaigns/native-l1-vs-phone-620600-649", "seed": 620647, "paired": {"declaring_delta": 0, "defending_delta": 0, "wins": 0, "losses": 0, "ties": 2, "seed_delta": 0}, "completed": 48}
{"path": "/Users/jason/code/texas-42-partnership-launch/experiments/partnership/campaigns/native-l1-vs-phone-620600-649", "seed": 620648, "paired": {"declaring_delta": 1, "defending_delta": -1, "wins": 1, "losses": 1, "ties": 0, "seed_delta": 0}, "completed": 49}
{"path": "/Users/jason/code/texas-42-partnership-launch/experiments/partnership/campaigns/native-l1-vs-phone-620600-649", "seed": 620649, "paired": {"declaring_delta": 0, "defending_delta": 0, "wins": 0, "losses": 0, "ties": 2, "seed_delta": 0}, "completed": 50}
{"id": "pool-d4184295-4650-4944-bf73-0cdd7ef9ab08", "started_utc": "2026-09-06T22:12:09.086561+00:00", "status": "slice-complete", "workers": 10, "seconds": 270, "retries": 2, "paths": ["/Users/jason/code/texas-42-partnership-launch/experiments/partnership/campaigns/native-l1-vs-phone-620600-649"], "scheduler_sha256": "31326feef97929f7e1f66a39422dee0e840ba8cc06ba60ea557f5f7aacee10c0", "committed": {"/Users/jason/code/texas-42-partnership-launch/experiments/partnership/campaigns/native-l1-vs-phone-620600-649": [620600, 620601, 620602, 620603, 620604, 620605, 620606, 620607, 620608, 620609, 620610, 620611, 620612, 620613, 620614, 620615, 620616, 620617, 620618, 620619, 620620, 620621, 620622, 620623, 620624, 620625, 620626, 620627, 620628, 620629, 620630, 620631, 620632, 620633, 620634, 620635, 620636, 620637, 620638, 620639, 620640, 620641, 620642, 620643, 620644, 620645, 620646, 620647, 620648, 620649]}, "attempts": 150, "peak_active_games": 10, "elapsed_seconds": 202.037304458, "finished_utc": "2026-09-06T22:15:31.125448+00:00"}
