{"path": "/Users/jason/code/texas-42-partnership-launch/experiments/partnership/campaigns/random-420600-699", "seed": 420681, "paired": {"declaring_delta": 0, "defending_delta": 0, "wins": 0, "losses": 0, "ties": 2, "seed_delta": 0}, "completed": 82}
{"path": "/Users/jason/code/texas-42-partnership-launch/experiments/partnership/campaigns/random-420600-699", "seed": 420682, "paired": {"declaring_delta": 1, "defending_delta": 0, "wins": 1, "losses": 0, "ties": 1, "seed_delta": 1}, "completed": 83}
{"path": "/Users/jason/code/texas-42-partnership-launch/experiments/partnership/campaigns/random-420600-699", "seed": 420683, "paired": {"declaring_delta": 0, "defending_delta": 0, "wins": 0, "losses": 0, "ties": 2, "seed_delta": 0}, "completed": 84}
{"path": "/Users/jason/code/texas-42-partnership-launch/experiments/partnership/campaigns/random-420600-699", "seed": 420684, "paired": {"declaring_delta": 1, "defending_delta": 0, "wins": 1, "losses": 0, "ties": 1, "seed_delta": 1}, "completed": 85}
{"path": "/Users/jason/code/texas-42-partnership-launch/experiments/partnership/campaigns/random-420600-699", "seed": 420685, "paired": {"declaring_delta": -1, "defending_delta": 0, "wins": 0, "losses": 1, "ties": 1, "seed_delta": -1}, "completed": 86}
{"path": "/Users/jason/code/texas-42-partnership-launch/experiments/partnership/campaigns/random-420600-699", "seed": 420686, "paired": {"declaring_delta": 0, "defending_delta": 0, "wins": 0, "losses": 0, "ties": 2, "seed_delta": 0}, "completed": 87}
{"path": "/Users/jason/code/texas-42-partnership-launch/experiments/partnership/campaigns/random-420600-699", "seed": 420687, "paired": {"declaring_delta": 0, "defending_delta": 0, "wins": 0, "losses": 0, "ties": 2, "seed_delta": 0}, "completed": 88}
{"path": "/Users/jason/code/texas-42-partnership-launch/experiments/partnership/campaigns/random-420600-699", "seed": 420688, "paired": {"declaring_delta": 0, "defending_delta": 0, "wins": 0, "losses": 0, "ties": 2, "seed_delta": 0}, "completed": 89}
{"path": "/Users/jason/code/texas-42-partnership-launch/experiments/partnership/campaigns/random-420600-699", "seed": 420689, "paired": {"declaring_delta": 0, "defending_delta": 1, "wins": 1, "losses": 0, "ties": 1, "seed_delta": 1}, "completed": 90}
{"path": "/Users/jason/code/texas-42-partnership-launch/experiments/partnership/campaigns/random-420600-699", "seed": 420690, "paired": {"declaring_delta": 1, "defending_delta": -1, "wins": 1, "losses": 1, "ties": 0, "seed_delta": 0}, "completed": 91}
{"path": "/Users/jason/code/texas-42-partnership-launch/experiments/partnership/campaigns/random-420600-699", "seed": 420691, "paired": {"declaring_delta": 0, "defending_delta": 0, "wins": 0, "losses": 0, "ties": 2, "seed_delta": 0}, "completed": 92}
{"path": "/Users/jason/code/texas-42-partnership-launch/experiments/partnership/campaigns/random-420600-699", "seed": 420692, "paired": {"declaring_delta": -1, "defending_delta": 0, "wins": 0, "losses": 1, "ties": 1, "seed_delta": -1}, "completed": 93}
{"path": "/Users/jason/code/texas-42-partnership-launch/experiments/partnership/campaigns/random-420600-699", "seed": 420693, "paired": {"declaring_delta": -1, "defending_delta": 0, "wins": 0, "losses": 1, "ties": 1, "seed_delta": -1}, "completed": 94}
{"path": "/Users/jason/code/texas-42-partnership-launch/experiments/partnership/campaigns/random-420600-699", "seed": 420694, "paired": {"declaring_delta": -1, "defending_delta": 1, "wins": 1, "losses": 1, "ties": 0, "seed_delta": 0}, "completed": 95}
{"path": "/Users/jason/code/texas-42-partnership-launch/experiments/partnership/campaigns/random-420600-699", "seed": 420695, "paired": {"declaring_delta": 0, "defending_delta": -1, "wins": 0, "losses": 1, "ties": 1, "seed_delta": -1}, "completed": 96}
{"path": "/Users/jason/code/texas-42-partnership-launch/experiments/partnership/campaigns/random-420600-699", "seed": 420696, "paired": {"declaring_delta": 0, "defending_delta": 0, "wins": 0, "losses": 0, "ties": 2, "seed_delta": 0}, "completed": 97}
{"path": "/Users/jason/code/texas-42-partnership-launch/experiments/partnership/campaigns/random-420600-699", "seed": 420697, "paired": {"declaring_delta": 0, "defending_delta": 0, "wins": 0, "losses": 0, "ties": 2, "seed_delta": 0}, "completed": 98}
{"path": "/Users/jason/code/texas-42-partnership-launch/experiments/partnership/campaigns/random-420600-699", "seed": 420698, "paired": {"declaring_delta": 0, "defending_delta": 0, "wins": 0, "losses": 0, "ties": 2, "seed_delta": 0}, "completed": 99}
{"path": "/Users/jason/code/texas-42-partnership-launch/experiments/partnership/campaigns/random-420600-699", "seed": 420699, "paired": {"declaring_delta": 0, "defending_delta": 0, "wins": 0, "losses": 0, "ties": 2, "seed_delta": 0}, "completed": 100}
{"id": "pool-a8edf1c2-d27b-4e76-9b20-f0459dfc26ba", "started_utc": "2026-09-06T18:48:03.969877+00:00", "status": "slice-complete", "workers": 10, "seconds": 260, "retries": 2, "paths": ["/Users/jason/code/texas-42-partnership-launch/experiments/partnership/campaigns/random-420600-699"], "scheduler_sha256": "31326feef97929f7e1f66a39422dee0e840ba8cc06ba60ea557f5f7aacee10c0", "committed": {"/Users/jason/code/texas-42-partnership-launch/experiments/partnership/campaigns/random-420600-699": [420681, 420682, 420683, 420684, 420685, 420686, 420687, 420688, 420689, 420690, 420691, 420692, 420693, 420694, 420695, 420696, 420697, 420698, 420699]}, "attempts": 44, "peak_active_games": 10, "elapsed_seconds": 100.728806458, "finished_utc": "2026-09-06T18:49:44.698979+00:00"}
