{
  "planned": 15,
  "completed": 15,
  "statuses": {
    "completed": 15
  },
  "source_cases": [
    100,
    101,
    104,
    105,
    107,
    126,
    127,
    128,
    132,
    133,
    165,
    166,
    167,
    206,
    211
  ],
  "tapes": 60,
  "root_action_vectors_compared": 780,
  "all_complete_vectors_equal": true,
  "elapsed_seconds": 7.3945951249999995,
  "refused_attempt_seconds": 0,
  "universal_compile_us": 2416510.708,
  "universal_route_us": 51185.501000000004,
  "universal_reduce_13_bids_us": 283062.708,
  "reference_13_bids_us": 907951.5450000002,
  "adaptive_compile_us": 339847.37000000005,
  "adaptive_route_us": 2619.793,
  "adaptive_reduce_13_bids_us": 233089.378,
  "reference_bid30_us": 121633.458,
  "universal_reduce_bid30_us": 25917.245999999996,
  "adaptive_reduce_bid30_us": 19187.125000000004,
  "universal_nodes": 592717,
  "union_used_coordinates": 58835,
  "unused_coordinates": 533882,
  "union_used_support_incidences": 71816,
  "tape_coordinate_visits": 73104,
  "universal_max_python_object_bytes": 64894815,
  "note": "Python research timing, each vector uses same frozen worlds and tape; no phone strength or speed claim. Includes compile costs explicitly; universal graph may hit node/time cap."
}
