{"path": "/Users/jason/code/texas-42-partnership-launch/experiments/partnership/campaigns/worlds-520600-699", "seed": 520600, "paired": {"declaring_delta": 1, "defending_delta": 0, "wins": 1, "losses": 0, "ties": 1, "seed_delta": 1}, "completed": 1}
{"path": "/Users/jason/code/texas-42-partnership-launch/experiments/partnership/campaigns/worlds-520600-699", "seed": 520601, "paired": {"declaring_delta": -1, "defending_delta": 0, "wins": 0, "losses": 1, "ties": 1, "seed_delta": -1}, "completed": 2}
{"path": "/Users/jason/code/texas-42-partnership-launch/experiments/partnership/campaigns/worlds-520600-699", "seed": 520602, "paired": {"declaring_delta": 0, "defending_delta": 0, "wins": 0, "losses": 0, "ties": 2, "seed_delta": 0}, "completed": 3}
{"path": "/Users/jason/code/texas-42-partnership-launch/experiments/partnership/campaigns/worlds-520600-699", "seed": 520603, "paired": {"declaring_delta": -1, "defending_delta": 0, "wins": 0, "losses": 1, "ties": 1, "seed_delta": -1}, "completed": 4}
{"path": "/Users/jason/code/texas-42-partnership-launch/experiments/partnership/campaigns/worlds-520600-699", "seed": 520604, "paired": {"declaring_delta": 0, "defending_delta": 0, "wins": 0, "losses": 0, "ties": 2, "seed_delta": 0}, "completed": 5}
{"path": "/Users/jason/code/texas-42-partnership-launch/experiments/partnership/campaigns/worlds-520600-699", "seed": 520605, "paired": {"declaring_delta": 0, "defending_delta": 0, "wins": 0, "losses": 0, "ties": 2, "seed_delta": 0}, "completed": 6}
{"path": "/Users/jason/code/texas-42-partnership-launch/experiments/partnership/campaigns/worlds-520600-699", "seed": 520606, "paired": {"declaring_delta": 0, "defending_delta": -1, "wins": 0, "losses": 1, "ties": 1, "seed_delta": -1}, "completed": 7}
{"path": "/Users/jason/code/texas-42-partnership-launch/experiments/partnership/campaigns/worlds-520600-699", "seed": 520607, "paired": {"declaring_delta": 0, "defending_delta": -1, "wins": 0, "losses": 1, "ties": 1, "seed_delta": -1}, "completed": 8}
{"path": "/Users/jason/code/texas-42-partnership-launch/experiments/partnership/campaigns/worlds-520600-699", "seed": 520608, "paired": {"declaring_delta": 0, "defending_delta": -1, "wins": 0, "losses": 1, "ties": 1, "seed_delta": -1}, "completed": 9}
{"path": "/Users/jason/code/texas-42-partnership-launch/experiments/partnership/campaigns/worlds-520600-699", "seed": 520609, "paired": {"declaring_delta": 0, "defending_delta": 0, "wins": 0, "losses": 0, "ties": 2, "seed_delta": 0}, "completed": 10}
{"path": "/Users/jason/code/texas-42-partnership-launch/experiments/partnership/campaigns/worlds-520600-699", "seed": 520610, "paired": {"declaring_delta": 0, "defending_delta": 0, "wins": 0, "losses": 0, "ties": 2, "seed_delta": 0}, "completed": 11}
{"path": "/Users/jason/code/texas-42-partnership-launch/experiments/partnership/campaigns/worlds-520600-699", "seed": 520611, "paired": {"declaring_delta": 0, "defending_delta": 0, "wins": 0, "losses": 0, "ties": 2, "seed_delta": 0}, "completed": 12}
{"path": "/Users/jason/code/texas-42-partnership-launch/experiments/partnership/campaigns/worlds-520600-699", "seed": 520612, "paired": {"declaring_delta": 0, "defending_delta": 0, "wins": 0, "losses": 0, "ties": 2, "seed_delta": 0}, "completed": 13}
{"path": "/Users/jason/code/texas-42-partnership-launch/experiments/partnership/campaigns/worlds-520600-699", "seed": 520613, "paired": {"declaring_delta": 0, "defending_delta": -1, "wins": 0, "losses": 1, "ties": 1, "seed_delta": -1}, "completed": 14}
{"path": "/Users/jason/code/texas-42-partnership-launch/experiments/partnership/campaigns/worlds-520600-699", "seed": 520614, "paired": {"declaring_delta": 0, "defending_delta": 0, "wins": 0, "losses": 0, "ties": 2, "seed_delta": 0}, "completed": 15}
{"path": "/Users/jason/code/texas-42-partnership-launch/experiments/partnership/campaigns/worlds-520600-699", "seed": 520615, "paired": {"declaring_delta": 0, "defending_delta": 1, "wins": 1, "losses": 0, "ties": 1, "seed_delta": 1}, "completed": 16}
{"path": "/Users/jason/code/texas-42-partnership-launch/experiments/partnership/campaigns/worlds-520600-699", "seed": 520616, "paired": {"declaring_delta": 0, "defending_delta": 0, "wins": 0, "losses": 0, "ties": 2, "seed_delta": 0}, "completed": 17}
{"path": "/Users/jason/code/texas-42-partnership-launch/experiments/partnership/campaigns/worlds-520600-699", "seed": 520617, "paired": {"declaring_delta": 0, "defending_delta": 0, "wins": 0, "losses": 0, "ties": 2, "seed_delta": 0}, "completed": 18}
{"path": "/Users/jason/code/texas-42-partnership-launch/experiments/partnership/campaigns/worlds-520600-699", "seed": 520618, "paired": {"declaring_delta": 0, "defending_delta": 0, "wins": 0, "losses": 0, "ties": 2, "seed_delta": 0}, "completed": 19}
{"path": "/Users/jason/code/texas-42-partnership-launch/experiments/partnership/campaigns/worlds-520600-699", "seed": 520619, "paired": {"declaring_delta": -1, "defending_delta": 0, "wins": 0, "losses": 1, "ties": 1, "seed_delta": -1}, "completed": 20}
{"path": "/Users/jason/code/texas-42-partnership-launch/experiments/partnership/campaigns/worlds-520600-699", "seed": 520620, "paired": {"declaring_delta": -1, "defending_delta": 0, "wins": 0, "losses": 1, "ties": 1, "seed_delta": -1}, "completed": 21}
{"path": "/Users/jason/code/texas-42-partnership-launch/experiments/partnership/campaigns/worlds-520600-699", "seed": 520621, "paired": {"declaring_delta": 0, "defending_delta": 0, "wins": 0, "losses": 0, "ties": 2, "seed_delta": 0}, "completed": 22}
{"path": "/Users/jason/code/texas-42-partnership-launch/experiments/partnership/campaigns/worlds-520600-699", "seed": 520622, "paired": {"declaring_delta": 0, "defending_delta": 0, "wins": 0, "losses": 0, "ties": 2, "seed_delta": 0}, "completed": 23}
{"path": "/Users/jason/code/texas-42-partnership-launch/experiments/partnership/campaigns/worlds-520600-699", "seed": 520623, "paired": {"declaring_delta": -1, "defending_delta": 1, "wins": 1, "losses": 1, "ties": 0, "seed_delta": 0}, "completed": 24}
{"path": "/Users/jason/code/texas-42-partnership-launch/experiments/partnership/campaigns/worlds-520600-699", "seed": 520624, "paired": {"declaring_delta": -1, "defending_delta": 0, "wins": 0, "losses": 1, "ties": 1, "seed_delta": -1}, "completed": 25}
{"path": "/Users/jason/code/texas-42-partnership-launch/experiments/partnership/campaigns/worlds-520600-699", "seed": 520625, "paired": {"declaring_delta": 1, "defending_delta": -1, "wins": 1, "losses": 1, "ties": 0, "seed_delta": 0}, "completed": 26}
{"path": "/Users/jason/code/texas-42-partnership-launch/experiments/partnership/campaigns/worlds-520600-699", "seed": 520626, "paired": {"declaring_delta": 0, "defending_delta": 0, "wins": 0, "losses": 0, "ties": 2, "seed_delta": 0}, "completed": 27}
{"path": "/Users/jason/code/texas-42-partnership-launch/experiments/partnership/campaigns/worlds-520600-699", "seed": 520627, "paired": {"declaring_delta": 0, "defending_delta": 0, "wins": 0, "losses": 0, "ties": 2, "seed_delta": 0}, "completed": 28}
{"path": "/Users/jason/code/texas-42-partnership-launch/experiments/partnership/campaigns/worlds-520600-699", "seed": 520628, "paired": {"declaring_delta": 0, "defending_delta": 0, "wins": 0, "losses": 0, "ties": 2, "seed_delta": 0}, "completed": 29}
{"path": "/Users/jason/code/texas-42-partnership-launch/experiments/partnership/campaigns/worlds-520600-699", "seed": 520629, "paired": {"declaring_delta": -1, "defending_delta": 1, "wins": 1, "losses": 1, "ties": 0, "seed_delta": 0}, "completed": 30}
{"path": "/Users/jason/code/texas-42-partnership-launch/experiments/partnership/campaigns/worlds-520600-699", "seed": 520630, "paired": {"declaring_delta": 0, "defending_delta": 0, "wins": 0, "losses": 0, "ties": 2, "seed_delta": 0}, "completed": 31}
{"path": "/Users/jason/code/texas-42-partnership-launch/experiments/partnership/campaigns/worlds-520600-699", "seed": 520631, "paired": {"declaring_delta": 0, "defending_delta": 1, "wins": 1, "losses": 0, "ties": 1, "seed_delta": 1}, "completed": 32}
{"path": "/Users/jason/code/texas-42-partnership-launch/experiments/partnership/campaigns/worlds-520600-699", "seed": 520632, "paired": {"declaring_delta": 0, "defending_delta": 0, "wins": 0, "losses": 0, "ties": 2, "seed_delta": 0}, "completed": 33}
{"path": "/Users/jason/code/texas-42-partnership-launch/experiments/partnership/campaigns/worlds-520600-699", "seed": 520633, "paired": {"declaring_delta": 0, "defending_delta": 0, "wins": 0, "losses": 0, "ties": 2, "seed_delta": 0}, "completed": 34}
{"path": "/Users/jason/code/texas-42-partnership-launch/experiments/partnership/campaigns/worlds-520600-699", "seed": 520634, "paired": {"declaring_delta": 0, "defending_delta": 0, "wins": 0, "losses": 0, "ties": 2, "seed_delta": 0}, "completed": 35}
{"path": "/Users/jason/code/texas-42-partnership-launch/experiments/partnership/campaigns/worlds-520600-699", "seed": 520635, "paired": {"declaring_delta": 0, "defending_delta": 0, "wins": 0, "losses": 0, "ties": 2, "seed_delta": 0}, "completed": 36}
{"path": "/Users/jason/code/texas-42-partnership-launch/experiments/partnership/campaigns/worlds-520600-699", "seed": 520636, "paired": {"declaring_delta": 0, "defending_delta": 0, "wins": 0, "losses": 0, "ties": 2, "seed_delta": 0}, "completed": 37}
{"path": "/Users/jason/code/texas-42-partnership-launch/experiments/partnership/campaigns/worlds-520600-699", "seed": 520637, "paired": {"declaring_delta": 0, "defending_delta": -1, "wins": 0, "losses": 1, "ties": 1, "seed_delta": -1}, "completed": 38}
{"path": "/Users/jason/code/texas-42-partnership-launch/experiments/partnership/campaigns/worlds-520600-699", "seed": 520638, "paired": {"declaring_delta": -1, "defending_delta": 0, "wins": 0, "losses": 1, "ties": 1, "seed_delta": -1}, "completed": 39}
{"path": "/Users/jason/code/texas-42-partnership-launch/experiments/partnership/campaigns/worlds-520600-699", "seed": 520639, "paired": {"declaring_delta": 0, "defending_delta": 0, "wins": 0, "losses": 0, "ties": 2, "seed_delta": 0}, "completed": 40}
{"id": "pool-d0df5e5e-7f12-4078-b0a8-ef4d2643d077", "started_utc": "2026-09-06T20:25:27.996694+00:00", "status": "slice-complete", "workers": 10, "seconds": 260, "retries": 2, "paths": ["/Users/jason/code/texas-42-partnership-launch/experiments/partnership/campaigns/random-420600-699", "/Users/jason/code/texas-42-partnership-launch/experiments/partnership/campaigns/worlds-520600-699"], "scheduler_sha256": "31326feef97929f7e1f66a39422dee0e840ba8cc06ba60ea557f5f7aacee10c0", "committed": {"/Users/jason/code/texas-42-partnership-launch/experiments/partnership/campaigns/random-420600-699": [], "/Users/jason/code/texas-42-partnership-launch/experiments/partnership/campaigns/worlds-520600-699": [520600, 520601, 520602, 520603, 520604, 520605, 520606, 520607, 520608, 520609, 520610, 520611, 520612, 520613, 520614, 520615, 520616, 520617, 520618, 520619, 520620, 520621, 520622, 520623, 520624, 520625, 520626, 520627, 520628, 520629, 520630, 520631, 520632, 520633, 520634, 520635, 520636, 520637, 520638, 520639]}, "attempts": 144, "peak_active_games": 10, "elapsed_seconds": 262.834687458, "finished_utc": "2026-09-06T20:29:50.821338+00:00"}
