{"category":[{"category":"advantage","comparison":9,"gap_mass":1,"preferred":11}],"completed":"aa475e35b218c7d31d42","grade":null}
{"category":[],"completed":"e0c2cd57de64d2ffca27","grade":null}
{"category":[],"completed":"a72be4dd23d9a4456207","grade":null}
{"category":[{"category":"disadvantage","comparison":20,"gap_mass":2,"preferred":24}],"completed":"c7303b5625f244d93186","grade":null}
{"category":[{"category":"advantage","comparison":9,"gap_mass":4,"preferred":11}],"completed":"6e65aed248278f9eba6a","grade":null}
{"category":[],"completed":"ec85e1fc54aae89d8bea","grade":null}
{"category":[{"category":"advantage","comparison":9,"gap_mass":3,"preferred":15}],"completed":"5d94a343252b3d621691","grade":null}
{"category":[{"category":"disadvantage","comparison":8,"gap_mass":7,"preferred":2}],"completed":"0b290867226ae470118d","grade":null}
{"category":[],"completed":"bf7b6fe39358ae226415","grade":null}
{"category":[{"category":"advantage","comparison":18,"gap_mass":22,"preferred":15}],"completed":"073193109a65b085ff01","grade":null}
{"category":[],"completed":"cab85b78bb4eaa0fd9de","grade":null}
{"category":[],"completed":"3c6022232557700dd9de","grade":null}
{"category":[],"completed":"776e69a962b8e200e750","grade":null}
{"category":[],"completed":"be23e12860f9ee8aab55","grade":null}
{"category":[{"category":"advantage","comparison":4,"gap_mass":50,"preferred":11},{"category":"advantage","comparison":14,"gap_mass":50,"preferred":11}],"completed":"6a091df415d6125c06c3","grade":null}
{"category":[],"completed":"ffb95bf54087d4ef95de","grade":null}
{"category":[],"completed":"e3a69f110db77f4a2e24","grade":null}
{"category":[],"completed":"c80fee36e02144cde2bd","grade":null}
{"category":[{"category":"advantage","comparison":14,"gap_mass":5,"preferred":25},{"category":"advantage","comparison":19,"gap_mass":2,"preferred":25}],"completed":"b172da0ccc15f0ce10ea","grade":null}
{"category":[{"category":"advantage","comparison":3,"gap_mass":2,"preferred":8}],"completed":"8f15e49aff34c6ece47d","grade":null}
{"category":[{"category":"advantage","comparison":24,"gap_mass":14,"preferred":8},{"category":"advantage","comparison":19,"gap_mass":12,"preferred":8}],"completed":"2240eb96b5bbb473bb81","grade":null}
{"category":[{"category":"disadvantage","comparison":15,"gap_mass":2,"preferred":9}],"completed":"04a6a6c59bdffd126196","grade":null}
{"category":[],"completed":"a2d69b2812c09b1c7f6e","grade":null}
{"category":[{"category":"disadvantage","comparison":11,"gap_mass":2,"preferred":14}],"completed":"a1b51467369008148eaa","grade":null}
{"category":[],"completed":"d50c66a635cad3ba9be5","grade":null}
{"category":[],"completed":"d039f585f7c63434b92d","grade":null}
{"category":[{"category":"advantage","comparison":24,"gap_mass":6,"preferred":11},{"category":"advantage","comparison":27,"gap_mass":6,"preferred":11}],"completed":"8fc6c5de053d99dbe66c","grade":null}
{"category":[],"completed":"64591f574aa2ae4f2369","grade":null}
{"category":[],"completed":"6ca945756419d3bc2c49","grade":null}
{"category":[{"category":"advantage","comparison":27,"gap_mass":18,"preferred":11},{"category":"advantage","comparison":24,"gap_mass":6,"preferred":11}],"completed":"d7078f6c26e422334e99","grade":null}
{"category":[{"category":"advantage","comparison":19,"gap_mass":2,"preferred":25}],"completed":"f65f3e8ba7d881687624","grade":null}
{"category":[{"category":"advantage","comparison":19,"gap_mass":78,"preferred":25},{"category":"advantage","comparison":26,"gap_mass":73,"preferred":25}],"completed":"7362298d364f08f1dca7","grade":null}
{"category":[{"category":"disadvantage","comparison":8,"gap_mass":7,"preferred":6}],"completed":"a5a4cc385d9152df1c08","grade":null}
{"category":[],"completed":"bfcf1accaa92f0cfa46d","grade":null}
{"category":[],"completed":"5f6bd112240c6d8f7ee1","grade":null}
{"category":[{"category":"advantage","comparison":19,"gap_mass":9,"preferred":20},{"category":"advantage","comparison":26,"gap_mass":1,"preferred":20}],"completed":"1fd7abcd26b247e97768","grade":null}
{"category":[{"category":"disadvantage","comparison":15,"gap_mass":2,"preferred":2},{"category":"disadvantage","comparison":15,"gap_mass":2,"preferred":3}],"completed":"be5bc06fe19a7be618aa","grade":null}
{"category":[{"category":"advantage","comparison":19,"gap_mass":49,"preferred":25},{"category":"advantage","comparison":26,"gap_mass":39,"preferred":25}],"completed":"d886b076b66d41caa8c0","grade":null}
{"category":[{"category":"advantage","comparison":12,"gap_mass":46,"preferred":25},{"category":"advantage","comparison":23,"gap_mass":46,"preferred":25}],"completed":"b981108dd94e2aa89d0e","grade":null}
{"category":[{"category":"disadvantage","comparison":20,"gap_mass":2,"preferred":2}],"completed":"2076d74cedce4b276067","grade":null}
{"category":[],"completed":"163cfc1201dd3908689d","grade":null}
{"category":[{"category":"advantage","comparison":27,"gap_mass":2,"preferred":20}],"completed":"1451d7563d6569a8e298","grade":null}
{"category":[],"completed":"e4e9912e27f38a2a4306","grade":null}
{"category":[],"completed":"1591bfcae55cd717e843","grade":null}
{"category":[],"completed":"4a994a2fa5023123423e","grade":null}
{"category":[{"category":"advantage","comparison":5,"gap_mass":2,"preferred":20}],"completed":"8d3a5e17f85bbe53a4f9","grade":null}
{"category":[{"category":"disadvantage","comparison":8,"gap_mass":20,"preferred":6}],"completed":"91da83ab9625e461add3","grade":null}
{"category":[{"category":"disadvantage","comparison":20,"gap_mass":4,"preferred":19},{"category":"disadvantage","comparison":20,"gap_mass":4,"preferred":26}],"completed":"58370567ecdecc49590b","grade":null}
{"category":[{"category":"disadvantage","comparison":20,"gap_mass":2,"preferred":18}],"completed":"fa43d4b869bf997a50be","grade":null}
{"category":[],"completed":"0fb61dd92dae4a5a6b45","grade":null}
{"category":[{"category":"disadvantage","comparison":20,"gap_mass":7,"preferred":6}],"completed":"167e6c892f7513a2eb7e","grade":null}
{"category":[{"category":"advantage","comparison":17,"gap_mass":25,"preferred":25},{"category":"advantage","comparison":23,"gap_mass":22,"preferred":25}],"completed":"ee30983d84bbee35fc79","grade":null}
{"category":[],"completed":"443524e4cc47987f146d","grade":null}
{"category":[{"category":"disadvantage","comparison":8,"gap_mass":1,"preferred":24}],"completed":"96bd95c851aacc1f243f","grade":null}
{"category":[{"category":"advantage","comparison":2,"gap_mass":22,"preferred":15},{"category":"advantage","comparison":0,"gap_mass":15,"preferred":15}],"completed":"30613b49d0a267261101","grade":null}
{"category":[],"completed":"098fe16dfe7882ce9f32","grade":null}
{"category":[{"category":"disadvantage","comparison":20,"gap_mass":10,"preferred":12},{"category":"disadvantage","comparison":20,"gap_mass":10,"preferred":27}],"completed":"c0effcdb69b9f5319615","grade":null}
{"category":[{"category":"advantage","comparison":27,"gap_mass":22,"preferred":20}],"completed":"e5686e3fd20302b6d96b","grade":null}
{"category":[{"category":"advantage","comparison":18,"gap_mass":21,"preferred":11},{"category":"advantage","comparison":26,"gap_mass":12,"preferred":11}],"completed":"e7b2e341354a390faa39","grade":null}
{"category":[],"completed":"88bd33b8857f1de430d2","grade":null}
